Archive member included to satisfy reference by file (symbol)

/Applications/ArmGNUToolchain/13.3.rel1/arm-none-eabi/bin/../lib/gcc/arm-none-eabi/13.3.1/thumb/v7e-m/nofp/libgcc.a(_arm_addsubdf3.o)
                              CMakeFiles/stm_sequencer_411-RE.elf.dir/Core/Src/app/sequencer.c.obj (__aeabi_ui2d)
/Applications/ArmGNUToolchain/13.3.rel1/arm-none-eabi/bin/../lib/gcc/arm-none-eabi/13.3.1/thumb/v7e-m/nofp/libgcc.a(_arm_fixunsdfsi.o)
                              CMakeFiles/stm_sequencer_411-RE.elf.dir/Core/Src/app/sequencer.c.obj (__aeabi_d2uiz)
/Applications/ArmGNUToolchain/13.3.rel1/arm-none-eabi/bin/../lib/gcc/arm-none-eabi/13.3.1/thumb/v7e-m/nofp/libgcc.a(_aeabi_uldivmod.o)
                              CMakeFiles/stm_sequencer_411-RE.elf.dir/Drivers/STM32F4xx_HAL_Driver/Src/stm32f4xx_hal_rcc.c.obj (__aeabi_uldivmod)
/Applications/ArmGNUToolchain/13.3.rel1/arm-none-eabi/bin/../lib/gcc/arm-none-eabi/13.3.1/thumb/v7e-m/nofp/libgcc.a(_udivmoddi4.o)
                              /Applications/ArmGNUToolchain/13.3.rel1/arm-none-eabi/bin/../lib/gcc/arm-none-eabi/13.3.1/thumb/v7e-m/nofp/libgcc.a(_aeabi_uldivmod.o) (__udivmoddi4)
/Applications/ArmGNUToolchain/13.3.rel1/arm-none-eabi/bin/../lib/gcc/arm-none-eabi/13.3.1/thumb/v7e-m/nofp/libgcc.a(_dvmd_tls.o)
                              /Applications/ArmGNUToolchain/13.3.rel1/arm-none-eabi/bin/../lib/gcc/arm-none-eabi/13.3.1/thumb/v7e-m/nofp/libgcc.a(_aeabi_uldivmod.o) (__aeabi_ldiv0)
/Applications/ArmGNUToolchain/13.3.rel1/arm-none-eabi/bin/../lib/gcc/arm-none-eabi/13.3.1/../../../../arm-none-eabi/lib/thumb/v7e-m/nofp/libg.a(libc_a-exit.o)
                              /Applications/ArmGNUToolchain/13.3.rel1/arm-none-eabi/bin/../lib/gcc/arm-none-eabi/13.3.1/../../../../arm-none-eabi/lib/thumb/v7e-m/nofp/crt0.o (exit)
/Applications/ArmGNUToolchain/13.3.rel1/arm-none-eabi/bin/../lib/gcc/arm-none-eabi/13.3.1/../../../../arm-none-eabi/lib/thumb/v7e-m/nofp/libg.a(libc_a-malloc.o)
                              CMakeFiles/stm_sequencer_411-RE.elf.dir/Core/Src/app/command_queue.c.obj (malloc)
/Applications/ArmGNUToolchain/13.3.rel1/arm-none-eabi/bin/../lib/gcc/arm-none-eabi/13.3.1/../../../../arm-none-eabi/lib/thumb/v7e-m/nofp/libg.a(libc_a-mallocr.o)
                              /Applications/ArmGNUToolchain/13.3.rel1/arm-none-eabi/bin/../lib/gcc/arm-none-eabi/13.3.1/../../../../arm-none-eabi/lib/thumb/v7e-m/nofp/libg.a(libc_a-malloc.o) (_malloc_r)
/Applications/ArmGNUToolchain/13.3.rel1/arm-none-eabi/bin/../lib/gcc/arm-none-eabi/13.3.1/../../../../arm-none-eabi/lib/thumb/v7e-m/nofp/libg.a(libc_a-mlock.o)
                              /Applications/ArmGNUToolchain/13.3.rel1/arm-none-eabi/bin/../lib/gcc/arm-none-eabi/13.3.1/../../../../arm-none-eabi/lib/thumb/v7e-m/nofp/libg.a(libc_a-mallocr.o) (__malloc_lock)
/Applications/ArmGNUToolchain/13.3.rel1/arm-none-eabi/bin/../lib/gcc/arm-none-eabi/13.3.1/../../../../arm-none-eabi/lib/thumb/v7e-m/nofp/libg.a(libc_a-findfp.o)
                              /Applications/ArmGNUToolchain/13.3.rel1/arm-none-eabi/bin/../lib/gcc/arm-none-eabi/13.3.1/../../../../arm-none-eabi/lib/thumb/v7e-m/nofp/libg.a(libc_a-exit.o) (__stdio_exit_handler)
/Applications/ArmGNUToolchain/13.3.rel1/arm-none-eabi/bin/../lib/gcc/arm-none-eabi/13.3.1/../../../../arm-none-eabi/lib/thumb/v7e-m/nofp/libg.a(libc_a-memset.o)
                              /Applications/ArmGNUToolchain/13.3.rel1/arm-none-eabi/bin/../lib/gcc/arm-none-eabi/13.3.1/../../../../arm-none-eabi/lib/thumb/v7e-m/nofp/crt0.o (memset)
/Applications/ArmGNUToolchain/13.3.rel1/arm-none-eabi/bin/../lib/gcc/arm-none-eabi/13.3.1/../../../../arm-none-eabi/lib/thumb/v7e-m/nofp/libg.a(libc_a-impure.o)
                              /Applications/ArmGNUToolchain/13.3.rel1/arm-none-eabi/bin/../lib/gcc/arm-none-eabi/13.3.1/../../../../arm-none-eabi/lib/thumb/v7e-m/nofp/libg.a(libc_a-malloc.o) (_impure_ptr)
/Applications/ArmGNUToolchain/13.3.rel1/arm-none-eabi/bin/../lib/gcc/arm-none-eabi/13.3.1/../../../../arm-none-eabi/lib/thumb/v7e-m/nofp/libg.a(libc_a-sbrkr.o)
                              /Applications/ArmGNUToolchain/13.3.rel1/arm-none-eabi/bin/../lib/gcc/arm-none-eabi/13.3.1/../../../../arm-none-eabi/lib/thumb/v7e-m/nofp/libg.a(libc_a-mallocr.o) (_sbrk_r)
/Applications/ArmGNUToolchain/13.3.rel1/arm-none-eabi/bin/../lib/gcc/arm-none-eabi/13.3.1/../../../../arm-none-eabi/lib/thumb/v7e-m/nofp/libg.a(libc_a-errno.o)
                              CMakeFiles/stm_sequencer_411-RE.elf.dir/Core/Src/syscalls.c.obj (__errno)
/Applications/ArmGNUToolchain/13.3.rel1/arm-none-eabi/bin/../lib/gcc/arm-none-eabi/13.3.1/../../../../arm-none-eabi/lib/thumb/v7e-m/nofp/libg.a(libc_a-sysconf.o)
                              /Applications/ArmGNUToolchain/13.3.rel1/arm-none-eabi/bin/../lib/gcc/arm-none-eabi/13.3.1/../../../../arm-none-eabi/lib/thumb/v7e-m/nofp/libg.a(libc_a-mallocr.o) (sysconf)
[...]
Memory Configuration

Name             Origin             Length             Attributes
RAM              0x20000000         0x00020000         xrw
FLASH            0x08000000         0x00080000         xr
*default*        0x00000000         0xffffffff

Linker script and memory map

LOAD /Applications/ArmGNUToolchain/13.3.rel1/arm-none-eabi/bin/../lib/gcc/arm-none-eabi/13.3.1/thumb/v7e-m/nofp/crti.o
LOAD /Applications/ArmGNUToolchain/13.3.rel1/arm-none-eabi/bin/../lib/gcc/arm-none-eabi/13.3.1/thumb/v7e-m/nofp/crtbegin.o
LOAD /Applications/ArmGNUToolchain/13.3.rel1/arm-none-eabi/bin/../lib/gcc/arm-none-eabi/13.3.1/../../../../arm-none-eabi/lib/thumb/v7e-m/nofp/crt0.o
LOAD CMakeFiles/stm_sequencer_411-RE.elf.dir/Core/Src/app/command_queue.c.obj
LOAD CMakeFiles/stm_sequencer_411-RE.elf.dir/Core/Src/app/encoder.c.obj
LOAD CMakeFiles/stm_sequencer_411-RE.elf.dir/Core/Src/app/main_app.c.obj
LOAD CMakeFiles/stm_sequencer_411-RE.elf.dir/Core/Src/app/mcp4822.c.obj
LOAD CMakeFiles/stm_sequencer_411-RE.elf.dir/Core/Src/app/sequencer.c.obj
LOAD CMakeFiles/stm_sequencer_411-RE.elf.dir/Core/Src/app/ui.c.obj
LOAD CMakeFiles/stm_sequencer_411-RE.elf.dir/Core/Src/main.c.obj
LOAD CMakeFiles/stm_sequencer_411-RE.elf.dir/Core/Src/stm32f4xx_hal_msp.c.obj
LOAD CMakeFiles/stm_sequencer_411-RE.elf.dir/Core/Src/stm32f4xx_it.c.obj
LOAD CMakeFiles/stm_sequencer_411-RE.elf.dir/Core/Src/syscalls.c.obj
LOAD CMakeFiles/stm_sequencer_411-RE.elf.dir/Core/Src/sysmem.c.obj
LOAD CMakeFiles/stm_sequencer_411-RE.elf.dir/Core/Src/system_stm32f4xx.c.obj
LOAD CMakeFiles/stm_sequencer_411-RE.elf.dir/Core/Startup/startup_stm32f411retx.s.obj
LOAD CMakeFiles/stm_sequencer_411-RE.elf.dir/Drivers/STM32F4xx_HAL_Driver/Src/stm32f4xx_hal.c.obj
LOAD CMakeFiles/stm_sequencer_411-RE.elf.dir/Drivers/STM32F4xx_HAL_Driver/Src/stm32f4xx_hal_adc.c.obj
LOAD CMakeFiles/stm_sequencer_411-RE.elf.dir/Drivers/STM32F4xx_HAL_Driver/Src/stm32f4xx_hal_adc_ex.c.obj
LOAD CMakeFiles/stm_sequencer_411-RE.elf.dir/Drivers/STM32F4xx_HAL_Driver/Src/stm32f4xx_hal_cortex.c.obj
LOAD CMakeFiles/stm_sequencer_411-RE.elf.dir/Drivers/STM32F4xx_HAL_Driver/Src/stm32f4xx_hal_dma.c.obj
LOAD CMakeFiles/stm_sequencer_411-RE.elf.dir/Drivers/STM32F4xx_HAL_Driver/Src/stm32f4xx_hal_dma_ex.c.obj
LOAD CMakeFiles/stm_sequencer_411-RE.elf.dir/Drivers/STM32F4xx_HAL_Driver/Src/stm32f4xx_hal_exti.c.obj
LOAD CMakeFiles/stm_sequencer_411-RE.elf.dir/Drivers/STM32F4xx_HAL_Driver/Src/stm32f4xx_hal_flash.c.obj
LOAD CMakeFiles/stm_sequencer_411-RE.elf.dir/Drivers/STM32F4xx_HAL_Driver/Src/stm32f4xx_hal_flash_ex.c.obj
LOAD CMakeFiles/stm_sequencer_411-RE.elf.dir/Drivers/STM32F4xx_HAL_Driver/Src/stm32f4xx_hal_flash_ramfunc.c.obj
LOAD CMakeFiles/stm_sequencer_411-RE.elf.dir/Drivers/STM32F4xx_HAL_Driver/Src/stm32f4xx_hal_gpio.c.obj
LOAD CMakeFiles/stm_sequencer_411-RE.elf.dir/Drivers/STM32F4xx_HAL_Driver/Src/stm32f4xx_hal_pwr.c.obj
LOAD CMakeFiles/stm_sequencer_411-RE.elf.dir/Drivers/STM32F4xx_HAL_Driver/Src/stm32f4xx_hal_pwr_ex.c.obj
LOAD CMakeFiles/stm_sequencer_411-RE.elf.dir/Drivers/STM32F4xx_HAL_Driver/Src/stm32f4xx_hal_rcc.c.obj
LOAD CMakeFiles/stm_sequencer_411-RE.elf.dir/Drivers/STM32F4xx_HAL_Driver/Src/stm32f4xx_hal_rcc_ex.c.obj
LOAD CMakeFiles/stm_sequencer_411-RE.elf.dir/Drivers/STM32F4xx_HAL_Driver/Src/stm32f4xx_hal_spi.c.obj
LOAD CMakeFiles/stm_sequencer_411-RE.elf.dir/Drivers/STM32F4xx_HAL_Driver/Src/stm32f4xx_hal_tim.c.obj
LOAD CMakeFiles/stm_sequencer_411-RE.elf.dir/Drivers/STM32F4xx_HAL_Driver/Src/stm32f4xx_hal_tim_ex.c.obj
LOAD CMakeFiles/stm_sequencer_411-RE.elf.dir/Drivers/STM32F4xx_HAL_Driver/Src/stm32f4xx_ll_adc.c.obj
START GROUP
LOAD /Applications/ArmGNUToolchain/13.3.rel1/arm-none-eabi/bin/../lib/gcc/arm-none-eabi/13.3.1/thumb/v7e-m/nofp/libgcc.a
LOAD /Applications/ArmGNUToolchain/13.3.rel1/arm-none-eabi/bin/../lib/gcc/arm-none-eabi/13.3.1/../../../../arm-none-eabi/lib/thumb/v7e-m/nofp/libg.a
LOAD /Applications/ArmGNUToolchain/13.3.rel1/arm-none-eabi/bin/../lib/gcc/arm-none-eabi/13.3.1/../../../../arm-none-eabi/lib/thumb/v7e-m/nofp/libc.a
END GROUP
LOAD /Applications/ArmGNUToolchain/13.3.rel1/arm-none-eabi/bin/../lib/gcc/arm-none-eabi/13.3.1/thumb/v7e-m/nofp/crtend.o
LOAD /Applications/ArmGNUToolchain/13.3.rel1/arm-none-eabi/bin/../lib/gcc/arm-none-eabi/13.3.1/thumb/v7e-m/nofp/crtn.o
                0x20020000                        _estack = (ORIGIN (RAM) + LENGTH (RAM))
                0x00000200                        _Min_Heap_Size = 0x200
                0x00000400                        _Min_Stack_Size = 0x400

.isr_vector     0x08000000      0x198
                0x08000000                        . = ALIGN (0x4)
 *(.isr_vector)
 .isr_vector    0x08000000      0x198 CMakeFiles/stm_sequencer_411-RE.elf.dir/Core/Startup/startup_stm32f411retx.s.obj
                0x08000000                g_pfnVectors
                0x08000198                        . = ALIGN (0x4)

.text           0x08000198     0x3660
                0x08000198                        . = ALIGN (0x4)
 *(.text)
 .text          0x08000198      0x378 /Applications/ArmGNUToolchain/13.3.rel1/arm-none-eabi/bin/../lib/gcc/arm-none-eabi/13.3.1/thumb/v7e-m/nofp/libgcc.a(_arm_addsubdf3.o)
                0x08000198                __aeabi_drsub
                0x080001a0                __subdf3
                0x080001a0                __aeabi_dsub
                0x080001a4                __aeabi_dadd
                0x080001a4                __adddf3
                0x0800041c                __aeabi_ui2d
                0x0800041c                __floatunsidf
                0x0800043c                __floatsidf
                0x0800043c                __aeabi_i2d
                0x08000460                __extendsfdf2
                0x08000460                __aeabi_f2d
                0x080004a4                __aeabi_ul2d
                0x080004a4                __floatundidf
                0x080004b4                __aeabi_l2d
                0x080004b4                __floatdidf
 .text          0x08000510       0x40 /Applications/ArmGNUToolchain/13.3.rel1/arm-none-eabi/bin/../lib/gcc/arm-none-eabi/13.3.1/thumb/v7e-m/nofp/libgcc.a(_arm_fixunsdfsi.o)
                0x08000510                __fixunsdfsi
                0x08000510                __aeabi_d2uiz
 .text          0x08000550       0x30 /Applications/ArmGNUToolchain/13.3.rel1/arm-none-eabi/bin/../lib/gcc/arm-none-eabi/13.3.1/thumb/v7e-m/nofp/libgcc.a(_aeabi_uldivmod.o)
                0x08000550                __aeabi_uldivmod
 .text          0x08000580        0x4 /Applications/ArmGNUToolchain/13.3.rel1/arm-none-eabi/bin/../lib/gcc/arm-none-eabi/13.3.1/thumb/v7e-m/nofp/libgcc.a(_dvmd_tls.o)
                0x08000580                __aeabi_ldiv0
                0x08000580                __aeabi_idiv0
 .text          0x08000584      0x110 /Applications/ArmGNUToolchain/13.3.rel1/arm-none-eabi/bin/../lib/gcc/arm-none-eabi/13.3.1/thumb/v7e-m/nofp/libgcc.a(_arm_cmpdf2.o)
                0x08000584                __gedf2
                0x08000584                __gtdf2
                0x0800058c                __ledf2
                0x0800058c                __ltdf2
                0x08000594                __cmpdf2
                0x08000594                __eqdf2
                0x08000594                __nedf2
                0x08000610                __aeabi_cdrcmple
                0x08000620                __aeabi_cdcmple
                0x08000620                __aeabi_cdcmpeq
                0x08000630                __aeabi_dcmpeq
                0x08000644                __aeabi_dcmplt
                0x08000658                __aeabi_dcmple
                0x0800066c                __aeabi_dcmpge
                0x08000680                __aeabi_dcmpgt
 *(.text*)
 .text.deregister_tm_clones
                0x08000694       0x1c /Applications/ArmGNUToolchain/13.3.rel1/arm-none-eabi/bin/../lib/gcc/arm-none-eabi/13.3.1/thumb/v7e-m/nofp/crtbegin.o
 .text.register_tm_clones
                0x080006b0       0x24 /Applications/ArmGNUToolchain/13.3.rel1/arm-none-eabi/bin/../lib/gcc/arm-none-eabi/13.3.1/thumb/v7e-m/nofp/crtbegin.o
 .text.__do_global_dtors_aux
                0x080006d4       0x28 /Applications/ArmGNUToolchain/13.3.rel1/arm-none-eabi/bin/../lib/gcc/arm-none-eabi/13.3.1/thumb/v7e-m/nofp/crtbegin.o
 .text.frame_dummy
                0x080006fc       0x24 /Applications/ArmGNUToolchain/13.3.rel1/arm-none-eabi/bin/../lib/gcc/arm-none-eabi/13.3.1/thumb/v7e-m/nofp/crtbegin.o
 .text.command_queue_u8_free
                0x08000720       0x18 CMakeFiles/stm_sequencer_411-RE.elf.dir/Core/Src/app/command_queue.c.obj
                0x08000720                command_queue_u8_free
 .text.command_queue_init
                0x08000738       0x32 CMakeFiles/stm_sequencer_411-RE.elf.dir/Core/Src/app/command_queue.c.obj
                0x08000738                command_queue_init
 .text.command_queue_push
                0x0800076a       0x32 CMakeFiles/stm_sequencer_411-RE.elf.dir/Core/Src/app/command_queue.c.obj
                0x0800076a                command_queue_push
 .text.command_queue_pop
                0x0800079c       0x26 CMakeFiles/stm_sequencer_411-RE.elf.dir/Core/Src/app/command_queue.c.obj
                0x0800079c                command_queue_pop
 .text.encoder_init
                0x080007c2        0xa CMakeFiles/stm_sequencer_411-RE.elf.dir/Core/Src/app/encoder.c.obj
                0x080007c2                encoder_init
 .text.encoder_handle_timer_interrupt
                0x080007cc       0x3a CMakeFiles/stm_sequencer_411-RE.elf.dir/Core/Src/app/encoder.c.obj
                0x080007cc                encoder_handle_timer_interrupt
 .text.get_chan_config
                0x08000806        0x6 CMakeFiles/stm_sequencer_411-RE.elf.dir/Core/Src/app/mcp4822.c.obj
 .text.mcp4822_init
                0x0800080c       0x14 CMakeFiles/stm_sequencer_411-RE.elf.dir/Core/Src/app/mcp4822.c.obj
                0x0800080c                mcp4822_init
 .text.mcp4822_write_value
                0x08000820       0x72 CMakeFiles/stm_sequencer_411-RE.elf.dir/Core/Src/app/mcp4822.c.obj
                0x08000820                mcp4822_write_value
 .text.sequencer_init
                0x08000892       0x50 CMakeFiles/stm_sequencer_411-RE.elf.dir/Core/Src/app/sequencer.c.obj
                0x08000892                sequencer_init
 .text.getVoltageForScale
                0x080008e2        0x8 CMakeFiles/stm_sequencer_411-RE.elf.dir/Core/Src/app/sequencer.c.obj
                0x080008e2                getVoltageForScale
 *fill*         0x080008ea        0x2 
 .text.sequencer_run
                0x080008ec       0xe8 CMakeFiles/stm_sequencer_411-RE.elf.dir/Core/Src/app/sequencer.c.obj
                0x080008ec                sequencer_run
 .text.ui_init  0x080009d4       0x10 CMakeFiles/stm_sequencer_411-RE.elf.dir/Core/Src/app/ui.c.obj
                0x080009d4                ui_init
 .text.do_next  0x080009e4       0x3c CMakeFiles/stm_sequencer_411-RE.elf.dir/Core/Src/app/ui.c.obj
                0x080009e4                do_next
 .text.do_prev  0x08000a20       0x3c CMakeFiles/stm_sequencer_411-RE.elf.dir/Core/Src/app/ui.c.obj
                0x08000a20                do_prev
 .text.do_click
                0x08000a5c       0x2c CMakeFiles/stm_sequencer_411-RE.elf.dir/Core/Src/app/ui.c.obj
                0x08000a5c                do_click
 .text.ui_run   0x08000a88       0x4e CMakeFiles/stm_sequencer_411-RE.elf.dir/Core/Src/app/ui.c.obj
                0x08000a88                ui_run
 *fill*         0x08000ad6        0x2 
 .text.MX_GPIO_Init
                0x08000ad8      0x110 CMakeFiles/stm_sequencer_411-RE.elf.dir/Core/Src/main.c.obj
 .text.HAL_TIM_IC_CaptureCallback
                0x08000be8       0x10 CMakeFiles/stm_sequencer_411-RE.elf.dir/Core/Src/main.c.obj
                0x08000be8                HAL_TIM_IC_CaptureCallback
 .text.Error_Handler
                0x08000bf8        0x4 CMakeFiles/stm_sequencer_411-RE.elf.dir/Core/Src/main.c.obj
                0x08000bf8                Error_Handler
 .text.MX_ADC1_Init
                0x08000bfc       0x68 CMakeFiles/stm_sequencer_411-RE.elf.dir/Core/Src/main.c.obj
 .text.MX_SPI1_Init
                0x08000c64       0x48 CMakeFiles/stm_sequencer_411-RE.elf.dir/Core/Src/main.c.obj
 .text.MX_SPI4_Init
                0x08000cac       0x44 CMakeFiles/stm_sequencer_411-RE.elf.dir/Core/Src/main.c.obj
 .text.MX_TIM3_Init
                0x08000cf0       0x60 CMakeFiles/stm_sequencer_411-RE.elf.dir/Core/Src/main.c.obj
 .text.MX_TIM4_Init
                0x08000d50       0x60 CMakeFiles/stm_sequencer_411-RE.elf.dir/Core/Src/main.c.obj
 .text.MX_TIM5_Init
                0x08000db0       0x68 CMakeFiles/stm_sequencer_411-RE.elf.dir/Core/Src/main.c.obj
 .text.SystemClock_Config
                0x08000e18       0x88 CMakeFiles/stm_sequencer_411-RE.elf.dir/Core/Src/main.c.obj
                0x08000e18                SystemClock_Config
 .text.main     0x08000ea0       0xf8 CMakeFiles/stm_sequencer_411-RE.elf.dir/Core/Src/main.c.obj
                0x08000ea0                main
 .text.HAL_MspInit
                0x08000f98       0x38 CMakeFiles/stm_sequencer_411-RE.elf.dir/Core/Src/stm32f4xx_hal_msp.c.obj
                0x08000f98                HAL_MspInit
 .text.HAL_ADC_MspInit
                0x08000fd0       0x68 CMakeFiles/stm_sequencer_411-RE.elf.dir/Core/Src/stm32f4xx_hal_msp.c.obj
                0x08000fd0                HAL_ADC_MspInit
 .text.HAL_SPI_MspInit
                0x08001038       0xec CMakeFiles/stm_sequencer_411-RE.elf.dir/Core/Src/stm32f4xx_hal_msp.c.obj
                0x08001038                HAL_SPI_MspInit
 .text.HAL_TIM_Encoder_MspInit
                0x08001124       0xd8 CMakeFiles/stm_sequencer_411-RE.elf.dir/Core/Src/stm32f4xx_hal_msp.c.obj
                0x08001124                HAL_TIM_Encoder_MspInit
 .text.HAL_TIM_Base_MspInit
                0x080011fc       0x30 CMakeFiles/stm_sequencer_411-RE.elf.dir/Core/Src/stm32f4xx_hal_msp.c.obj
                0x080011fc                HAL_TIM_Base_MspInit
 .text.NMI_Handler
                0x0800122c        0x2 CMakeFiles/stm_sequencer_411-RE.elf.dir/Core/Src/stm32f4xx_it.c.obj
                0x0800122c                NMI_Handler
 .text.HardFault_Handler
                0x0800122e        0x2 CMakeFiles/stm_sequencer_411-RE.elf.dir/Core/Src/stm32f4xx_it.c.obj
                0x0800122e                HardFault_Handler
 .text.MemManage_Handler
                0x08001230        0x2 CMakeFiles/stm_sequencer_411-RE.elf.dir/Core/Src/stm32f4xx_it.c.obj
                0x08001230                MemManage_Handler
 .text.BusFault_Handler
                0x08001232        0x2 CMakeFiles/stm_sequencer_411-RE.elf.dir/Core/Src/stm32f4xx_it.c.obj
                0x08001232                BusFault_Handler
 .text.UsageFault_Handler
                0x08001234        0x2 CMakeFiles/stm_sequencer_411-RE.elf.dir/Core/Src/stm32f4xx_it.c.obj
                0x08001234                UsageFault_Handler
 .text.SVC_Handler
                0x08001236        0x2 CMakeFiles/stm_sequencer_411-RE.elf.dir/Core/Src/stm32f4xx_it.c.obj
                0x08001236                SVC_Handler
 .text.DebugMon_Handler
                0x08001238        0x2 CMakeFiles/stm_sequencer_411-RE.elf.dir/Core/Src/stm32f4xx_it.c.obj
                0x08001238                DebugMon_Handler
 .text.PendSV_Handler
                0x0800123a        0x2 CMakeFiles/stm_sequencer_411-RE.elf.dir/Core/Src/stm32f4xx_it.c.obj
                0x0800123a                PendSV_Handler
 .text.SysTick_Handler
                0x0800123c        0x8 CMakeFiles/stm_sequencer_411-RE.elf.dir/Core/Src/stm32f4xx_it.c.obj
                0x0800123c                SysTick_Handler
 .text.TIM3_IRQHandler
                0x08001244       0x10 CMakeFiles/stm_sequencer_411-RE.elf.dir/Core/Src/stm32f4xx_it.c.obj
                0x08001244                TIM3_IRQHandler
 .text.TIM4_IRQHandler
                0x08001254       0x10 CMakeFiles/stm_sequencer_411-RE.elf.dir/Core/Src/stm32f4xx_it.c.obj
                0x08001254                TIM4_IRQHandler
 .text._sbrk    0x08001264       0x48 CMakeFiles/stm_sequencer_411-RE.elf.dir/Core/Src/sysmem.c.obj
                0x08001264                _sbrk
 .text.SystemInit
                0x080012ac        0x2 CMakeFiles/stm_sequencer_411-RE.elf.dir/Core/Src/system_stm32f4xx.c.obj
                0x080012ac                SystemInit
 *fill*         0x080012ae        0x2 
 .text.Reset_Handler
                0x080012b0       0x50 CMakeFiles/stm_sequencer_411-RE.elf.dir/Core/Startup/startup_stm32f411retx.s.obj
                0x080012b0                Reset_Handler
 .text.Default_Handler
                0x08001300        0x2 CMakeFiles/stm_sequencer_411-RE.elf.dir/Core/Startup/startup_stm32f411retx.s.obj
                0x08001300                DMA1_Stream3_IRQHandler
                0x08001300                EXTI2_IRQHandler
                0x08001300                SPI4_IRQHandler
                0x08001300                TIM1_CC_IRQHandler
                0x08001300                DMA2_Stream5_IRQHandler
                0x08001300                DMA1_Stream5_IRQHandler
                0x08001300                PVD_IRQHandler
                0x08001300                SDIO_IRQHandler
                0x08001300                TAMP_STAMP_IRQHandler
                0x08001300                EXTI3_IRQHandler
                0x08001300                TIM1_UP_TIM10_IRQHandler
                0x08001300                I2C3_ER_IRQHandler
                0x08001300                EXTI0_IRQHandler
                0x08001300                I2C2_EV_IRQHandler
                0x08001300                DMA1_Stream2_IRQHandler
                0x08001300                FPU_IRQHandler
                0x08001300                DMA2_Stream2_IRQHandler
                0x08001300                SPI1_IRQHandler
                0x08001300                TIM1_BRK_TIM9_IRQHandler
                0x08001300                DMA2_Stream3_IRQHandler
                0x08001300                USART6_IRQHandler
                0x08001300                DMA2_Stream0_IRQHandler
                0x08001300                I2C1_EV_IRQHandler
                0x08001300                DMA1_Stream6_IRQHandler
                0x08001300                DMA1_Stream1_IRQHandler
                0x08001300                RCC_IRQHandler
                0x08001300                Default_Handler
                0x08001300                EXTI15_10_IRQHandler
                0x08001300                ADC_IRQHandler
                0x08001300                DMA1_Stream7_IRQHandler
                0x08001300                SPI5_IRQHandler
                0x08001300                TIM5_IRQHandler
                0x08001300                DMA2_Stream7_IRQHandler
                0x08001300                I2C3_EV_IRQHandler
                0x08001300                EXTI9_5_IRQHandler
                0x08001300                RTC_WKUP_IRQHandler
                0x08001300                SPI2_IRQHandler
                0x08001300                DMA1_Stream0_IRQHandler
                0x08001300                EXTI4_IRQHandler
                0x08001300                WWDG_IRQHandler
                0x08001300                TIM2_IRQHandler
                0x08001300                OTG_FS_WKUP_IRQHandler
                0x08001300                TIM1_TRG_COM_TIM11_IRQHandler
                0x08001300                EXTI1_IRQHandler
                0x08001300                USART2_IRQHandler
                0x08001300                I2C2_ER_IRQHandler
                0x08001300                DMA2_Stream1_IRQHandler
                0x08001300                FLASH_IRQHandler
                0x08001300                DMA2_Stream4_IRQHandler
                0x08001300                USART1_IRQHandler
                0x08001300                OTG_FS_IRQHandler
                0x08001300                SPI3_IRQHandler
                0x08001300                DMA1_Stream4_IRQHandler
                0x08001300                I2C1_ER_IRQHandler
                0x08001300                DMA2_Stream6_IRQHandler
                0x08001300                RTC_Alarm_IRQHandler
 *fill*         0x08001302        0x2 
 .text.HAL_InitTick
                0x08001304       0x4c CMakeFiles/stm_sequencer_411-RE.elf.dir/Drivers/STM32F4xx_HAL_Driver/Src/stm32f4xx_hal.c.obj
                0x08001304                HAL_InitTick
 .text.HAL_Init
                0x08001350       0x34 CMakeFiles/stm_sequencer_411-RE.elf.dir/Drivers/STM32F4xx_HAL_Driver/Src/stm32f4xx_hal.c.obj
                0x08001350                HAL_Init
 .text.HAL_IncTick
                0x08001384       0x18 CMakeFiles/stm_sequencer_411-RE.elf.dir/Drivers/STM32F4xx_HAL_Driver/Src/stm32f4xx_hal.c.obj
                0x08001384                HAL_IncTick
 .text.HAL_GetTick
                0x0800139c        0xc CMakeFiles/stm_sequencer_411-RE.elf.dir/Drivers/STM32F4xx_HAL_Driver/Src/stm32f4xx_hal.c.obj
                0x0800139c                HAL_GetTick
 .text.HAL_Delay
                0x080013a8       0x28 CMakeFiles/stm_sequencer_411-RE.elf.dir/Drivers/STM32F4xx_HAL_Driver/Src/stm32f4xx_hal.c.obj
                0x080013a8                HAL_Delay
 .text.ADC_Init
                0x080013d0      0x134 CMakeFiles/stm_sequencer_411-RE.elf.dir/Drivers/STM32F4xx_HAL_Driver/Src/stm32f4xx_hal_adc.c.obj
 .text.HAL_ADC_Init
                0x08001504       0x56 CMakeFiles/stm_sequencer_411-RE.elf.dir/Drivers/STM32F4xx_HAL_Driver/Src/stm32f4xx_hal_adc.c.obj
                0x08001504                HAL_ADC_Init
 *fill*         0x0800155a        0x2 
 .text.HAL_ADC_ConfigChannel
                0x0800155c      0x1ac CMakeFiles/stm_sequencer_411-RE.elf.dir/Drivers/STM32F4xx_HAL_Driver/Src/stm32f4xx_hal_adc.c.obj
                0x0800155c                HAL_ADC_ConfigChannel
 .text.__NVIC_EnableIRQ
                0x08001708       0x1c CMakeFiles/stm_sequencer_411-RE.elf.dir/Drivers/STM32F4xx_HAL_Driver/Src/stm32f4xx_hal_cortex.c.obj
 .text.__NVIC_SetPriority
                0x08001724       0x28 CMakeFiles/stm_sequencer_411-RE.elf.dir/Drivers/STM32F4xx_HAL_Driver/Src/stm32f4xx_hal_cortex.c.obj
 .text.NVIC_EncodePriority
                0x0800174c       0x3e CMakeFiles/stm_sequencer_411-RE.elf.dir/Drivers/STM32F4xx_HAL_Driver/Src/stm32f4xx_hal_cortex.c.obj
 *fill*         0x0800178a        0x2 
 .text.HAL_NVIC_SetPriorityGrouping
                0x0800178c       0x24 CMakeFiles/stm_sequencer_411-RE.elf.dir/Drivers/STM32F4xx_HAL_Driver/Src/stm32f4xx_hal_cortex.c.obj
                0x0800178c                HAL_NVIC_SetPriorityGrouping
 .text.HAL_NVIC_SetPriority
                0x080017b0       0x20 CMakeFiles/stm_sequencer_411-RE.elf.dir/Drivers/STM32F4xx_HAL_Driver/Src/stm32f4xx_hal_cortex.c.obj
                0x080017b0                HAL_NVIC_SetPriority
 .text.HAL_NVIC_EnableIRQ
                0x080017d0        0x8 CMakeFiles/stm_sequencer_411-RE.elf.dir/Drivers/STM32F4xx_HAL_Driver/Src/stm32f4xx_hal_cortex.c.obj
                0x080017d0                HAL_NVIC_EnableIRQ
 .text.HAL_SYSTICK_Config
                0x080017d8       0x28 CMakeFiles/stm_sequencer_411-RE.elf.dir/Drivers/STM32F4xx_HAL_Driver/Src/stm32f4xx_hal_cortex.c.obj
                0x080017d8                HAL_SYSTICK_Config
 .text.HAL_GPIO_Init
                0x08001800      0x1d0 CMakeFiles/stm_sequencer_411-RE.elf.dir/Drivers/STM32F4xx_HAL_Driver/Src/stm32f4xx_hal_gpio.c.obj
                0x08001800                HAL_GPIO_Init
 .text.HAL_GPIO_WritePin
                0x080019d0        0xc CMakeFiles/stm_sequencer_411-RE.elf.dir/Drivers/STM32F4xx_HAL_Driver/Src/stm32f4xx_hal_gpio.c.obj
                0x080019d0                HAL_GPIO_WritePin
 .text.HAL_RCC_OscConfig
                0x080019dc      0x3f8 CMakeFiles/stm_sequencer_411-RE.elf.dir/Drivers/STM32F4xx_HAL_Driver/Src/stm32f4xx_hal_rcc.c.obj
                0x080019dc                HAL_RCC_OscConfig
 .text.HAL_RCC_GetSysClockFreq
                0x08001dd4       0xa8 CMakeFiles/stm_sequencer_411-RE.elf.dir/Drivers/STM32F4xx_HAL_Driver/Src/stm32f4xx_hal_rcc.c.obj
                0x08001dd4                HAL_RCC_GetSysClockFreq
 .text.HAL_RCC_ClockConfig
                0x08001e7c      0x160 CMakeFiles/stm_sequencer_411-RE.elf.dir/Drivers/STM32F4xx_HAL_Driver/Src/stm32f4xx_hal_rcc.c.obj
                0x08001e7c                HAL_RCC_ClockConfig
 .text.SPI_WaitFlagStateUntilTimeout
                0x08001fdc       0xc8 CMakeFiles/stm_sequencer_411-RE.elf.dir/Drivers/STM32F4xx_HAL_Driver/Src/stm32f4xx_hal_spi.c.obj
 .text.SPI_EndRxTxTransaction
                0x080020a4       0x80 CMakeFiles/stm_sequencer_411-RE.elf.dir/Drivers/STM32F4xx_HAL_Driver/Src/stm32f4xx_hal_spi.c.obj
 .text.HAL_SPI_Init
                0x08002124       0xbe CMakeFiles/stm_sequencer_411-RE.elf.dir/Drivers/STM32F4xx_HAL_Driver/Src/stm32f4xx_hal_spi.c.obj
                0x08002124                HAL_SPI_Init
 .text.HAL_SPI_Transmit
                0x080021e2      0x1c4 CMakeFiles/stm_sequencer_411-RE.elf.dir/Drivers/STM32F4xx_HAL_Driver/Src/stm32f4xx_hal_spi.c.obj
                0x080021e2                HAL_SPI_Transmit
 .text.TIM_TI1_ConfigInputStage
                0x080023a6       0x24 CMakeFiles/stm_sequencer_411-RE.elf.dir/Drivers/STM32F4xx_HAL_Driver/Src/stm32f4xx_hal_tim.c.obj
 .text.TIM_TI2_ConfigInputStage
                0x080023ca       0x26 CMakeFiles/stm_sequencer_411-RE.elf.dir/Drivers/STM32F4xx_HAL_Driver/Src/stm32f4xx_hal_tim.c.obj
 .text.TIM_ITRx_SetConfig
                0x080023f0       0x10 CMakeFiles/stm_sequencer_411-RE.elf.dir/Drivers/STM32F4xx_HAL_Driver/Src/stm32f4xx_hal_tim.c.obj
 .text.HAL_TIM_Base_Start
                0x08002400       0x6c CMakeFiles/stm_sequencer_411-RE.elf.dir/Drivers/STM32F4xx_HAL_Driver/Src/stm32f4xx_hal_tim.c.obj
                0x08002400                HAL_TIM_Base_Start
 .text.HAL_TIM_PeriodElapsedCallback
                0x0800246c        0x2 CMakeFiles/stm_sequencer_411-RE.elf.dir/Drivers/STM32F4xx_HAL_Driver/Src/stm32f4xx_hal_tim.c.obj
                0x0800246c                HAL_TIM_PeriodElapsedCallback
 .text.HAL_TIM_OC_DelayElapsedCallback
                0x0800246e        0x2 CMakeFiles/stm_sequencer_411-RE.elf.dir/Drivers/STM32F4xx_HAL_Driver/Src/stm32f4xx_hal_tim.c.obj
                0x0800246e                HAL_TIM_OC_DelayElapsedCallback
 .text.HAL_TIM_PWM_PulseFinishedCallback
                0x08002470        0x2 CMakeFiles/stm_sequencer_411-RE.elf.dir/Drivers/STM32F4xx_HAL_Driver/Src/stm32f4xx_hal_tim.c.obj
                0x08002470                HAL_TIM_PWM_PulseFinishedCallback
 .text.HAL_TIM_TriggerCallback
                0x08002472        0x2 CMakeFiles/stm_sequencer_411-RE.elf.dir/Drivers/STM32F4xx_HAL_Driver/Src/stm32f4xx_hal_tim.c.obj
                0x08002472                HAL_TIM_TriggerCallback
 .text.HAL_TIM_IRQHandler
                0x08002474      0x15e CMakeFiles/stm_sequencer_411-RE.elf.dir/Drivers/STM32F4xx_HAL_Driver/Src/stm32f4xx_hal_tim.c.obj
                0x08002474                HAL_TIM_IRQHandler
 *fill*         0x080025d2        0x2 
 .text.TIM_Base_SetConfig
                0x080025d4       0xac CMakeFiles/stm_sequencer_411-RE.elf.dir/Drivers/STM32F4xx_HAL_Driver/Src/stm32f4xx_hal_tim.c.obj
                0x080025d4                TIM_Base_SetConfig
 .text.HAL_TIM_Base_Init
                0x08002680       0x58 CMakeFiles/stm_sequencer_411-RE.elf.dir/Drivers/STM32F4xx_HAL_Driver/Src/stm32f4xx_hal_tim.c.obj
                0x08002680                HAL_TIM_Base_Init
 .text.HAL_TIM_Encoder_Init
                0x080026d8       0xb6 CMakeFiles/stm_sequencer_411-RE.elf.dir/Drivers/STM32F4xx_HAL_Driver/Src/stm32f4xx_hal_tim.c.obj
                0x080026d8                HAL_TIM_Encoder_Init
 .text.TIM_ETR_SetConfig
                0x0800278e       0x18 CMakeFiles/stm_sequencer_411-RE.elf.dir/Drivers/STM32F4xx_HAL_Driver/Src/stm32f4xx_hal_tim.c.obj
                0x0800278e                TIM_ETR_SetConfig
 .text.HAL_TIM_ConfigClockSource
                0x080027a6       0xfe CMakeFiles/stm_sequencer_411-RE.elf.dir/Drivers/STM32F4xx_HAL_Driver/Src/stm32f4xx_hal_tim.c.obj
                0x080027a6                HAL_TIM_ConfigClockSource
 .text.TIM_CCxChannelCmd
                0x080028a4       0x1e CMakeFiles/stm_sequencer_411-RE.elf.dir/Drivers/STM32F4xx_HAL_Driver/Src/stm32f4xx_hal_tim.c.obj
                0x080028a4                TIM_CCxChannelCmd
 .text.HAL_TIM_Encoder_Start_IT
                0x080028c2       0xf6 CMakeFiles/stm_sequencer_411-RE.elf.dir/Drivers/STM32F4xx_HAL_Driver/Src/stm32f4xx_hal_tim.c.obj
                0x080028c2                HAL_TIM_Encoder_Start_IT
 .text.HAL_TIMEx_MasterConfigSynchronization
                0x080029b8       0x7c CMakeFiles/stm_sequencer_411-RE.elf.dir/Drivers/STM32F4xx_HAL_Driver/Src/stm32f4xx_hal_tim_ex.c.obj
                0x080029b8                HAL_TIMEx_MasterConfigSynchronization
 .text.HAL_TIMEx_CommutCallback
                0x08002a34        0x2 CMakeFiles/stm_sequencer_411-RE.elf.dir/Drivers/STM32F4xx_HAL_Driver/Src/stm32f4xx_hal_tim_ex.c.obj
                0x08002a34                HAL_TIMEx_CommutCallback
 .text.HAL_TIMEx_BreakCallback
                0x08002a36        0x2 CMakeFiles/stm_sequencer_411-RE.elf.dir/Drivers/STM32F4xx_HAL_Driver/Src/stm32f4xx_hal_tim_ex.c.obj
                0x08002a36                HAL_TIMEx_BreakCallback
 .text.__udivmoddi4
                0x08002a38      0x2bc /Applications/ArmGNUToolchain/13.3.rel1/arm-none-eabi/bin/../lib/gcc/arm-none-eabi/13.3.1/thumb/v7e-m/nofp/libgcc.a(_udivmoddi4.o)
                0x08002a38                __udivmoddi4
 .text.malloc   0x08002cf4       0x10 /Applications/ArmGNUToolchain/13.3.rel1/arm-none-eabi/bin/../lib/gcc/arm-none-eabi/13.3.1/../../../../arm-none-eabi/lib/thumb/v7e-m/nofp/libg.a(libc_a-malloc.o)
                0x08002cf4                malloc
 .text.free     0x08002d04       0x10 /Applications/ArmGNUToolchain/13.3.rel1/arm-none-eabi/bin/../lib/gcc/arm-none-eabi/13.3.1/../../../../arm-none-eabi/lib/thumb/v7e-m/nofp/libg.a(libc_a-malloc.o)
                0x08002d04                free
 .text._malloc_r
                0x08002d14      0x564 /Applications/ArmGNUToolchain/13.3.rel1/arm-none-eabi/bin/../lib/gcc/arm-none-eabi/13.3.1/../../../../arm-none-eabi/lib/thumb/v7e-m/nofp/libg.a(libc_a-mallocr.o)
                0x08002d14                _malloc_r
 .text.__malloc_lock
                0x08003278        0xc /Applications/ArmGNUToolchain/13.3.rel1/arm-none-eabi/bin/../lib/gcc/arm-none-eabi/13.3.1/../../../../arm-none-eabi/lib/thumb/v7e-m/nofp/libg.a(libc_a-mlock.o)
                0x08003278                __malloc_lock
 .text.__malloc_unlock
                0x08003284        0xc /Applications/ArmGNUToolchain/13.3.rel1/arm-none-eabi/bin/../lib/gcc/arm-none-eabi/13.3.1/../../../../arm-none-eabi/lib/thumb/v7e-m/nofp/libg.a(libc_a-mlock.o)
                0x08003284                __malloc_unlock
 .text.memset   0x08003290       0xa4 /Applications/ArmGNUToolchain/13.3.rel1/arm-none-eabi/bin/../lib/gcc/arm-none-eabi/13.3.1/../../../../arm-none-eabi/lib/thumb/v7e-m/nofp/libg.a(libc_a-memset.o)
                0x08003290                memset
 .text._sbrk_r  0x08003334       0x24 /Applications/ArmGNUToolchain/13.3.rel1/arm-none-eabi/bin/../lib/gcc/arm-none-eabi/13.3.1/../../../../arm-none-eabi/lib/thumb/v7e-m/nofp/libg.a(libc_a-sbrkr.o)
                0x08003334                _sbrk_r
 .text.__errno  0x08003358        0xc /Applications/ArmGNUToolchain/13.3.rel1/arm-none-eabi/bin/../lib/gcc/arm-none-eabi/13.3.1/../../../../arm-none-eabi/lib/thumb/v7e-m/nofp/libg.a(libc_a-errno.o)
                0x08003358                __errno
 .text.sysconf  0x08003364       0x1c /Applications/ArmGNUToolchain/13.3.rel1/arm-none-eabi/bin/../lib/gcc/arm-none-eabi/13.3.1/../../../../arm-none-eabi/lib/thumb/v7e-m/nofp/libg.a(libc_a-sysconf.o)
                0x08003364                sysconf
 .text.__libc_init_array
                0x08003380       0x50 /Applications/ArmGNUToolchain/13.3.rel1/arm-none-eabi/bin/../lib/gcc/arm-none-eabi/13.3.1/../../../../arm-none-eabi/lib/thumb/v7e-m/nofp/libg.a(libc_a-init.o)
                0x08003380                __libc_init_array
 .text.__retarget_lock_acquire_recursive
                0x080033d0        0x4 /Applications/ArmGNUToolchain/13.3.rel1/arm-none-eabi/bin/../lib/gcc/arm-none-eabi/13.3.1/../../../../arm-none-eabi/lib/thumb/v7e-m/nofp/libg.a(libc_a-lock.o)
                0x080033d0                __retarget_lock_acquire_recursive
 .text.__retarget_lock_release_recursive
                0x080033d4        0x4 /Applications/ArmGNUToolchain/13.3.rel1/arm-none-eabi/bin/../lib/gcc/arm-none-eabi/13.3.1/../../../../arm-none-eabi/lib/thumb/v7e-m/nofp/libg.a(libc_a-lock.o)
                0x080033d4                __retarget_lock_release_recursive
 .text.startup.register_fini
                0x080033d8       0x14 /Applications/ArmGNUToolchain/13.3.rel1/arm-none-eabi/bin/../lib/gcc/arm-none-eabi/13.3.1/../../../../arm-none-eabi/lib/thumb/v7e-m/nofp/libg.a(libc_a-__call_atexit.o)
 .text.atexit   0x080033ec        0xc /Applications/ArmGNUToolchain/13.3.rel1/arm-none-eabi/bin/../lib/gcc/arm-none-eabi/13.3.1/../../../../arm-none-eabi/lib/thumb/v7e-m/nofp/libg.a(libc_a-atexit.o)
                0x080033ec                atexit
 .text._malloc_trim_r
                0x080033f8       0xb8 /Applications/ArmGNUToolchain/13.3.rel1/arm-none-eabi/bin/../lib/gcc/arm-none-eabi/13.3.1/../../../../arm-none-eabi/lib/thumb/v7e-m/nofp/libg.a(libc_a-freer.o)
                0x080033f8                _malloc_trim_r
 .text._free_r  0x080034b0      0x1f8 /Applications/ArmGNUToolchain/13.3.rel1/arm-none-eabi/bin/../lib/gcc/arm-none-eabi/13.3.1/../../../../arm-none-eabi/lib/thumb/v7e-m/nofp/libg.a(libc_a-freer.o)
                0x080034b0                _free_r
 .text.__libc_fini_array
                0x080036a8       0x28 /Applications/ArmGNUToolchain/13.3.rel1/arm-none-eabi/bin/../lib/gcc/arm-none-eabi/13.3.1/../../../../arm-none-eabi/lib/thumb/v7e-m/nofp/libg.a(libc_a-fini.o)
                0x080036a8                __libc_fini_array
 .text.__register_exitproc
                0x080036d0       0x80 /Applications/ArmGNUToolchain/13.3.rel1/arm-none-eabi/bin/../lib/gcc/arm-none-eabi/13.3.1/../../../../arm-none-eabi/lib/thumb/v7e-m/nofp/libg.a(libc_a-__atexit.o)
                0x080036d0                __register_exitproc
 .text.fmin     0x08003750       0x38 /Applications/ArmGNUToolchain/13.3.rel1/arm-none-eabi/bin/../lib/gcc/arm-none-eabi/13.3.1/../../../../arm-none-eabi/lib/thumb/v7e-m/nofp/libm.a(libm_a-s_fmin.o)
                0x08003750                fmin
 .text.__fpclassifyd
                0x08003788       0x58 /Applications/ArmGNUToolchain/13.3.rel1/arm-none-eabi/bin/../lib/gcc/arm-none-eabi/13.3.1/../../../../arm-none-eabi/lib/thumb/v7e-m/nofp/libm.a(libm_a-s_fpclassify.o)
                0x08003788                __fpclassifyd
 *(.glue_7)
 .glue_7        0x080037e0        0x0 linker stubs
 *(.glue_7t)
 .glue_7t       0x080037e0        0x0 linker stubs
 *(.eh_frame)
 .eh_frame      0x080037e0        0x0 /Applications/ArmGNUToolchain/13.3.rel1/arm-none-eabi/bin/../lib/gcc/arm-none-eabi/13.3.1/thumb/v7e-m/nofp/crtbegin.o
 *(.init)
 .init          0x080037e0        0x4 /Applications/ArmGNUToolchain/13.3.rel1/arm-none-eabi/bin/../lib/gcc/arm-none-eabi/13.3.1/thumb/v7e-m/nofp/crti.o
                0x080037e0                _init
 .init          0x080037e4        0x8 /Applications/ArmGNUToolchain/13.3.rel1/arm-none-eabi/bin/../lib/gcc/arm-none-eabi/13.3.1/thumb/v7e-m/nofp/crtn.o
 *(.fini)
 .fini          0x080037ec        0x4 /Applications/ArmGNUToolchain/13.3.rel1/arm-none-eabi/bin/../lib/gcc/arm-none-eabi/13.3.1/thumb/v7e-m/nofp/crti.o
                0x080037ec                _fini
 .fini          0x080037f0        0x8 /Applications/ArmGNUToolchain/13.3.rel1/arm-none-eabi/bin/../lib/gcc/arm-none-eabi/13.3.1/thumb/v7e-m/nofp/crtn.o
                0x080037f8                        . = ALIGN (0x4)
                0x080037f8                        _etext = .

.vfp11_veneer   0x080037f8        0x0
 .vfp11_veneer  0x080037f8        0x0 linker stubs

.v4_bx          0x080037f8        0x0
 .v4_bx         0x080037f8        0x0 linker stubs

.iplt           0x080037f8        0x0
 .iplt          0x080037f8        0x0 /Applications/ArmGNUToolchain/13.3.rel1/arm-none-eabi/bin/../lib/gcc/arm-none-eabi/13.3.1/thumb/v7e-m/nofp/crtbegin.o

.rodata         0x080037f8       0x10
                0x080037f8                        . = ALIGN (0x4)
 *(.rodata)
 *(.rodata*)
 .rodata.AHBPrescTable
                0x080037f8       0x10 CMakeFiles/stm_sequencer_411-RE.elf.dir/Core/Src/system_stm32f4xx.c.obj
                0x080037f8                AHBPrescTable
                0x08003808                        . = ALIGN (0x4)

.ARM.extab      0x08003808        0x0
                0x08003808                        . = ALIGN (0x4)
 *(.ARM.extab* .gnu.linkonce.armextab.*)
                0x08003808                        . = ALIGN (0x4)

.ARM            0x08003808        0x8
                0x08003808                        . = ALIGN (0x4)
                0x08003808                        __exidx_start = .
 *(.ARM.exidx*)
 .ARM.exidx.text.__udivmoddi4
                0x08003808        0x8 /Applications/ArmGNUToolchain/13.3.rel1/arm-none-eabi/bin/../lib/gcc/arm-none-eabi/13.3.1/thumb/v7e-m/nofp/libgcc.a(_udivmoddi4.o)
                0x08003810                        __exidx_end = .
                0x08003810                        . = ALIGN (0x4)

.preinit_array  0x08003810        0x0
                0x08003810                        . = ALIGN (0x4)
                0x08003810                        PROVIDE (__preinit_array_start = .)
 *(.preinit_array*)
                0x08003810                        PROVIDE (__preinit_array_end = .)
                0x08003810                        . = ALIGN (0x4)

.init_array     0x08003810        0x8
                0x08003810                        . = ALIGN (0x4)
                0x08003810                        PROVIDE (__init_array_start = .)
 *(SORT_BY_NAME(.init_array.*))
 .init_array.00000
                0x08003810        0x4 /Applications/ArmGNUToolchain/13.3.rel1/arm-none-eabi/bin/../lib/gcc/arm-none-eabi/13.3.1/../../../../arm-none-eabi/lib/thumb/v7e-m/nofp/libg.a(libc_a-__call_atexit.o)
 *(.init_array*)
 .init_array    0x08003814        0x4 /Applications/ArmGNUToolchain/13.3.rel1/arm-none-eabi/bin/../lib/gcc/arm-none-eabi/13.3.1/thumb/v7e-m/nofp/crtbegin.o
                0x08003818                        PROVIDE (__init_array_end = .)
                0x08003818                        . = ALIGN (0x4)

.fini_array     0x08003818        0x4
                0x08003818                        . = ALIGN (0x4)
                0x08003818                        PROVIDE (__fini_array_start = .)
 *(SORT_BY_NAME(.fini_array.*))
 *(.fini_array*)
 .fini_array    0x08003818        0x4 /Applications/ArmGNUToolchain/13.3.rel1/arm-none-eabi/bin/../lib/gcc/arm-none-eabi/13.3.1/thumb/v7e-m/nofp/crtbegin.o
                0x0800381c                        PROVIDE (__fini_array_end = .)
                0x0800381c                        . = ALIGN (0x4)
                0x0800381c                        _sidata = LOADADDR (.data)

.rel.dyn        0x0800381c        0x0
 .rel.iplt      0x0800381c        0x0 /Applications/ArmGNUToolchain/13.3.rel1/arm-none-eabi/bin/../lib/gcc/arm-none-eabi/13.3.1/thumb/v7e-m/nofp/crtbegin.o

.data           0x20000000      0x574 load address 0x0800381c
                0x20000000                        . = ALIGN (0x4)
                0x20000000                        _sdata = .
 *(.data)
 *(.data*)
 .data.CMinor   0x20000000        0xc CMakeFiles/stm_sequencer_411-RE.elf.dir/Core/Src/app/ui.c.obj
                0x20000000                CMinor
 .data.SystemCoreClock
                0x2000000c        0x4 CMakeFiles/stm_sequencer_411-RE.elf.dir/Core/Src/system_stm32f4xx.c.obj
                0x2000000c                SystemCoreClock
 .data.uwTickFreq
                0x20000010        0x1 CMakeFiles/stm_sequencer_411-RE.elf.dir/Drivers/STM32F4xx_HAL_Driver/Src/stm32f4xx_hal.c.obj
                0x20000010                uwTickFreq
 *fill*         0x20000011        0x3 
 .data.uwTickPrio
                0x20000014        0x4 CMakeFiles/stm_sequencer_411-RE.elf.dir/Drivers/STM32F4xx_HAL_Driver/Src/stm32f4xx_hal.c.obj
                0x20000014                uwTickPrio
 .data.__malloc_sbrk_base
                0x20000018        0x4 /Applications/ArmGNUToolchain/13.3.rel1/arm-none-eabi/bin/../lib/gcc/arm-none-eabi/13.3.1/../../../../arm-none-eabi/lib/thumb/v7e-m/nofp/libg.a(libc_a-mallocr.o)
                0x20000018                __malloc_sbrk_base
 .data.__malloc_trim_threshold
                0x2000001c        0x4 /Applications/ArmGNUToolchain/13.3.rel1/arm-none-eabi/bin/../lib/gcc/arm-none-eabi/13.3.1/../../../../arm-none-eabi/lib/thumb/v7e-m/nofp/libg.a(libc_a-mallocr.o)
                0x2000001c                __malloc_trim_threshold
 .data.__malloc_av_
                0x20000020      0x408 /Applications/ArmGNUToolchain/13.3.rel1/arm-none-eabi/bin/../lib/gcc/arm-none-eabi/13.3.1/../../../../arm-none-eabi/lib/thumb/v7e-m/nofp/libg.a(libc_a-mallocr.o)
                0x20000020                __malloc_av_
 .data._impure_ptr
                0x20000428        0x4 /Applications/ArmGNUToolchain/13.3.rel1/arm-none-eabi/bin/../lib/gcc/arm-none-eabi/13.3.1/../../../../arm-none-eabi/lib/thumb/v7e-m/nofp/libg.a(libc_a-impure.o)
                0x20000428                _impure_ptr
 *fill*         0x2000042c        0x4 
 .data._impure_data
                0x20000430      0x140 /Applications/ArmGNUToolchain/13.3.rel1/arm-none-eabi/bin/../lib/gcc/arm-none-eabi/13.3.1/../../../../arm-none-eabi/lib/thumb/v7e-m/nofp/libg.a(libc_a-impure.o)
                0x20000430                _impure_data
 .data.__atexit_recursive_mutex
                0x20000570        0x4 /Applications/ArmGNUToolchain/13.3.rel1/arm-none-eabi/bin/../lib/gcc/arm-none-eabi/13.3.1/../../../../arm-none-eabi/lib/thumb/v7e-m/nofp/libg.a(libc_a-__call_atexit.o)
                0x20000570                __atexit_recursive_mutex
 *(.RamFunc)
 *(.RamFunc*)
                0x20000574                        . = ALIGN (0x4)
                0x20000574                        _edata = .

.tm_clone_table
                0x20000574        0x0 load address 0x08003d90
 .tm_clone_table
                0x20000574        0x0 /Applications/ArmGNUToolchain/13.3.rel1/arm-none-eabi/bin/../lib/gcc/arm-none-eabi/13.3.1/thumb/v7e-m/nofp/crtbegin.o
 .tm_clone_table
                0x20000574        0x0 /Applications/ArmGNUToolchain/13.3.rel1/arm-none-eabi/bin/../lib/gcc/arm-none-eabi/13.3.1/thumb/v7e-m/nofp/crtend.o

.igot.plt       0x20000574        0x0 load address 0x08003d90
 .igot.plt      0x20000574        0x0 /Applications/ArmGNUToolchain/13.3.rel1/arm-none-eabi/bin/../lib/gcc/arm-none-eabi/13.3.1/thumb/v7e-m/nofp/crtbegin.o
                0x20000574                        . = ALIGN (0x4)

.bss            0x20000574      0x518 load address 0x08003d90
                0x20000574                        _sbss = .
                0x20000574                        __bss_start__ = _sbss
 *(.bss)
 *(.bss*)
 .bss.completed.1
                0x20000574        0x1 /Applications/ArmGNUToolchain/13.3.rel1/arm-none-eabi/bin/../lib/gcc/arm-none-eabi/13.3.1/thumb/v7e-m/nofp/crtbegin.o
 *fill*         0x20000575        0x3 
 .bss.object.0  0x20000578       0x18 /Applications/ArmGNUToolchain/13.3.rel1/arm-none-eabi/bin/../lib/gcc/arm-none-eabi/13.3.1/thumb/v7e-m/nofp/crtbegin.o
 .bss.command_queue_config
                0x20000590        0xc CMakeFiles/stm_sequencer_411-RE.elf.dir/Core/Src/main.c.obj
                0x20000590                command_queue_config
 .bss.encoder_config
                0x2000059c        0xc CMakeFiles/stm_sequencer_411-RE.elf.dir/Core/Src/main.c.obj
                0x2000059c                encoder_config
 .bss.htim5     0x200005a8       0x48 CMakeFiles/stm_sequencer_411-RE.elf.dir/Core/Src/main.c.obj
                0x200005a8                htim5
 .bss.htim4     0x200005f0       0x48 CMakeFiles/stm_sequencer_411-RE.elf.dir/Core/Src/main.c.obj
                0x200005f0                htim4
 .bss.htim3     0x20000638       0x48 CMakeFiles/stm_sequencer_411-RE.elf.dir/Core/Src/main.c.obj
                0x20000638                htim3
 .bss.hspi4     0x20000680       0x58 CMakeFiles/stm_sequencer_411-RE.elf.dir/Core/Src/main.c.obj
                0x20000680                hspi4
 .bss.hspi1     0x200006d8       0x58 CMakeFiles/stm_sequencer_411-RE.elf.dir/Core/Src/main.c.obj
                0x200006d8                hspi1
 .bss.hadc1     0x20000730       0x48 CMakeFiles/stm_sequencer_411-RE.elf.dir/Core/Src/main.c.obj
                0x20000730                hadc1
 .bss.__sbrk_heap_end
                0x20000778        0x4 CMakeFiles/stm_sequencer_411-RE.elf.dir/Core/Src/sysmem.c.obj
 .bss.uwTick    0x2000077c        0x4 CMakeFiles/stm_sequencer_411-RE.elf.dir/Drivers/STM32F4xx_HAL_Driver/Src/stm32f4xx_hal.c.obj
                0x2000077c                uwTick
 .bss.__malloc_current_mallinfo
                0x20000780       0x28 /Applications/ArmGNUToolchain/13.3.rel1/arm-none-eabi/bin/../lib/gcc/arm-none-eabi/13.3.1/../../../../arm-none-eabi/lib/thumb/v7e-m/nofp/libg.a(libc_a-mallocr.o)
                0x20000780                __malloc_current_mallinfo
 .bss.__malloc_max_total_mem
                0x200007a8        0x4 /Applications/ArmGNUToolchain/13.3.rel1/arm-none-eabi/bin/../lib/gcc/arm-none-eabi/13.3.1/../../../../arm-none-eabi/lib/thumb/v7e-m/nofp/libg.a(libc_a-mallocr.o)
                0x200007a8                __malloc_max_total_mem
 .bss.__malloc_max_sbrked_mem
                0x200007ac        0x4 /Applications/ArmGNUToolchain/13.3.rel1/arm-none-eabi/bin/../lib/gcc/arm-none-eabi/13.3.1/../../../../arm-none-eabi/lib/thumb/v7e-m/nofp/libg.a(libc_a-mallocr.o)
                0x200007ac                __malloc_max_sbrked_mem
 .bss.__malloc_top_pad
                0x200007b0        0x4 /Applications/ArmGNUToolchain/13.3.rel1/arm-none-eabi/bin/../lib/gcc/arm-none-eabi/13.3.1/../../../../arm-none-eabi/lib/thumb/v7e-m/nofp/libg.a(libc_a-mallocr.o)
                0x200007b0                __malloc_top_pad
 .bss.__sf      0x200007b4      0x138 /Applications/ArmGNUToolchain/13.3.rel1/arm-none-eabi/bin/../lib/gcc/arm-none-eabi/13.3.1/../../../../arm-none-eabi/lib/thumb/v7e-m/nofp/libg.a(libc_a-findfp.o)
                0x200007b4                __sf
 .bss.__lock___malloc_recursive_mutex
                0x200008ec        0x1 /Applications/ArmGNUToolchain/13.3.rel1/arm-none-eabi/bin/../lib/gcc/arm-none-eabi/13.3.1/../../../../arm-none-eabi/lib/thumb/v7e-m/nofp/libg.a(libc_a-lock.o)
                0x200008ec                __lock___malloc_recursive_mutex
 *fill*         0x200008ed        0x3 
 .bss.__lock___atexit_recursive_mutex
                0x200008f0        0x1 /Applications/ArmGNUToolchain/13.3.rel1/arm-none-eabi/bin/../lib/gcc/arm-none-eabi/13.3.1/../../../../arm-none-eabi/lib/thumb/v7e-m/nofp/libg.a(libc_a-lock.o)
                0x200008f0                __lock___atexit_recursive_mutex
 *fill*         0x200008f1        0x3 
 .bss.__atexit  0x200008f4        0x4 /Applications/ArmGNUToolchain/13.3.rel1/arm-none-eabi/bin/../lib/gcc/arm-none-eabi/13.3.1/../../../../arm-none-eabi/lib/thumb/v7e-m/nofp/libg.a(libc_a-__call_atexit.o)
                0x200008f4                __atexit
 .bss.errno     0x200008f8        0x4 /Applications/ArmGNUToolchain/13.3.rel1/arm-none-eabi/bin/../lib/gcc/arm-none-eabi/13.3.1/../../../../arm-none-eabi/lib/thumb/v7e-m/nofp/libg.a(libc_a-reent.o)
                0x200008f8                errno
 .bss.__atexit0
                0x200008fc      0x190 /Applications/ArmGNUToolchain/13.3.rel1/arm-none-eabi/bin/../lib/gcc/arm-none-eabi/13.3.1/../../../../arm-none-eabi/lib/thumb/v7e-m/nofp/libg.a(libc_a-__atexit.o)
                0x200008fc                __atexit0
 *(COMMON)
                0x20000a8c                        . = ALIGN (0x4)
                0x20000a8c                        _ebss = .
                0x20000a8c                        __bss_end__ = _ebss

._user_heap_stack
                0x20000a8c      0x604 load address 0x08003d90
                0x20000a90                        . = ALIGN (0x8)
 *fill*         0x20000a8c        0x4 
                [!provide]                        PROVIDE (end = .)
                0x20000a90                        PROVIDE (_end = .)
                0x20000c90                        . = (. + _Min_Heap_Size)
 *fill*         0x20000a90      0x200 
                0x20001090                        . = (. + _Min_Stack_Size)
 *fill*         0x20000c90      0x400 
                0x20001090                        . = ALIGN (0x8)

/DISCARD/
 libc.a(*)
 libm.a(*)
 libgcc.a(*)

.ARM.attributes
                0x00000000       0x2a
 *(.ARM.attributes)
 .ARM.attributes
                0x00000000       0x1e /Applications/ArmGNUToolchain/13.3.rel1/arm-none-eabi/bin/../lib/gcc/arm-none-eabi/13.3.1/thumb/v7e-m/nofp/crti.o
 .ARM.attributes
                0x0000001e       0x2e /Applications/ArmGNUToolchain/13.3.rel1/arm-none-eabi/bin/../lib/gcc/arm-none-eabi/13.3.1/thumb/v7e-m/nofp/crtbegin.o
 .ARM.attributes
                0x0000004c       0x2e CMakeFiles/stm_sequencer_411-RE.elf.dir/Core/Src/app/command_queue.c.obj
 .ARM.attributes
                0x0000007a       0x2e CMakeFiles/stm_sequencer_411-RE.elf.dir/Core/Src/app/encoder.c.obj
 .ARM.attributes
                0x000000a8       0x2e CMakeFiles/stm_sequencer_411-RE.elf.dir/Core/Src/app/mcp4822.c.obj
 .ARM.attributes
                0x000000d6       0x2e CMakeFiles/stm_sequencer_411-RE.elf.dir/Core/Src/app/sequencer.c.obj
 .ARM.attributes
                0x00000104       0x2e CMakeFiles/stm_sequencer_411-RE.elf.dir/Core/Src/app/ui.c.obj
 .ARM.attributes
                0x00000132       0x2e CMakeFiles/stm_sequencer_411-RE.elf.dir/Core/Src/main.c.obj
 .ARM.attributes
                0x00000160       0x2e CMakeFiles/stm_sequencer_411-RE.elf.dir/Core/Src/stm32f4xx_hal_msp.c.obj
 .ARM.attributes
                0x0000018e       0x2e CMakeFiles/stm_sequencer_411-RE.elf.dir/Core/Src/stm32f4xx_it.c.obj
 .ARM.attributes
                0x000001bc       0x2e CMakeFiles/stm_sequencer_411-RE.elf.dir/Core/Src/sysmem.c.obj
 .ARM.attributes
                0x000001ea       0x2e CMakeFiles/stm_sequencer_411-RE.elf.dir/Core/Src/system_stm32f4xx.c.obj
 .ARM.attributes
                0x00000218       0x21 CMakeFiles/stm_sequencer_411-RE.elf.dir/Core/Startup/startup_stm32f411retx.s.obj
 .ARM.attributes
                0x00000239       0x2e CMakeFiles/stm_sequencer_411-RE.elf.dir/Drivers/STM32F4xx_HAL_Driver/Src/stm32f4xx_hal.c.obj
 .ARM.attributes
                0x00000267       0x2e CMakeFiles/stm_sequencer_411-RE.elf.dir/Drivers/STM32F4xx_HAL_Driver/Src/stm32f4xx_hal_adc.c.obj
 .ARM.attributes
                0x00000295       0x2e CMakeFiles/stm_sequencer_411-RE.elf.dir/Drivers/STM32F4xx_HAL_Driver/Src/stm32f4xx_hal_cortex.c.obj
 .ARM.attributes
                0x000002c3       0x2e CMakeFiles/stm_sequencer_411-RE.elf.dir/Drivers/STM32F4xx_HAL_Driver/Src/stm32f4xx_hal_gpio.c.obj
 .ARM.attributes
                0x000002f1       0x2e CMakeFiles/stm_sequencer_411-RE.elf.dir/Drivers/STM32F4xx_HAL_Driver/Src/stm32f4xx_hal_rcc.c.obj
 .ARM.attributes
                0x0000031f       0x2e CMakeFiles/stm_sequencer_411-RE.elf.dir/Drivers/STM32F4xx_HAL_Driver/Src/stm32f4xx_hal_spi.c.obj
 .ARM.attributes
                0x0000034d       0x2e CMakeFiles/stm_sequencer_411-RE.elf.dir/Drivers/STM32F4xx_HAL_Driver/Src/stm32f4xx_hal_tim.c.obj
 .ARM.attributes
                0x0000037b       0x2e CMakeFiles/stm_sequencer_411-RE.elf.dir/Drivers/STM32F4xx_HAL_Driver/Src/stm32f4xx_hal_tim_ex.c.obj
 .ARM.attributes
                0x000003a9       0x1e /Applications/ArmGNUToolchain/13.3.rel1/arm-none-eabi/bin/../lib/gcc/arm-none-eabi/13.3.1/thumb/v7e-m/nofp/libgcc.a(_arm_addsubdf3.o)
 .ARM.attributes
                0x000003c7       0x1e /Applications/ArmGNUToolchain/13.3.rel1/arm-none-eabi/bin/../lib/gcc/arm-none-eabi/13.3.1/thumb/v7e-m/nofp/libgcc.a(_arm_fixunsdfsi.o)
 .ARM.attributes
                0x000003e5       0x1e /Applications/ArmGNUToolchain/13.3.rel1/arm-none-eabi/bin/../lib/gcc/arm-none-eabi/13.3.1/thumb/v7e-m/nofp/libgcc.a(_aeabi_uldivmod.o)
 .ARM.attributes
                0x00000403       0x2e /Applications/ArmGNUToolchain/13.3.rel1/arm-none-eabi/bin/../lib/gcc/arm-none-eabi/13.3.1/thumb/v7e-m/nofp/libgcc.a(_udivmoddi4.o)
 .ARM.attributes
                0x00000431       0x1e /Applications/ArmGNUToolchain/13.3.rel1/arm-none-eabi/bin/../lib/gcc/arm-none-eabi/13.3.1/thumb/v7e-m/nofp/libgcc.a(_dvmd_tls.o)
 .ARM.attributes
                0x0000044f       0x2e /Applications/ArmGNUToolchain/13.3.rel1/arm-none-eabi/bin/../lib/gcc/arm-none-eabi/13.3.1/../../../../arm-none-eabi/lib/thumb/v7e-m/nofp/libg.a(libc_a-malloc.o)
 .ARM.attributes
                0x0000047d       0x2e /Applications/ArmGNUToolchain/13.3.rel1/arm-none-eabi/bin/../lib/gcc/arm-none-eabi/13.3.1/../../../../arm-none-eabi/lib/thumb/v7e-m/nofp/libg.a(libc_a-mallocr.o)
 .ARM.attributes
                0x000004ab       0x2e /Applications/ArmGNUToolchain/13.3.rel1/arm-none-eabi/bin/../lib/gcc/arm-none-eabi/13.3.1/../../../../arm-none-eabi/lib/thumb/v7e-m/nofp/libg.a(libc_a-mlock.o)
 .ARM.attributes
                0x000004d9       0x2e /Applications/ArmGNUToolchain/13.3.rel1/arm-none-eabi/bin/../lib/gcc/arm-none-eabi/13.3.1/../../../../arm-none-eabi/lib/thumb/v7e-m/nofp/libg.a(libc_a-findfp.o)
 .ARM.attributes
                0x00000507       0x2e /Applications/ArmGNUToolchain/13.3.rel1/arm-none-eabi/bin/../lib/gcc/arm-none-eabi/13.3.1/../../../../arm-none-eabi/lib/thumb/v7e-m/nofp/libg.a(libc_a-memset.o)
 .ARM.attributes
                0x00000535       0x2e /Applications/ArmGNUToolchain/13.3.rel1/arm-none-eabi/bin/../lib/gcc/arm-none-eabi/13.3.1/../../../../arm-none-eabi/lib/thumb/v7e-m/nofp/libg.a(libc_a-impure.o)
 .ARM.attributes
                0x00000563       0x2e /Applications/ArmGNUToolchain/13.3.rel1/arm-none-eabi/bin/../lib/gcc/arm-none-eabi/13.3.1/../../../../arm-none-eabi/lib/thumb/v7e-m/nofp/libg.a(libc_a-sbrkr.o)
 .ARM.attributes
                0x00000591       0x2e /Applications/ArmGNUToolchain/13.3.rel1/arm-none-eabi/bin/../lib/gcc/arm-none-eabi/13.3.1/../../../../arm-none-eabi/lib/thumb/v7e-m/nofp/libg.a(libc_a-errno.o)
 .ARM.attributes
                0x000005bf       0x2e /Applications/ArmGNUToolchain/13.3.rel1/arm-none-eabi/bin/../lib/gcc/arm-none-eabi/13.3.1/../../../../arm-none-eabi/lib/thumb/v7e-m/nofp/libg.a(libc_a-sysconf.o)
 .ARM.attributes
                0x000005ed       0x2e /Applications/ArmGNUToolchain/13.3.rel1/arm-none-eabi/bin/../lib/gcc/arm-none-eabi/13.3.1/../../../../arm-none-eabi/lib/thumb/v7e-m/nofp/libg.a(libc_a-init.o)
 .ARM.attributes
                0x0000061b       0x2e /Applications/ArmGNUToolchain/13.3.rel1/arm-none-eabi/bin/../lib/gcc/arm-none-eabi/13.3.1/../../../../arm-none-eabi/lib/thumb/v7e-m/nofp/libg.a(libc_a-lock.o)
 .ARM.attributes
                0x00000649       0x2e /Applications/ArmGNUToolchain/13.3.rel1/arm-none-eabi/bin/../lib/gcc/arm-none-eabi/13.3.1/../../../../arm-none-eabi/lib/thumb/v7e-m/nofp/libg.a(libc_a-__call_atexit.o)
 .ARM.attributes
                0x00000677       0x2e /Applications/ArmGNUToolchain/13.3.rel1/arm-none-eabi/bin/../lib/gcc/arm-none-eabi/13.3.1/../../../../arm-none-eabi/lib/thumb/v7e-m/nofp/libg.a(libc_a-atexit.o)
 .ARM.attributes
                0x000006a5       0x2e /Applications/ArmGNUToolchain/13.3.rel1/arm-none-eabi/bin/../lib/gcc/arm-none-eabi/13.3.1/../../../../arm-none-eabi/lib/thumb/v7e-m/nofp/libg.a(libc_a-freer.o)
 .ARM.attributes
                0x000006d3       0x2e /Applications/ArmGNUToolchain/13.3.rel1/arm-none-eabi/bin/../lib/gcc/arm-none-eabi/13.3.1/../../../../arm-none-eabi/lib/thumb/v7e-m/nofp/libg.a(libc_a-reent.o)
 .ARM.attributes
                0x00000701       0x2e /Applications/ArmGNUToolchain/13.3.rel1/arm-none-eabi/bin/../lib/gcc/arm-none-eabi/13.3.1/../../../../arm-none-eabi/lib/thumb/v7e-m/nofp/libg.a(libc_a-fini.o)
 .ARM.attributes
                0x0000072f       0x2e /Applications/ArmGNUToolchain/13.3.rel1/arm-none-eabi/bin/../lib/gcc/arm-none-eabi/13.3.1/../../../../arm-none-eabi/lib/thumb/v7e-m/nofp/libg.a(libc_a-__atexit.o)
 .ARM.attributes
                0x0000075d       0x2e /Applications/ArmGNUToolchain/13.3.rel1/arm-none-eabi/bin/../lib/gcc/arm-none-eabi/13.3.1/thumb/v7e-m/nofp/crtend.o
 .ARM.attributes
                0x0000078b       0x1e /Applications/ArmGNUToolchain/13.3.rel1/arm-none-eabi/bin/../lib/gcc/arm-none-eabi/13.3.1/thumb/v7e-m/nofp/crtn.o
OUTPUT(stm_sequencer_411-RE.elf elf32-littlearm)
LOAD linker stubs
LOAD /Applications/ArmGNUToolchain/13.3.rel1/arm-none-eabi/bin/../lib/gcc/arm-none-eabi/13.3.1/../../../../arm-none-eabi/lib/thumb/v7e-m/nofp/libc.a
LOAD /Applications/ArmGNUToolchain/13.3.rel1/arm-none-eabi/bin/../lib/gcc/arm-none-eabi/13.3.1/../../../../arm-none-eabi/lib/thumb/v7e-m/nofp/libm.a
LOAD /Applications/ArmGNUToolchain/13.3.rel1/arm-none-eabi/bin/../lib/gcc/arm-none-eabi/13.3.1/thumb/v7e-m/nofp/libgcc.a

.debug_info     0x00000000    0x11f9d
 .debug_info    0x00000000      0x2a5 CMakeFiles/stm_sequencer_411-RE.elf.dir/Core/Src/app/command_queue.c.obj
 .debug_info    0x000002a5      0x7e4 CMakeFiles/stm_sequencer_411-RE.elf.dir/Core/Src/app/encoder.c.obj
 .debug_info    0x00000a89      0x9df CMakeFiles/stm_sequencer_411-RE.elf.dir/Core/Src/app/mcp4822.c.obj
 .debug_info    0x00001468      0xee3 CMakeFiles/stm_sequencer_411-RE.elf.dir/Core/Src/app/sequencer.c.obj
 .debug_info    0x0000234b      0xe99 CMakeFiles/stm_sequencer_411-RE.elf.dir/Core/Src/app/ui.c.obj
 .debug_info    0x000031e4     0x1f71 CMakeFiles/stm_sequencer_411-RE.elf.dir/Core/Src/main.c.obj
 .debug_info    0x00005155     0x14fd CMakeFiles/stm_sequencer_411-RE.elf.dir/Core/Src/stm32f4xx_hal_msp.c.obj
 .debug_info    0x00006652      0x718 CMakeFiles/stm_sequencer_411-RE.elf.dir/Core/Src/stm32f4xx_it.c.obj
 .debug_info    0x00006d6a      0x171 CMakeFiles/stm_sequencer_411-RE.elf.dir/Core/Src/sysmem.c.obj
 .debug_info    0x00006edb      0x35c CMakeFiles/stm_sequencer_411-RE.elf.dir/Core/Src/system_stm32f4xx.c.obj
 .debug_info    0x00007237       0x30 CMakeFiles/stm_sequencer_411-RE.elf.dir/Core/Startup/startup_stm32f411retx.s.obj
 .debug_info    0x00007267      0x962 CMakeFiles/stm_sequencer_411-RE.elf.dir/Drivers/STM32F4xx_HAL_Driver/Src/stm32f4xx_hal.c.obj
 .debug_info    0x00007bc9      0xe7f CMakeFiles/stm_sequencer_411-RE.elf.dir/Drivers/STM32F4xx_HAL_Driver/Src/stm32f4xx_hal_adc.c.obj
 .debug_info    0x00008a48      0xf65 CMakeFiles/stm_sequencer_411-RE.elf.dir/Drivers/STM32F4xx_HAL_Driver/Src/stm32f4xx_hal_cortex.c.obj
 .debug_info    0x000099ad      0x73a CMakeFiles/stm_sequencer_411-RE.elf.dir/Drivers/STM32F4xx_HAL_Driver/Src/stm32f4xx_hal_gpio.c.obj
 .debug_info    0x0000a0e7      0xaae CMakeFiles/stm_sequencer_411-RE.elf.dir/Drivers/STM32F4xx_HAL_Driver/Src/stm32f4xx_hal_rcc.c.obj
 .debug_info    0x0000ab95     0x1cd7 CMakeFiles/stm_sequencer_411-RE.elf.dir/Drivers/STM32F4xx_HAL_Driver/Src/stm32f4xx_hal_spi.c.obj
 .debug_info    0x0000c86c     0x3c4c CMakeFiles/stm_sequencer_411-RE.elf.dir/Drivers/STM32F4xx_HAL_Driver/Src/stm32f4xx_hal_tim.c.obj
 .debug_info    0x000104b8     0x1ae5 CMakeFiles/stm_sequencer_411-RE.elf.dir/Drivers/STM32F4xx_HAL_Driver/Src/stm32f4xx_hal_tim_ex.c.obj

.debug_abbrev   0x00000000     0x27a6
 .debug_abbrev  0x00000000      0x164 CMakeFiles/stm_sequencer_411-RE.elf.dir/Core/Src/app/command_queue.c.obj
 .debug_abbrev  0x00000164      0x1d7 CMakeFiles/stm_sequencer_411-RE.elf.dir/Core/Src/app/encoder.c.obj
 .debug_abbrev  0x0000033b      0x215 CMakeFiles/stm_sequencer_411-RE.elf.dir/Core/Src/app/mcp4822.c.obj
 .debug_abbrev  0x00000550      0x28e CMakeFiles/stm_sequencer_411-RE.elf.dir/Core/Src/app/sequencer.c.obj
 .debug_abbrev  0x000007de      0x219 CMakeFiles/stm_sequencer_411-RE.elf.dir/Core/Src/app/ui.c.obj
 .debug_abbrev  0x000009f7      0x308 CMakeFiles/stm_sequencer_411-RE.elf.dir/Core/Src/main.c.obj
 .debug_abbrev  0x00000cff      0x252 CMakeFiles/stm_sequencer_411-RE.elf.dir/Core/Src/stm32f4xx_hal_msp.c.obj
 .debug_abbrev  0x00000f51      0x1b0 CMakeFiles/stm_sequencer_411-RE.elf.dir/Core/Src/stm32f4xx_it.c.obj
 .debug_abbrev  0x00001101       0xea CMakeFiles/stm_sequencer_411-RE.elf.dir/Core/Src/sysmem.c.obj
 .debug_abbrev  0x000011eb      0x120 CMakeFiles/stm_sequencer_411-RE.elf.dir/Core/Src/system_stm32f4xx.c.obj
 .debug_abbrev  0x0000130b       0x24 CMakeFiles/stm_sequencer_411-RE.elf.dir/Core/Startup/startup_stm32f411retx.s.obj
 .debug_abbrev  0x0000132f      0x277 CMakeFiles/stm_sequencer_411-RE.elf.dir/Drivers/STM32F4xx_HAL_Driver/Src/stm32f4xx_hal.c.obj
 .debug_abbrev  0x000015a6      0x234 CMakeFiles/stm_sequencer_411-RE.elf.dir/Drivers/STM32F4xx_HAL_Driver/Src/stm32f4xx_hal_adc.c.obj
 .debug_abbrev  0x000017da      0x391 CMakeFiles/stm_sequencer_411-RE.elf.dir/Drivers/STM32F4xx_HAL_Driver/Src/stm32f4xx_hal_cortex.c.obj
 .debug_abbrev  0x00001b6b      0x201 CMakeFiles/stm_sequencer_411-RE.elf.dir/Drivers/STM32F4xx_HAL_Driver/Src/stm32f4xx_hal_gpio.c.obj
 .debug_abbrev  0x00001d6c      0x2c6 CMakeFiles/stm_sequencer_411-RE.elf.dir/Drivers/STM32F4xx_HAL_Driver/Src/stm32f4xx_hal_rcc.c.obj
 .debug_abbrev  0x00002032      0x26e CMakeFiles/stm_sequencer_411-RE.elf.dir/Drivers/STM32F4xx_HAL_Driver/Src/stm32f4xx_hal_spi.c.obj
 .debug_abbrev  0x000022a0      0x284 CMakeFiles/stm_sequencer_411-RE.elf.dir/Drivers/STM32F4xx_HAL_Driver/Src/stm32f4xx_hal_tim.c.obj
 .debug_abbrev  0x00002524      0x282 CMakeFiles/stm_sequencer_411-RE.elf.dir/Drivers/STM32F4xx_HAL_Driver/Src/stm32f4xx_hal_tim_ex.c.obj

.debug_loclists
                0x00000000     0x7e6f
 .debug_loclists
                0x00000000       0xcb CMakeFiles/stm_sequencer_411-RE.elf.dir/Core/Src/app/command_queue.c.obj
 .debug_loclists
                0x000000cb       0x5b CMakeFiles/stm_sequencer_411-RE.elf.dir/Core/Src/app/encoder.c.obj
 .debug_loclists
                0x00000126      0x14d CMakeFiles/stm_sequencer_411-RE.elf.dir/Core/Src/app/mcp4822.c.obj
 .debug_loclists
                0x00000273      0x138 CMakeFiles/stm_sequencer_411-RE.elf.dir/Core/Src/app/sequencer.c.obj
 .debug_loclists
                0x000003ab       0x5e CMakeFiles/stm_sequencer_411-RE.elf.dir/Core/Src/app/ui.c.obj
 .debug_loclists
                0x00000409       0x73 CMakeFiles/stm_sequencer_411-RE.elf.dir/Core/Src/main.c.obj
 .debug_loclists
                0x0000047c      0x1a6 CMakeFiles/stm_sequencer_411-RE.elf.dir/Core/Src/stm32f4xx_hal_msp.c.obj
 .debug_loclists
                0x00000622       0x52 CMakeFiles/stm_sequencer_411-RE.elf.dir/Core/Src/sysmem.c.obj
 .debug_loclists
                0x00000674       0xfa CMakeFiles/stm_sequencer_411-RE.elf.dir/Core/Src/system_stm32f4xx.c.obj
 .debug_loclists
                0x0000076e       0xe1 CMakeFiles/stm_sequencer_411-RE.elf.dir/Drivers/STM32F4xx_HAL_Driver/Src/stm32f4xx_hal.c.obj
 .debug_loclists
                0x0000084f      0x8af CMakeFiles/stm_sequencer_411-RE.elf.dir/Drivers/STM32F4xx_HAL_Driver/Src/stm32f4xx_hal_adc.c.obj
 .debug_loclists
                0x000010fe      0x54d CMakeFiles/stm_sequencer_411-RE.elf.dir/Drivers/STM32F4xx_HAL_Driver/Src/stm32f4xx_hal_cortex.c.obj
 .debug_loclists
                0x0000164b      0x386 CMakeFiles/stm_sequencer_411-RE.elf.dir/Drivers/STM32F4xx_HAL_Driver/Src/stm32f4xx_hal_gpio.c.obj
 .debug_loclists
                0x000019d1      0x3e5 CMakeFiles/stm_sequencer_411-RE.elf.dir/Drivers/STM32F4xx_HAL_Driver/Src/stm32f4xx_hal_rcc.c.obj
 .debug_loclists
                0x00001db6     0x1500 CMakeFiles/stm_sequencer_411-RE.elf.dir/Drivers/STM32F4xx_HAL_Driver/Src/stm32f4xx_hal_spi.c.obj
 .debug_loclists
                0x000032b6     0x37d9 CMakeFiles/stm_sequencer_411-RE.elf.dir/Drivers/STM32F4xx_HAL_Driver/Src/stm32f4xx_hal_tim.c.obj
 .debug_loclists
                0x00006a8f     0x13e0 CMakeFiles/stm_sequencer_411-RE.elf.dir/Drivers/STM32F4xx_HAL_Driver/Src/stm32f4xx_hal_tim_ex.c.obj

.debug_aranges  0x00000000      0xd78
 .debug_aranges
                0x00000000       0x38 CMakeFiles/stm_sequencer_411-RE.elf.dir/Core/Src/app/command_queue.c.obj
 .debug_aranges
                0x00000038       0x28 CMakeFiles/stm_sequencer_411-RE.elf.dir/Core/Src/app/encoder.c.obj
 .debug_aranges
                0x00000060       0x30 CMakeFiles/stm_sequencer_411-RE.elf.dir/Core/Src/app/mcp4822.c.obj
 .debug_aranges
                0x00000090       0x30 CMakeFiles/stm_sequencer_411-RE.elf.dir/Core/Src/app/sequencer.c.obj
 .debug_aranges
                0x000000c0       0x48 CMakeFiles/stm_sequencer_411-RE.elf.dir/Core/Src/app/ui.c.obj
 .debug_aranges
                0x00000108       0x78 CMakeFiles/stm_sequencer_411-RE.elf.dir/Core/Src/main.c.obj
 .debug_aranges
                0x00000180       0x60 CMakeFiles/stm_sequencer_411-RE.elf.dir/Core/Src/stm32f4xx_hal_msp.c.obj
 .debug_aranges
                0x000001e0       0x70 CMakeFiles/stm_sequencer_411-RE.elf.dir/Core/Src/stm32f4xx_it.c.obj
 .debug_aranges
                0x00000250       0x20 CMakeFiles/stm_sequencer_411-RE.elf.dir/Core/Src/sysmem.c.obj
 .debug_aranges
                0x00000270       0x28 CMakeFiles/stm_sequencer_411-RE.elf.dir/Core/Src/system_stm32f4xx.c.obj
 .debug_aranges
                0x00000298       0x28 CMakeFiles/stm_sequencer_411-RE.elf.dir/Core/Startup/startup_stm32f411retx.s.obj
 .debug_aranges
                0x000002c0       0xf0 CMakeFiles/stm_sequencer_411-RE.elf.dir/Drivers/STM32F4xx_HAL_Driver/Src/stm32f4xx_hal.c.obj
 .debug_aranges
                0x000003b0       0xe8 CMakeFiles/stm_sequencer_411-RE.elf.dir/Drivers/STM32F4xx_HAL_Driver/Src/stm32f4xx_hal_adc.c.obj
 .debug_aranges
                0x00000498       0xf8 CMakeFiles/stm_sequencer_411-RE.elf.dir/Drivers/STM32F4xx_HAL_Driver/Src/stm32f4xx_hal_cortex.c.obj
 .debug_aranges
                0x00000590       0x58 CMakeFiles/stm_sequencer_411-RE.elf.dir/Drivers/STM32F4xx_HAL_Driver/Src/stm32f4xx_hal_gpio.c.obj
 .debug_aranges
                0x000005e8       0x88 CMakeFiles/stm_sequencer_411-RE.elf.dir/Drivers/STM32F4xx_HAL_Driver/Src/stm32f4xx_hal_rcc.c.obj
 .debug_aranges
                0x00000670      0x1d0 CMakeFiles/stm_sequencer_411-RE.elf.dir/Drivers/STM32F4xx_HAL_Driver/Src/stm32f4xx_hal_spi.c.obj
 .debug_aranges
                0x00000840      0x3d0 CMakeFiles/stm_sequencer_411-RE.elf.dir/Drivers/STM32F4xx_HAL_Driver/Src/stm32f4xx_hal_tim.c.obj
 .debug_aranges
                0x00000c10      0x168 CMakeFiles/stm_sequencer_411-RE.elf.dir/Drivers/STM32F4xx_HAL_Driver/Src/stm32f4xx_hal_tim_ex.c.obj

.debug_rnglists
                0x00000000      0xa37
 .debug_rnglists
                0x00000000       0x25 CMakeFiles/stm_sequencer_411-RE.elf.dir/Core/Src/app/command_queue.c.obj
 .debug_rnglists
                0x00000025       0x19 CMakeFiles/stm_sequencer_411-RE.elf.dir/Core/Src/app/encoder.c.obj
 .debug_rnglists
                0x0000003e       0x1f CMakeFiles/stm_sequencer_411-RE.elf.dir/Core/Src/app/mcp4822.c.obj
 .debug_rnglists
                0x0000005d       0x20 CMakeFiles/stm_sequencer_411-RE.elf.dir/Core/Src/app/sequencer.c.obj
 .debug_rnglists
                0x0000007d       0x3d CMakeFiles/stm_sequencer_411-RE.elf.dir/Core/Src/app/ui.c.obj
 .debug_rnglists
                0x000000ba       0x58 CMakeFiles/stm_sequencer_411-RE.elf.dir/Core/Src/main.c.obj
 .debug_rnglists
                0x00000112       0x45 CMakeFiles/stm_sequencer_411-RE.elf.dir/Core/Src/stm32f4xx_hal_msp.c.obj
 .debug_rnglists
                0x00000157       0x4f CMakeFiles/stm_sequencer_411-RE.elf.dir/Core/Src/stm32f4xx_it.c.obj
 .debug_rnglists
                0x000001a6       0x13 CMakeFiles/stm_sequencer_411-RE.elf.dir/Core/Src/sysmem.c.obj
 .debug_rnglists
                0x000001b9       0x1a CMakeFiles/stm_sequencer_411-RE.elf.dir/Core/Src/system_stm32f4xx.c.obj
 .debug_rnglists
                0x000001d3       0x19 CMakeFiles/stm_sequencer_411-RE.elf.dir/Core/Startup/startup_stm32f411retx.s.obj
 .debug_rnglists
                0x000001ec       0xaf CMakeFiles/stm_sequencer_411-RE.elf.dir/Drivers/STM32F4xx_HAL_Driver/Src/stm32f4xx_hal.c.obj
 .debug_rnglists
                0x0000029b       0xb0 CMakeFiles/stm_sequencer_411-RE.elf.dir/Drivers/STM32F4xx_HAL_Driver/Src/stm32f4xx_hal_adc.c.obj
 .debug_rnglists
                0x0000034b       0xb5 CMakeFiles/stm_sequencer_411-RE.elf.dir/Drivers/STM32F4xx_HAL_Driver/Src/stm32f4xx_hal_cortex.c.obj
 .debug_rnglists
                0x00000400       0x3f CMakeFiles/stm_sequencer_411-RE.elf.dir/Drivers/STM32F4xx_HAL_Driver/Src/stm32f4xx_hal_gpio.c.obj
 .debug_rnglists
                0x0000043f       0x75 CMakeFiles/stm_sequencer_411-RE.elf.dir/Drivers/STM32F4xx_HAL_Driver/Src/stm32f4xx_hal_rcc.c.obj
 .debug_rnglists
                0x000004b4      0x16a CMakeFiles/stm_sequencer_411-RE.elf.dir/Drivers/STM32F4xx_HAL_Driver/Src/stm32f4xx_hal_spi.c.obj
 .debug_rnglists
                0x0000061e      0x2ff CMakeFiles/stm_sequencer_411-RE.elf.dir/Drivers/STM32F4xx_HAL_Driver/Src/stm32f4xx_hal_tim.c.obj
 .debug_rnglists
                0x0000091d      0x11a CMakeFiles/stm_sequencer_411-RE.elf.dir/Drivers/STM32F4xx_HAL_Driver/Src/stm32f4xx_hal_tim_ex.c.obj

.debug_line     0x00000000     0xf348
 .debug_line    0x00000000      0x404 CMakeFiles/stm_sequencer_411-RE.elf.dir/Core/Src/app/command_queue.c.obj
 .debug_line    0x00000404      0x3f7 CMakeFiles/stm_sequencer_411-RE.elf.dir/Core/Src/app/encoder.c.obj
 .debug_line    0x000007fb      0x46f CMakeFiles/stm_sequencer_411-RE.elf.dir/Core/Src/app/mcp4822.c.obj
 .debug_line    0x00000c6a      0x56d CMakeFiles/stm_sequencer_411-RE.elf.dir/Core/Src/app/sequencer.c.obj
 .debug_line    0x000011d7      0x5f6 CMakeFiles/stm_sequencer_411-RE.elf.dir/Core/Src/app/ui.c.obj
 .debug_line    0x000017cd      0xb30 CMakeFiles/stm_sequencer_411-RE.elf.dir/Core/Src/main.c.obj
 .debug_line    0x000022fd      0x64a CMakeFiles/stm_sequencer_411-RE.elf.dir/Core/Src/stm32f4xx_hal_msp.c.obj
 .debug_line    0x00002947      0x3f5 CMakeFiles/stm_sequencer_411-RE.elf.dir/Core/Src/stm32f4xx_it.c.obj
 .debug_line    0x00002d3c      0x23a CMakeFiles/stm_sequencer_411-RE.elf.dir/Core/Src/sysmem.c.obj
 .debug_line    0x00002f76      0x2fe CMakeFiles/stm_sequencer_411-RE.elf.dir/Core/Src/system_stm32f4xx.c.obj
 .debug_line    0x00003274       0x7a CMakeFiles/stm_sequencer_411-RE.elf.dir/Core/Startup/startup_stm32f411retx.s.obj
 .debug_line    0x000032ee      0x71d CMakeFiles/stm_sequencer_411-RE.elf.dir/Drivers/STM32F4xx_HAL_Driver/Src/stm32f4xx_hal.c.obj
 .debug_line    0x00003a0b     0x1146 CMakeFiles/stm_sequencer_411-RE.elf.dir/Drivers/STM32F4xx_HAL_Driver/Src/stm32f4xx_hal_adc.c.obj
 .debug_line    0x00004b51      0x9e0 CMakeFiles/stm_sequencer_411-RE.elf.dir/Drivers/STM32F4xx_HAL_Driver/Src/stm32f4xx_hal_cortex.c.obj
 .debug_line    0x00005531      0x804 CMakeFiles/stm_sequencer_411-RE.elf.dir/Drivers/STM32F4xx_HAL_Driver/Src/stm32f4xx_hal_gpio.c.obj
 .debug_line    0x00005d35      0xd08 CMakeFiles/stm_sequencer_411-RE.elf.dir/Drivers/STM32F4xx_HAL_Driver/Src/stm32f4xx_hal_rcc.c.obj
 .debug_line    0x00006a3d     0x25b2 CMakeFiles/stm_sequencer_411-RE.elf.dir/Drivers/STM32F4xx_HAL_Driver/Src/stm32f4xx_hal_spi.c.obj
 .debug_line    0x00008fef     0x47bb CMakeFiles/stm_sequencer_411-RE.elf.dir/Drivers/STM32F4xx_HAL_Driver/Src/stm32f4xx_hal_tim.c.obj
 .debug_line    0x0000d7aa     0x1b9e CMakeFiles/stm_sequencer_411-RE.elf.dir/Drivers/STM32F4xx_HAL_Driver/Src/stm32f4xx_hal_tim_ex.c.obj

.debug_str      0x00000000     0x4a38
 .debug_str     0x00000000     0x4a38 CMakeFiles/stm_sequencer_411-RE.elf.dir/Core/Src/app/command_queue.c.obj
                                0x3ad (size before relaxing)
 .debug_str     0x00004a38      0x8e7 CMakeFiles/stm_sequencer_411-RE.elf.dir/Core/Src/app/encoder.c.obj
 .debug_str     0x00004a38      0x983 CMakeFiles/stm_sequencer_411-RE.elf.dir/Core/Src/app/mcp4822.c.obj
 .debug_str     0x00004a38      0xce0 CMakeFiles/stm_sequencer_411-RE.elf.dir/Core/Src/app/sequencer.c.obj
 .debug_str     0x00004a38      0xd38 CMakeFiles/stm_sequencer_411-RE.elf.dir/Core/Src/app/ui.c.obj
 .debug_str     0x00004a38     0x1586 CMakeFiles/stm_sequencer_411-RE.elf.dir/Core/Src/main.c.obj
 .debug_str     0x00004a38     0x1153 CMakeFiles/stm_sequencer_411-RE.elf.dir/Core/Src/stm32f4xx_hal_msp.c.obj
 .debug_str     0x00004a38      0x85b CMakeFiles/stm_sequencer_411-RE.elf.dir/Core/Src/stm32f4xx_it.c.obj
 .debug_str     0x00004a38      0x2dd CMakeFiles/stm_sequencer_411-RE.elf.dir/Core/Src/sysmem.c.obj
 .debug_str     0x00004a38      0x3eb CMakeFiles/stm_sequencer_411-RE.elf.dir/Core/Src/system_stm32f4xx.c.obj
 .debug_str     0x00004a38      0x129 CMakeFiles/stm_sequencer_411-RE.elf.dir/Core/Startup/startup_stm32f411retx.s.obj
 .debug_str     0x00004a38      0xad6 CMakeFiles/stm_sequencer_411-RE.elf.dir/Drivers/STM32F4xx_HAL_Driver/Src/stm32f4xx_hal.c.obj
 .debug_str     0x00004a38      0xa1a CMakeFiles/stm_sequencer_411-RE.elf.dir/Drivers/STM32F4xx_HAL_Driver/Src/stm32f4xx_hal_adc.c.obj
 .debug_str     0x00004a38      0xbd5 CMakeFiles/stm_sequencer_411-RE.elf.dir/Drivers/STM32F4xx_HAL_Driver/Src/stm32f4xx_hal_cortex.c.obj
 .debug_str     0x00004a38      0x5aa CMakeFiles/stm_sequencer_411-RE.elf.dir/Drivers/STM32F4xx_HAL_Driver/Src/stm32f4xx_hal_gpio.c.obj
 .debug_str     0x00004a38      0x7d0 CMakeFiles/stm_sequencer_411-RE.elf.dir/Drivers/STM32F4xx_HAL_Driver/Src/stm32f4xx_hal_rcc.c.obj
 .debug_str     0x00004a38      0xcac CMakeFiles/stm_sequencer_411-RE.elf.dir/Drivers/STM32F4xx_HAL_Driver/Src/stm32f4xx_hal_spi.c.obj
 .debug_str     0x00004a38     0x17b7 CMakeFiles/stm_sequencer_411-RE.elf.dir/Drivers/STM32F4xx_HAL_Driver/Src/stm32f4xx_hal_tim.c.obj
 .debug_str     0x00004a38      0xfc3 CMakeFiles/stm_sequencer_411-RE.elf.dir/Drivers/STM32F4xx_HAL_Driver/Src/stm32f4xx_hal_tim_ex.c.obj

.comment        0x00000000       0x45
 .comment       0x00000000       0x45 CMakeFiles/stm_sequencer_411-RE.elf.dir/Core/Src/app/command_queue.c.obj
                                 0x46 (size before relaxing)
 .comment       0x00000045       0x46 CMakeFiles/stm_sequencer_411-RE.elf.dir/Core/Src/app/encoder.c.obj
 .comment       0x00000045       0x46 CMakeFiles/stm_sequencer_411-RE.elf.dir/Core/Src/app/mcp4822.c.obj
 .comment       0x00000045       0x46 CMakeFiles/stm_sequencer_411-RE.elf.dir/Core/Src/app/sequencer.c.obj
 .comment       0x00000045       0x46 CMakeFiles/stm_sequencer_411-RE.elf.dir/Core/Src/app/ui.c.obj
 .comment       0x00000045       0x46 CMakeFiles/stm_sequencer_411-RE.elf.dir/Core/Src/main.c.obj
 .comment       0x00000045       0x46 CMakeFiles/stm_sequencer_411-RE.elf.dir/Core/Src/stm32f4xx_hal_msp.c.obj
 .comment       0x00000045       0x46 CMakeFiles/stm_sequencer_411-RE.elf.dir/Core/Src/stm32f4xx_it.c.obj
 .comment       0x00000045       0x46 CMakeFiles/stm_sequencer_411-RE.elf.dir/Core/Src/sysmem.c.obj
 .comment       0x00000045       0x46 CMakeFiles/stm_sequencer_411-RE.elf.dir/Core/Src/system_stm32f4xx.c.obj
 .comment       0x00000045       0x46 CMakeFiles/stm_sequencer_411-RE.elf.dir/Drivers/STM32F4xx_HAL_Driver/Src/stm32f4xx_hal.c.obj
 .comment       0x00000045       0x46 CMakeFiles/stm_sequencer_411-RE.elf.dir/Drivers/STM32F4xx_HAL_Driver/Src/stm32f4xx_hal_adc.c.obj
 .comment       0x00000045       0x46 CMakeFiles/stm_sequencer_411-RE.elf.dir/Drivers/STM32F4xx_HAL_Driver/Src/stm32f4xx_hal_cortex.c.obj
 .comment       0x00000045       0x46 CMakeFiles/stm_sequencer_411-RE.elf.dir/Drivers/STM32F4xx_HAL_Driver/Src/stm32f4xx_hal_gpio.c.obj
 .comment       0x00000045       0x46 CMakeFiles/stm_sequencer_411-RE.elf.dir/Drivers/STM32F4xx_HAL_Driver/Src/stm32f4xx_hal_rcc.c.obj
 .comment       0x00000045       0x46 CMakeFiles/stm_sequencer_411-RE.elf.dir/Drivers/STM32F4xx_HAL_Driver/Src/stm32f4xx_hal_spi.c.obj
 .comment       0x00000045       0x46 CMakeFiles/stm_sequencer_411-RE.elf.dir/Drivers/STM32F4xx_HAL_Driver/Src/stm32f4xx_hal_tim.c.obj
 .comment       0x00000045       0x46 CMakeFiles/stm_sequencer_411-RE.elf.dir/Drivers/STM32F4xx_HAL_Driver/Src/stm32f4xx_hal_tim_ex.c.obj

.debug_frame    0x00000000     0x2950
 .debug_frame   0x00000000       0x64 CMakeFiles/stm_sequencer_411-RE.elf.dir/Core/Src/app/command_queue.c.obj
 .debug_frame   0x00000064       0x3c CMakeFiles/stm_sequencer_411-RE.elf.dir/Core/Src/app/encoder.c.obj
 .debug_frame   0x000000a0       0x64 CMakeFiles/stm_sequencer_411-RE.elf.dir/Core/Src/app/mcp4822.c.obj
 .debug_frame   0x00000104       0x54 CMakeFiles/stm_sequencer_411-RE.elf.dir/Core/Src/app/sequencer.c.obj
 .debug_frame   0x00000158       0x98 CMakeFiles/stm_sequencer_411-RE.elf.dir/Core/Src/app/ui.c.obj
 .debug_frame   0x000001f0      0x16c CMakeFiles/stm_sequencer_411-RE.elf.dir/Core/Src/main.c.obj
 .debug_frame   0x0000035c       0xfc CMakeFiles/stm_sequencer_411-RE.elf.dir/Core/Src/stm32f4xx_hal_msp.c.obj
 .debug_frame   0x00000458       0xd8 CMakeFiles/stm_sequencer_411-RE.elf.dir/Core/Src/stm32f4xx_it.c.obj
 .debug_frame   0x00000530       0x28 CMakeFiles/stm_sequencer_411-RE.elf.dir/Core/Src/sysmem.c.obj
 .debug_frame   0x00000558       0x30 CMakeFiles/stm_sequencer_411-RE.elf.dir/Core/Src/system_stm32f4xx.c.obj
 .debug_frame   0x00000588      0x1ec CMakeFiles/stm_sequencer_411-RE.elf.dir/Drivers/STM32F4xx_HAL_Driver/Src/stm32f4xx_hal.c.obj
 .debug_frame   0x00000774      0x268 CMakeFiles/stm_sequencer_411-RE.elf.dir/Drivers/STM32F4xx_HAL_Driver/Src/stm32f4xx_hal_adc.c.obj
 .debug_frame   0x000009dc      0x214 CMakeFiles/stm_sequencer_411-RE.elf.dir/Drivers/STM32F4xx_HAL_Driver/Src/stm32f4xx_hal_cortex.c.obj
 .debug_frame   0x00000bf0       0xd4 CMakeFiles/stm_sequencer_411-RE.elf.dir/Drivers/STM32F4xx_HAL_Driver/Src/stm32f4xx_hal_gpio.c.obj
 .debug_frame   0x00000cc4      0x16c CMakeFiles/stm_sequencer_411-RE.elf.dir/Drivers/STM32F4xx_HAL_Driver/Src/stm32f4xx_hal_rcc.c.obj
 .debug_frame   0x00000e30      0x5c8 CMakeFiles/stm_sequencer_411-RE.elf.dir/Drivers/STM32F4xx_HAL_Driver/Src/stm32f4xx_hal_spi.c.obj
 .debug_frame   0x000013f8      0xb18 CMakeFiles/stm_sequencer_411-RE.elf.dir/Drivers/STM32F4xx_HAL_Driver/Src/stm32f4xx_hal_tim.c.obj
 .debug_frame   0x00001f10      0x418 CMakeFiles/stm_sequencer_411-RE.elf.dir/Drivers/STM32F4xx_HAL_Driver/Src/stm32f4xx_hal_tim_ex.c.obj
 .debug_frame   0x00002328       0xac /Applications/ArmGNUToolchain/13.3.rel1/arm-none-eabi/bin/../lib/gcc/arm-none-eabi/13.3.1/thumb/v7e-m/nofp/libgcc.a(_arm_addsubdf3.o)
 .debug_frame   0x000023d4       0x24 /Applications/ArmGNUToolchain/13.3.rel1/arm-none-eabi/bin/../lib/gcc/arm-none-eabi/13.3.1/thumb/v7e-m/nofp/libgcc.a(_arm_fixunsdfsi.o)
 .debug_frame   0x000023f8       0x2c /Applications/ArmGNUToolchain/13.3.rel1/arm-none-eabi/bin/../lib/gcc/arm-none-eabi/13.3.1/thumb/v7e-m/nofp/libgcc.a(_aeabi_uldivmod.o)
 .debug_frame   0x00002424       0x34 /Applications/ArmGNUToolchain/13.3.rel1/arm-none-eabi/bin/../lib/gcc/arm-none-eabi/13.3.1/thumb/v7e-m/nofp/libgcc.a(_udivmoddi4.o)
 .debug_frame   0x00002458       0x30 /Applications/ArmGNUToolchain/13.3.rel1/arm-none-eabi/bin/../lib/gcc/arm-none-eabi/13.3.1/../../../../arm-none-eabi/lib/thumb/v7e-m/nofp/libg.a(libc_a-malloc.o)
 .debug_frame   0x00002488       0x48 /Applications/ArmGNUToolchain/13.3.rel1/arm-none-eabi/bin/../lib/gcc/arm-none-eabi/13.3.1/../../../../arm-none-eabi/lib/thumb/v7e-m/nofp/libg.a(libc_a-mallocr.o)
 .debug_frame   0x000024d0       0x30 /Applications/ArmGNUToolchain/13.3.rel1/arm-none-eabi/bin/../lib/gcc/arm-none-eabi/13.3.1/../../../../arm-none-eabi/lib/thumb/v7e-m/nofp/libg.a(libc_a-mlock.o)
 .debug_frame   0x00002500      0x13c /Applications/ArmGNUToolchain/13.3.rel1/arm-none-eabi/bin/../lib/gcc/arm-none-eabi/13.3.1/../../../../arm-none-eabi/lib/thumb/v7e-m/nofp/libg.a(libc_a-findfp.o)
 .debug_frame   0x0000263c       0x2c /Applications/ArmGNUToolchain/13.3.rel1/arm-none-eabi/bin/../lib/gcc/arm-none-eabi/13.3.1/../../../../arm-none-eabi/lib/thumb/v7e-m/nofp/libg.a(libc_a-memset.o)
 .debug_frame   0x00002668       0x2c /Applications/ArmGNUToolchain/13.3.rel1/arm-none-eabi/bin/../lib/gcc/arm-none-eabi/13.3.1/../../../../arm-none-eabi/lib/thumb/v7e-m/nofp/libg.a(libc_a-sbrkr.o)
 .debug_frame   0x00002694       0x20 /Applications/ArmGNUToolchain/13.3.rel1/arm-none-eabi/bin/../lib/gcc/arm-none-eabi/13.3.1/../../../../arm-none-eabi/lib/thumb/v7e-m/nofp/libg.a(libc_a-errno.o)
 .debug_frame   0x000026b4       0x28 /Applications/ArmGNUToolchain/13.3.rel1/arm-none-eabi/bin/../lib/gcc/arm-none-eabi/13.3.1/../../../../arm-none-eabi/lib/thumb/v7e-m/nofp/libg.a(libc_a-sysconf.o)
 .debug_frame   0x000026dc       0x2c /Applications/ArmGNUToolchain/13.3.rel1/arm-none-eabi/bin/../lib/gcc/arm-none-eabi/13.3.1/../../../../arm-none-eabi/lib/thumb/v7e-m/nofp/libg.a(libc_a-init.o)
 .debug_frame   0x00002708       0xb0 /Applications/ArmGNUToolchain/13.3.rel1/arm-none-eabi/bin/../lib/gcc/arm-none-eabi/13.3.1/../../../../arm-none-eabi/lib/thumb/v7e-m/nofp/libg.a(libc_a-lock.o)
 .debug_frame   0x000027b8       0x5c /Applications/ArmGNUToolchain/13.3.rel1/arm-none-eabi/bin/../lib/gcc/arm-none-eabi/13.3.1/../../../../arm-none-eabi/lib/thumb/v7e-m/nofp/libg.a(libc_a-__call_atexit.o)
 .debug_frame   0x00002814       0x20 /Applications/ArmGNUToolchain/13.3.rel1/arm-none-eabi/bin/../lib/gcc/arm-none-eabi/13.3.1/../../../../arm-none-eabi/lib/thumb/v7e-m/nofp/libg.a(libc_a-atexit.o)
 .debug_frame   0x00002834       0x78 /Applications/ArmGNUToolchain/13.3.rel1/arm-none-eabi/bin/../lib/gcc/arm-none-eabi/13.3.1/../../../../arm-none-eabi/lib/thumb/v7e-m/nofp/libg.a(libc_a-freer.o)
 .debug_frame   0x000028ac       0x3c /Applications/ArmGNUToolchain/13.3.rel1/arm-none-eabi/bin/../lib/gcc/arm-none-eabi/13.3.1/../../../../arm-none-eabi/lib/thumb/v7e-m/nofp/libg.a(libc_a-reent.o)
 .debug_frame   0x000028e8       0x34 /Applications/ArmGNUToolchain/13.3.rel1/arm-none-eabi/bin/../lib/gcc/arm-none-eabi/13.3.1/../../../../arm-none-eabi/lib/thumb/v7e-m/nofp/libg.a(libc_a-fini.o)
 .debug_frame   0x0000291c       0x34 /Applications/ArmGNUToolchain/13.3.rel1/arm-none-eabi/bin/../lib/gcc/arm-none-eabi/13.3.1/../../../../arm-none-eabi/lib/thumb/v7e-m/nofp/libg.a(libc_a-__atexit.o)

.debug_line_str
                0x00000000      0x1f5
 .debug_line_str
                0x00000000      0x1f5 CMakeFiles/stm_sequencer_411-RE.elf.dir/Core/Startup/startup_stm32f411retx.s.obj
                                0x10d (size before relaxing)
 .debug_line_str
                0x000001f5       0xd4 /Applications/ArmGNUToolchain/13.3.rel1/arm-none-eabi/bin/../lib/gcc/arm-none-eabi/13.3.1/thumb/v7e-m/nofp/libgcc.a(_arm_addsubdf3.o)
 .debug_line_str
                0x000001f5       0xd4 /Applications/ArmGNUToolchain/13.3.rel1/arm-none-eabi/bin/../lib/gcc/arm-none-eabi/13.3.1/thumb/v7e-m/nofp/libgcc.a(_arm_fixunsdfsi.o)
 .debug_line_str
                0x000001f5       0xcf /Applications/ArmGNUToolchain/13.3.rel1/arm-none-eabi/bin/../lib/gcc/arm-none-eabi/13.3.1/thumb/v7e-m/nofp/libgcc.a(_aeabi_uldivmod.o)
 .debug_line_str
                0x000001f5       0xd3 /Applications/ArmGNUToolchain/13.3.rel1/arm-none-eabi/bin/../lib/gcc/arm-none-eabi/13.3.1/thumb/v7e-m/nofp/libgcc.a(_dvmd_tls.o)
