Archive member included to satisfy reference by file (symbol)

/Applications/ArmGNUToolchain/13.3.rel1/arm-none-eabi/bin/../lib/gcc/arm-none-eabi/13.3.1/thumb/v7e-m/nofp/libgcc.a(_aeabi_uldivmod.o)
                              CMakeFiles/midi-2-cv.elf.dir/Drivers/STM32F4xx_HAL_Driver/Src/stm32f4xx_hal_rcc.c.obj (__aeabi_uldivmod)
/Applications/ArmGNUToolchain/13.3.rel1/arm-none-eabi/bin/../lib/gcc/arm-none-eabi/13.3.1/thumb/v7e-m/nofp/libgcc.a(_udivmoddi4.o)
                              /Applications/ArmGNUToolchain/13.3.rel1/arm-none-eabi/bin/../lib/gcc/arm-none-eabi/13.3.1/thumb/v7e-m/nofp/libgcc.a(_aeabi_uldivmod.o) (__udivmoddi4)
/Applications/ArmGNUToolchain/13.3.rel1/arm-none-eabi/bin/../lib/gcc/arm-none-eabi/13.3.1/thumb/v7e-m/nofp/libgcc.a(_dvmd_tls.o)
                              /Applications/ArmGNUToolchain/13.3.rel1/arm-none-eabi/bin/../lib/gcc/arm-none-eabi/13.3.1/thumb/v7e-m/nofp/libgcc.a(_aeabi_uldivmod.o) (__aeabi_ldiv0)
/Applications/ArmGNUToolchain/13.3.rel1/arm-none-eabi/bin/../lib/gcc/arm-none-eabi/13.3.1/../../../../arm-none-eabi/lib/thumb/v7e-m/nofp/libg.a(libc_a-exit.o)
                              /Applications/ArmGNUToolchain/13.3.rel1/arm-none-eabi/bin/../lib/gcc/arm-none-eabi/13.3.1/../../../../arm-none-eabi/lib/thumb/v7e-m/nofp/crt0.o (exit)
/Applications/ArmGNUToolchain/13.3.rel1/arm-none-eabi/bin/../lib/gcc/arm-none-eabi/13.3.1/../../../../arm-none-eabi/lib/thumb/v7e-m/nofp/libg.a(libc_a-malloc.o)
                              CMakeFiles/midi-2-cv.elf.dir/Core/Src/app/buffer.c.obj (malloc)
/Applications/ArmGNUToolchain/13.3.rel1/arm-none-eabi/bin/../lib/gcc/arm-none-eabi/13.3.1/../../../../arm-none-eabi/lib/thumb/v7e-m/nofp/libg.a(libc_a-mallocr.o)
                              /Applications/ArmGNUToolchain/13.3.rel1/arm-none-eabi/bin/../lib/gcc/arm-none-eabi/13.3.1/../../../../arm-none-eabi/lib/thumb/v7e-m/nofp/libg.a(libc_a-malloc.o) (_malloc_r)
/Applications/ArmGNUToolchain/13.3.rel1/arm-none-eabi/bin/../lib/gcc/arm-none-eabi/13.3.1/../../../../arm-none-eabi/lib/thumb/v7e-m/nofp/libg.a(libc_a-mlock.o)
                              /Applications/ArmGNUToolchain/13.3.rel1/arm-none-eabi/bin/../lib/gcc/arm-none-eabi/13.3.1/../../../../arm-none-eabi/lib/thumb/v7e-m/nofp/libg.a(libc_a-mallocr.o) (__malloc_lock)
/Applications/ArmGNUToolchain/13.3.rel1/arm-none-eabi/bin/../lib/gcc/arm-none-eabi/13.3.1/../../../../arm-none-eabi/lib/thumb/v7e-m/nofp/libg.a(libc_a-findfp.o)
                              /Applications/ArmGNUToolchain/13.3.rel1/arm-none-eabi/bin/../lib/gcc/arm-none-eabi/13.3.1/../../../../arm-none-eabi/lib/thumb/v7e-m/nofp/libg.a(libc_a-exit.o) (__stdio_exit_handler)
/Applications/ArmGNUToolchain/13.3.rel1/arm-none-eabi/bin/../lib/gcc/arm-none-eabi/13.3.1/../../../../arm-none-eabi/lib/thumb/v7e-m/nofp/libg.a(libc_a-memset.o)
                              /Applications/ArmGNUToolchain/13.3.rel1/arm-none-eabi/bin/../lib/gcc/arm-none-eabi/13.3.1/../../../../arm-none-eabi/lib/thumb/v7e-m/nofp/crt0.o (memset)
/Applications/ArmGNUToolchain/13.3.rel1/arm-none-eabi/bin/../lib/gcc/arm-none-eabi/13.3.1/../../../../arm-none-eabi/lib/thumb/v7e-m/nofp/libg.a(libc_a-impure.o)
                              /Applications/ArmGNUToolchain/13.3.rel1/arm-none-eabi/bin/../lib/gcc/arm-none-eabi/13.3.1/../../../../arm-none-eabi/lib/thumb/v7e-m/nofp/libg.a(libc_a-malloc.o) (_impure_ptr)
/Applications/ArmGNUToolchain/13.3.rel1/arm-none-eabi/bin/../lib/gcc/arm-none-eabi/13.3.1/../../../../arm-none-eabi/lib/thumb/v7e-m/nofp/libg.a(libc_a-sbrkr.o)
                              /Applications/ArmGNUToolchain/13.3.rel1/arm-none-eabi/bin/../lib/gcc/arm-none-eabi/13.3.1/../../../../arm-none-eabi/lib/thumb/v7e-m/nofp/libg.a(libc_a-mallocr.o) (_sbrk_r)
/Applications/ArmGNUToolchain/13.3.rel1/arm-none-eabi/bin/../lib/gcc/arm-none-eabi/13.3.1/../../../../arm-none-eabi/lib/thumb/v7e-m/nofp/libg.a(libc_a-errno.o)
                              CMakeFiles/midi-2-cv.elf.dir/Core/Src/syscalls.c.obj (__errno)
/Applications/ArmGNUToolchain/13.3.rel1/arm-none-eabi/bin/../lib/gcc/arm-none-eabi/13.3.1/../../../../arm-none-eabi/lib/thumb/v7e-m/nofp/libg.a(libc_a-sysconf.o)
                              /Applications/ArmGNUToolchain/13.3.rel1/arm-none-eabi/bin/../lib/gcc/arm-none-eabi/13.3.1/../../../../arm-none-eabi/lib/thumb/v7e-m/nofp/libg.a(libc_a-mallocr.o) (sysconf)
/Applications/ArmGNUToolchain/13.3.rel1/arm-none-eabi/bin/../lib/gcc/arm-none-eabi/13.3.1/../../../../arm-none-eabi/lib/thumb/v7e-m/nofp/libg.a(libc_a-init.o)
                              /Applications/ArmGNUToolchain/13.3.rel1/arm-none-eabi/bin/../lib/gcc/arm-none-eabi/13.3.1/../../../../arm-none-eabi/lib/thumb/v7e-m/nofp/crt0.o (__libc_init_array)
/Applications/ArmGNUToolchain/13.3.rel1/arm-none-eabi/bin/../lib/gcc/arm-none-eabi/13.3.1/../../../../arm-none-eabi/lib/thumb/v7e-m/nofp/libg.a(libc_a-lock.o)
[...]
Memory Configuration

Name             Origin             Length             Attributes
RAM              0x20000000         0x00020000         xrw
FLASH            0x08000000         0x00080000         xr
*default*        0x00000000         0xffffffff

Linker script and memory map

LOAD /Applications/ArmGNUToolchain/13.3.rel1/arm-none-eabi/bin/../lib/gcc/arm-none-eabi/13.3.1/thumb/v7e-m/nofp/crti.o
LOAD /Applications/ArmGNUToolchain/13.3.rel1/arm-none-eabi/bin/../lib/gcc/arm-none-eabi/13.3.1/thumb/v7e-m/nofp/crtbegin.o
LOAD /Applications/ArmGNUToolchain/13.3.rel1/arm-none-eabi/bin/../lib/gcc/arm-none-eabi/13.3.1/../../../../arm-none-eabi/lib/thumb/v7e-m/nofp/crt0.o
LOAD CMakeFiles/midi-2-cv.elf.dir/Core/Src/app/buffer.c.obj
LOAD CMakeFiles/midi-2-cv.elf.dir/Core/Src/app/mcp4728.c.obj
LOAD CMakeFiles/midi-2-cv.elf.dir/Core/Src/app/midi.c.obj
LOAD CMakeFiles/midi-2-cv.elf.dir/Core/Src/app/midi_handler.c.obj
LOAD CMakeFiles/midi-2-cv.elf.dir/Core/Src/main.c.obj
LOAD CMakeFiles/midi-2-cv.elf.dir/Core/Src/stm32f4xx_hal_msp.c.obj
LOAD CMakeFiles/midi-2-cv.elf.dir/Core/Src/stm32f4xx_it.c.obj
LOAD CMakeFiles/midi-2-cv.elf.dir/Core/Src/syscalls.c.obj
LOAD CMakeFiles/midi-2-cv.elf.dir/Core/Src/sysmem.c.obj
LOAD CMakeFiles/midi-2-cv.elf.dir/Core/Src/system_stm32f4xx.c.obj
LOAD CMakeFiles/midi-2-cv.elf.dir/Core/Startup/startup_stm32f411retx.s.obj
LOAD CMakeFiles/midi-2-cv.elf.dir/Drivers/STM32F4xx_HAL_Driver/Src/stm32f4xx_hal.c.obj
LOAD CMakeFiles/midi-2-cv.elf.dir/Drivers/STM32F4xx_HAL_Driver/Src/stm32f4xx_hal_cortex.c.obj
LOAD CMakeFiles/midi-2-cv.elf.dir/Drivers/STM32F4xx_HAL_Driver/Src/stm32f4xx_hal_dma.c.obj
LOAD CMakeFiles/midi-2-cv.elf.dir/Drivers/STM32F4xx_HAL_Driver/Src/stm32f4xx_hal_dma_ex.c.obj
LOAD CMakeFiles/midi-2-cv.elf.dir/Drivers/STM32F4xx_HAL_Driver/Src/stm32f4xx_hal_exti.c.obj
LOAD CMakeFiles/midi-2-cv.elf.dir/Drivers/STM32F4xx_HAL_Driver/Src/stm32f4xx_hal_flash.c.obj
LOAD CMakeFiles/midi-2-cv.elf.dir/Drivers/STM32F4xx_HAL_Driver/Src/stm32f4xx_hal_flash_ex.c.obj
LOAD CMakeFiles/midi-2-cv.elf.dir/Drivers/STM32F4xx_HAL_Driver/Src/stm32f4xx_hal_flash_ramfunc.c.obj
LOAD CMakeFiles/midi-2-cv.elf.dir/Drivers/STM32F4xx_HAL_Driver/Src/stm32f4xx_hal_gpio.c.obj
LOAD CMakeFiles/midi-2-cv.elf.dir/Drivers/STM32F4xx_HAL_Driver/Src/stm32f4xx_hal_i2c.c.obj
LOAD CMakeFiles/midi-2-cv.elf.dir/Drivers/STM32F4xx_HAL_Driver/Src/stm32f4xx_hal_i2c_ex.c.obj
LOAD CMakeFiles/midi-2-cv.elf.dir/Drivers/STM32F4xx_HAL_Driver/Src/stm32f4xx_hal_pwr.c.obj
LOAD CMakeFiles/midi-2-cv.elf.dir/Drivers/STM32F4xx_HAL_Driver/Src/stm32f4xx_hal_pwr_ex.c.obj
LOAD CMakeFiles/midi-2-cv.elf.dir/Drivers/STM32F4xx_HAL_Driver/Src/stm32f4xx_hal_rcc.c.obj
LOAD CMakeFiles/midi-2-cv.elf.dir/Drivers/STM32F4xx_HAL_Driver/Src/stm32f4xx_hal_rcc_ex.c.obj
LOAD CMakeFiles/midi-2-cv.elf.dir/Drivers/STM32F4xx_HAL_Driver/Src/stm32f4xx_hal_rtc.c.obj
LOAD CMakeFiles/midi-2-cv.elf.dir/Drivers/STM32F4xx_HAL_Driver/Src/stm32f4xx_hal_rtc_ex.c.obj
LOAD CMakeFiles/midi-2-cv.elf.dir/Drivers/STM32F4xx_HAL_Driver/Src/stm32f4xx_hal_tim.c.obj
LOAD CMakeFiles/midi-2-cv.elf.dir/Drivers/STM32F4xx_HAL_Driver/Src/stm32f4xx_hal_tim_ex.c.obj
LOAD CMakeFiles/midi-2-cv.elf.dir/Drivers/STM32F4xx_HAL_Driver/Src/stm32f4xx_hal_uart.c.obj
START GROUP
LOAD /Applications/ArmGNUToolchain/13.3.rel1/arm-none-eabi/bin/../lib/gcc/arm-none-eabi/13.3.1/thumb/v7e-m/nofp/libgcc.a
LOAD /Applications/ArmGNUToolchain/13.3.rel1/arm-none-eabi/bin/../lib/gcc/arm-none-eabi/13.3.1/../../../../arm-none-eabi/lib/thumb/v7e-m/nofp/libg.a
LOAD /Applications/ArmGNUToolchain/13.3.rel1/arm-none-eabi/bin/../lib/gcc/arm-none-eabi/13.3.1/../../../../arm-none-eabi/lib/thumb/v7e-m/nofp/libc.a
END GROUP
LOAD /Applications/ArmGNUToolchain/13.3.rel1/arm-none-eabi/bin/../lib/gcc/arm-none-eabi/13.3.1/thumb/v7e-m/nofp/crtend.o
LOAD /Applications/ArmGNUToolchain/13.3.rel1/arm-none-eabi/bin/../lib/gcc/arm-none-eabi/13.3.1/thumb/v7e-m/nofp/crtn.o
                0x20020000                        _estack = (ORIGIN (RAM) + LENGTH (RAM))
                0x00000200                        _Min_Heap_Size = 0x200
                0x00000400                        _Min_Stack_Size = 0x400

.isr_vector     0x08000000      0x198
                0x08000000                        . = ALIGN (0x4)
 *(.isr_vector)
 .isr_vector    0x08000000      0x198 CMakeFiles/midi-2-cv.elf.dir/Core/Startup/startup_stm32f411retx.s.obj
                0x08000000                g_pfnVectors
                0x08000198                        . = ALIGN (0x4)

.text           0x08000198     0x3140
                0x08000198                        . = ALIGN (0x4)
 *(.text)
 .text          0x08000198       0x30 /Applications/ArmGNUToolchain/13.3.rel1/arm-none-eabi/bin/../lib/gcc/arm-none-eabi/13.3.1/thumb/v7e-m/nofp/libgcc.a(_aeabi_uldivmod.o)
                0x08000198                __aeabi_uldivmod
 .text          0x080001c8        0x4 /Applications/ArmGNUToolchain/13.3.rel1/arm-none-eabi/bin/../lib/gcc/arm-none-eabi/13.3.1/thumb/v7e-m/nofp/libgcc.a(_dvmd_tls.o)
                0x080001c8                __aeabi_ldiv0
                0x080001c8                __aeabi_idiv0
 *(.text*)
 .text.deregister_tm_clones
                0x080001cc       0x1c /Applications/ArmGNUToolchain/13.3.rel1/arm-none-eabi/bin/../lib/gcc/arm-none-eabi/13.3.1/thumb/v7e-m/nofp/crtbegin.o
 .text.register_tm_clones
                0x080001e8       0x24 /Applications/ArmGNUToolchain/13.3.rel1/arm-none-eabi/bin/../lib/gcc/arm-none-eabi/13.3.1/thumb/v7e-m/nofp/crtbegin.o
 .text.__do_global_dtors_aux
                0x0800020c       0x28 /Applications/ArmGNUToolchain/13.3.rel1/arm-none-eabi/bin/../lib/gcc/arm-none-eabi/13.3.1/thumb/v7e-m/nofp/crtbegin.o
 .text.frame_dummy
                0x08000234       0x24 /Applications/ArmGNUToolchain/13.3.rel1/arm-none-eabi/bin/../lib/gcc/arm-none-eabi/13.3.1/thumb/v7e-m/nofp/crtbegin.o
 .text.buffer_u8_free
                0x08000258       0x18 CMakeFiles/midi-2-cv.elf.dir/Core/Src/app/buffer.c.obj
                0x08000258                buffer_u8_free
 .text.buffer_init
                0x08000270       0x32 CMakeFiles/midi-2-cv.elf.dir/Core/Src/app/buffer.c.obj
                0x08000270                buffer_init
 .text.buffer_push
                0x080002a2       0x34 CMakeFiles/midi-2-cv.elf.dir/Core/Src/app/buffer.c.obj
                0x080002a2                buffer_push
 .text.buffer_pop
                0x080002d6       0x26 CMakeFiles/midi-2-cv.elf.dir/Core/Src/app/buffer.c.obj
                0x080002d6                buffer_pop
 .text.midi_init
                0x080002fc       0x2c CMakeFiles/midi-2-cv.elf.dir/Core/Src/app/midi.c.obj
                0x080002fc                midi_init
 .text.midi_push_buffer
                0x08000328       0x18 CMakeFiles/midi-2-cv.elf.dir/Core/Src/app/midi.c.obj
                0x08000328                midi_push_buffer
 .text.midi_pop_buffer
                0x08000340       0x1c CMakeFiles/midi-2-cv.elf.dir/Core/Src/app/midi.c.obj
                0x08000340                midi_pop_buffer
 .text.midi_is_event_generated
                0x0800035c      0x138 CMakeFiles/midi-2-cv.elf.dir/Core/Src/app/midi.c.obj
                0x0800035c                midi_is_event_generated
 .text.midi_run
                0x08000494       0x18 CMakeFiles/midi-2-cv.elf.dir/Core/Src/app/midi.c.obj
                0x08000494                midi_run
 .text.midi_handler_init
                0x080004ac       0x38 CMakeFiles/midi-2-cv.elf.dir/Core/Src/app/midi_handler.c.obj
                0x080004ac                midi_handler_init
 .text.midi_channel_to_trigger_channel
                0x080004e4       0x7c CMakeFiles/midi-2-cv.elf.dir/Core/Src/app/midi_handler.c.obj
                0x080004e4                midi_channel_to_trigger_channel
 .text.midi_handle_note_off
                0x08000560       0x4c CMakeFiles/midi-2-cv.elf.dir/Core/Src/app/midi_handler.c.obj
                0x08000560                midi_handle_note_off
 .text.midi_handle_note_on
                0x080005ac       0xa8 CMakeFiles/midi-2-cv.elf.dir/Core/Src/app/midi_handler.c.obj
                0x080005ac                midi_handle_note_on
 .text.midi_handler_run
                0x08000654       0x18 CMakeFiles/midi-2-cv.elf.dir/Core/Src/app/midi_handler.c.obj
                0x08000654                midi_handler_run
 .text.MX_GPIO_Init
                0x0800066c       0xc8 CMakeFiles/midi-2-cv.elf.dir/Core/Src/main.c.obj
 .text.HAL_UART_RxCpltCallback
                0x08000734       0x38 CMakeFiles/midi-2-cv.elf.dir/Core/Src/main.c.obj
                0x08000734                HAL_UART_RxCpltCallback
 .text.Error_Handler
                0x0800076c        0x4 CMakeFiles/midi-2-cv.elf.dir/Core/Src/main.c.obj
                0x0800076c                Error_Handler
 .text.MX_RTC_Init
                0x08000770       0x30 CMakeFiles/midi-2-cv.elf.dir/Core/Src/main.c.obj
 .text.MX_TIM1_Init
                0x080007a0       0x68 CMakeFiles/midi-2-cv.elf.dir/Core/Src/main.c.obj
 .text.MX_I2C1_Init
                0x08000808       0x38 CMakeFiles/midi-2-cv.elf.dir/Core/Src/main.c.obj
 .text.MX_I2C2_Init
                0x08000840       0x38 CMakeFiles/midi-2-cv.elf.dir/Core/Src/main.c.obj
 .text.MX_I2C3_Init
                0x08000878       0x38 CMakeFiles/midi-2-cv.elf.dir/Core/Src/main.c.obj
 .text.MX_USART1_UART_Init
                0x080008b0       0x34 CMakeFiles/midi-2-cv.elf.dir/Core/Src/main.c.obj
 .text.SystemClock_Config
                0x080008e4       0x8c CMakeFiles/midi-2-cv.elf.dir/Core/Src/main.c.obj
                0x080008e4                SystemClock_Config
 .text.main     0x08000970       0x84 CMakeFiles/midi-2-cv.elf.dir/Core/Src/main.c.obj
                0x08000970                main
 .text.HAL_MspInit
                0x080009f4       0x48 CMakeFiles/midi-2-cv.elf.dir/Core/Src/stm32f4xx_hal_msp.c.obj
                0x080009f4                HAL_MspInit
 .text.HAL_I2C_MspInit
                0x08000a3c      0x16c CMakeFiles/midi-2-cv.elf.dir/Core/Src/stm32f4xx_hal_msp.c.obj
                0x08000a3c                HAL_I2C_MspInit
 .text.HAL_RTC_MspInit
                0x08000ba8       0x4c CMakeFiles/midi-2-cv.elf.dir/Core/Src/stm32f4xx_hal_msp.c.obj
                0x08000ba8                HAL_RTC_MspInit
 .text.HAL_TIM_Base_MspInit
                0x08000bf4       0x30 CMakeFiles/midi-2-cv.elf.dir/Core/Src/stm32f4xx_hal_msp.c.obj
                0x08000bf4                HAL_TIM_Base_MspInit
 .text.HAL_UART_MspInit
                0x08000c24       0x80 CMakeFiles/midi-2-cv.elf.dir/Core/Src/stm32f4xx_hal_msp.c.obj
                0x08000c24                HAL_UART_MspInit
 .text.NMI_Handler
                0x08000ca4        0x2 CMakeFiles/midi-2-cv.elf.dir/Core/Src/stm32f4xx_it.c.obj
                0x08000ca4                NMI_Handler
 .text.HardFault_Handler
                0x08000ca6        0x2 CMakeFiles/midi-2-cv.elf.dir/Core/Src/stm32f4xx_it.c.obj
                0x08000ca6                HardFault_Handler
 .text.MemManage_Handler
                0x08000ca8        0x2 CMakeFiles/midi-2-cv.elf.dir/Core/Src/stm32f4xx_it.c.obj
                0x08000ca8                MemManage_Handler
 .text.BusFault_Handler
                0x08000caa        0x2 CMakeFiles/midi-2-cv.elf.dir/Core/Src/stm32f4xx_it.c.obj
                0x08000caa                BusFault_Handler
 .text.UsageFault_Handler
                0x08000cac        0x2 CMakeFiles/midi-2-cv.elf.dir/Core/Src/stm32f4xx_it.c.obj
                0x08000cac                UsageFault_Handler
 .text.SVC_Handler
                0x08000cae        0x2 CMakeFiles/midi-2-cv.elf.dir/Core/Src/stm32f4xx_it.c.obj
                0x08000cae                SVC_Handler
 .text.DebugMon_Handler
                0x08000cb0        0x2 CMakeFiles/midi-2-cv.elf.dir/Core/Src/stm32f4xx_it.c.obj
                0x08000cb0                DebugMon_Handler
 .text.PendSV_Handler
                0x08000cb2        0x2 CMakeFiles/midi-2-cv.elf.dir/Core/Src/stm32f4xx_it.c.obj
                0x08000cb2                PendSV_Handler
 .text.SysTick_Handler
                0x08000cb4        0x8 CMakeFiles/midi-2-cv.elf.dir/Core/Src/stm32f4xx_it.c.obj
                0x08000cb4                SysTick_Handler
 .text.RCC_IRQHandler
                0x08000cbc        0x2 CMakeFiles/midi-2-cv.elf.dir/Core/Src/stm32f4xx_it.c.obj
                0x08000cbc                RCC_IRQHandler
 *fill*         0x08000cbe        0x2 
 .text.USART1_IRQHandler
                0x08000cc0       0x10 CMakeFiles/midi-2-cv.elf.dir/Core/Src/stm32f4xx_it.c.obj
                0x08000cc0                USART1_IRQHandler
 .text._sbrk    0x08000cd0       0x48 CMakeFiles/midi-2-cv.elf.dir/Core/Src/sysmem.c.obj
                0x08000cd0                _sbrk
 .text.SystemInit
                0x08000d18       0x10 CMakeFiles/midi-2-cv.elf.dir/Core/Src/system_stm32f4xx.c.obj
                0x08000d18                SystemInit
 .text.Reset_Handler
                0x08000d28       0x50 CMakeFiles/midi-2-cv.elf.dir/Core/Startup/startup_stm32f411retx.s.obj
                0x08000d28                Reset_Handler
 .text.Default_Handler
                0x08000d78        0x2 CMakeFiles/midi-2-cv.elf.dir/Core/Startup/startup_stm32f411retx.s.obj
                0x08000d78                DMA1_Stream3_IRQHandler
                0x08000d78                EXTI2_IRQHandler
                0x08000d78                SPI4_IRQHandler
                0x08000d78                TIM1_CC_IRQHandler
                0x08000d78                DMA2_Stream5_IRQHandler
                0x08000d78                DMA1_Stream5_IRQHandler
                0x08000d78                PVD_IRQHandler
                0x08000d78                SDIO_IRQHandler
                0x08000d78                TAMP_STAMP_IRQHandler
                0x08000d78                EXTI3_IRQHandler
                0x08000d78                TIM1_UP_TIM10_IRQHandler
                0x08000d78                I2C3_ER_IRQHandler
                0x08000d78                EXTI0_IRQHandler
                0x08000d78                I2C2_EV_IRQHandler
                0x08000d78                DMA1_Stream2_IRQHandler
                0x08000d78                FPU_IRQHandler
                0x08000d78                DMA2_Stream2_IRQHandler
                0x08000d78                SPI1_IRQHandler
                0x08000d78                TIM1_BRK_TIM9_IRQHandler
                0x08000d78                DMA2_Stream3_IRQHandler
                0x08000d78                USART6_IRQHandler
                0x08000d78                DMA2_Stream0_IRQHandler
                0x08000d78                TIM4_IRQHandler
                0x08000d78                I2C1_EV_IRQHandler
                0x08000d78                DMA1_Stream6_IRQHandler
                0x08000d78                DMA1_Stream1_IRQHandler
                0x08000d78                TIM3_IRQHandler
                0x08000d78                Default_Handler
                0x08000d78                EXTI15_10_IRQHandler
                0x08000d78                ADC_IRQHandler
                0x08000d78                DMA1_Stream7_IRQHandler
                0x08000d78                SPI5_IRQHandler
                0x08000d78                TIM5_IRQHandler
                0x08000d78                DMA2_Stream7_IRQHandler
                0x08000d78                I2C3_EV_IRQHandler
                0x08000d78                EXTI9_5_IRQHandler
                0x08000d78                RTC_WKUP_IRQHandler
                0x08000d78                SPI2_IRQHandler
                0x08000d78                DMA1_Stream0_IRQHandler
                0x08000d78                EXTI4_IRQHandler
                0x08000d78                WWDG_IRQHandler
                0x08000d78                TIM2_IRQHandler
                0x08000d78                OTG_FS_WKUP_IRQHandler
                0x08000d78                TIM1_TRG_COM_TIM11_IRQHandler
                0x08000d78                EXTI1_IRQHandler
                0x08000d78                USART2_IRQHandler
                0x08000d78                I2C2_ER_IRQHandler
                0x08000d78                DMA2_Stream1_IRQHandler
                0x08000d78                FLASH_IRQHandler
                0x08000d78                DMA2_Stream4_IRQHandler
                0x08000d78                OTG_FS_IRQHandler
                0x08000d78                SPI3_IRQHandler
                0x08000d78                DMA1_Stream4_IRQHandler
                0x08000d78                I2C1_ER_IRQHandler
                0x08000d78                DMA2_Stream6_IRQHandler
                0x08000d78                RTC_Alarm_IRQHandler
 *fill*         0x08000d7a        0x2 
 .text.HAL_InitTick
                0x08000d7c       0x4c CMakeFiles/midi-2-cv.elf.dir/Drivers/STM32F4xx_HAL_Driver/Src/stm32f4xx_hal.c.obj
                0x08000d7c                HAL_InitTick
 .text.HAL_Init
                0x08000dc8       0x34 CMakeFiles/midi-2-cv.elf.dir/Drivers/STM32F4xx_HAL_Driver/Src/stm32f4xx_hal.c.obj
                0x08000dc8                HAL_Init
 .text.HAL_IncTick
                0x08000dfc       0x18 CMakeFiles/midi-2-cv.elf.dir/Drivers/STM32F4xx_HAL_Driver/Src/stm32f4xx_hal.c.obj
                0x08000dfc                HAL_IncTick
 .text.HAL_GetTick
                0x08000e14        0xc CMakeFiles/midi-2-cv.elf.dir/Drivers/STM32F4xx_HAL_Driver/Src/stm32f4xx_hal.c.obj
                0x08000e14                HAL_GetTick
 .text.HAL_Delay
                0x08000e20       0x28 CMakeFiles/midi-2-cv.elf.dir/Drivers/STM32F4xx_HAL_Driver/Src/stm32f4xx_hal.c.obj
                0x08000e20                HAL_Delay
 .text.__NVIC_EnableIRQ
                0x08000e48       0x1c CMakeFiles/midi-2-cv.elf.dir/Drivers/STM32F4xx_HAL_Driver/Src/stm32f4xx_hal_cortex.c.obj
 .text.__NVIC_SetPriority
                0x08000e64       0x28 CMakeFiles/midi-2-cv.elf.dir/Drivers/STM32F4xx_HAL_Driver/Src/stm32f4xx_hal_cortex.c.obj
 .text.NVIC_EncodePriority
                0x08000e8c       0x3e CMakeFiles/midi-2-cv.elf.dir/Drivers/STM32F4xx_HAL_Driver/Src/stm32f4xx_hal_cortex.c.obj
 *fill*         0x08000eca        0x2 
 .text.HAL_NVIC_SetPriorityGrouping
                0x08000ecc       0x24 CMakeFiles/midi-2-cv.elf.dir/Drivers/STM32F4xx_HAL_Driver/Src/stm32f4xx_hal_cortex.c.obj
                0x08000ecc                HAL_NVIC_SetPriorityGrouping
 .text.HAL_NVIC_SetPriority
                0x08000ef0       0x20 CMakeFiles/midi-2-cv.elf.dir/Drivers/STM32F4xx_HAL_Driver/Src/stm32f4xx_hal_cortex.c.obj
                0x08000ef0                HAL_NVIC_SetPriority
 .text.HAL_NVIC_EnableIRQ
                0x08000f10        0x8 CMakeFiles/midi-2-cv.elf.dir/Drivers/STM32F4xx_HAL_Driver/Src/stm32f4xx_hal_cortex.c.obj
                0x08000f10                HAL_NVIC_EnableIRQ
 .text.HAL_SYSTICK_Config
                0x08000f18       0x28 CMakeFiles/midi-2-cv.elf.dir/Drivers/STM32F4xx_HAL_Driver/Src/stm32f4xx_hal_cortex.c.obj
                0x08000f18                HAL_SYSTICK_Config
 .text.HAL_DMA_Abort
                0x08000f40       0x94 CMakeFiles/midi-2-cv.elf.dir/Drivers/STM32F4xx_HAL_Driver/Src/stm32f4xx_hal_dma.c.obj
                0x08000f40                HAL_DMA_Abort
 .text.HAL_DMA_Abort_IT
                0x08000fd4       0x26 CMakeFiles/midi-2-cv.elf.dir/Drivers/STM32F4xx_HAL_Driver/Src/stm32f4xx_hal_dma.c.obj
                0x08000fd4                HAL_DMA_Abort_IT
 *fill*         0x08000ffa        0x2 
 .text.HAL_GPIO_Init
                0x08000ffc      0x1d0 CMakeFiles/midi-2-cv.elf.dir/Drivers/STM32F4xx_HAL_Driver/Src/stm32f4xx_hal_gpio.c.obj
                0x08000ffc                HAL_GPIO_Init
 .text.HAL_GPIO_WritePin
                0x080011cc        0xc CMakeFiles/midi-2-cv.elf.dir/Drivers/STM32F4xx_HAL_Driver/Src/stm32f4xx_hal_gpio.c.obj
                0x080011cc                HAL_GPIO_WritePin
 .text.HAL_I2C_Init
                0x080011d8      0x1bc CMakeFiles/midi-2-cv.elf.dir/Drivers/STM32F4xx_HAL_Driver/Src/stm32f4xx_hal_i2c.c.obj
                0x080011d8                HAL_I2C_Init
 .text.HAL_RCC_OscConfig
                0x08001394      0x3f8 CMakeFiles/midi-2-cv.elf.dir/Drivers/STM32F4xx_HAL_Driver/Src/stm32f4xx_hal_rcc.c.obj
                0x08001394                HAL_RCC_OscConfig
 .text.HAL_RCC_GetSysClockFreq
                0x0800178c       0xa8 CMakeFiles/midi-2-cv.elf.dir/Drivers/STM32F4xx_HAL_Driver/Src/stm32f4xx_hal_rcc.c.obj
                0x0800178c                HAL_RCC_GetSysClockFreq
 .text.HAL_RCC_ClockConfig
                0x08001834      0x160 CMakeFiles/midi-2-cv.elf.dir/Drivers/STM32F4xx_HAL_Driver/Src/stm32f4xx_hal_rcc.c.obj
                0x08001834                HAL_RCC_ClockConfig
 .text.HAL_RCC_GetHCLKFreq
                0x08001994        0xc CMakeFiles/midi-2-cv.elf.dir/Drivers/STM32F4xx_HAL_Driver/Src/stm32f4xx_hal_rcc.c.obj
                0x08001994                HAL_RCC_GetHCLKFreq
 .text.HAL_RCC_GetPCLK1Freq
                0x080019a0       0x20 CMakeFiles/midi-2-cv.elf.dir/Drivers/STM32F4xx_HAL_Driver/Src/stm32f4xx_hal_rcc.c.obj
                0x080019a0                HAL_RCC_GetPCLK1Freq
 .text.HAL_RCC_GetPCLK2Freq
                0x080019c0       0x20 CMakeFiles/midi-2-cv.elf.dir/Drivers/STM32F4xx_HAL_Driver/Src/stm32f4xx_hal_rcc.c.obj
                0x080019c0                HAL_RCC_GetPCLK2Freq
 .text.HAL_RCCEx_PeriphCLKConfig
                0x080019e0      0x170 CMakeFiles/midi-2-cv.elf.dir/Drivers/STM32F4xx_HAL_Driver/Src/stm32f4xx_hal_rcc_ex.c.obj
                0x080019e0                HAL_RCCEx_PeriphCLKConfig
 .text.HAL_RTC_WaitForSynchro
                0x08001b50       0x34 CMakeFiles/midi-2-cv.elf.dir/Drivers/STM32F4xx_HAL_Driver/Src/stm32f4xx_hal_rtc.c.obj
                0x08001b50                HAL_RTC_WaitForSynchro
 .text.RTC_EnterInitMode
                0x08001b84       0x46 CMakeFiles/midi-2-cv.elf.dir/Drivers/STM32F4xx_HAL_Driver/Src/stm32f4xx_hal_rtc.c.obj
                0x08001b84                RTC_EnterInitMode
 .text.RTC_ExitInitMode
                0x08001bca       0x2a CMakeFiles/midi-2-cv.elf.dir/Drivers/STM32F4xx_HAL_Driver/Src/stm32f4xx_hal_rtc.c.obj
                0x08001bca                RTC_ExitInitMode
 .text.HAL_RTC_Init
                0x08001bf4       0x9e CMakeFiles/midi-2-cv.elf.dir/Drivers/STM32F4xx_HAL_Driver/Src/stm32f4xx_hal_rtc.c.obj
                0x08001bf4                HAL_RTC_Init
 .text.TIM_TI1_ConfigInputStage
                0x08001c92       0x24 CMakeFiles/midi-2-cv.elf.dir/Drivers/STM32F4xx_HAL_Driver/Src/stm32f4xx_hal_tim.c.obj
 .text.TIM_TI2_ConfigInputStage
                0x08001cb6       0x26 CMakeFiles/midi-2-cv.elf.dir/Drivers/STM32F4xx_HAL_Driver/Src/stm32f4xx_hal_tim.c.obj
 .text.TIM_ITRx_SetConfig
                0x08001cdc       0x10 CMakeFiles/midi-2-cv.elf.dir/Drivers/STM32F4xx_HAL_Driver/Src/stm32f4xx_hal_tim.c.obj
 .text.TIM_Base_SetConfig
                0x08001cec       0xac CMakeFiles/midi-2-cv.elf.dir/Drivers/STM32F4xx_HAL_Driver/Src/stm32f4xx_hal_tim.c.obj
                0x08001cec                TIM_Base_SetConfig
 .text.HAL_TIM_Base_Init
                0x08001d98       0x58 CMakeFiles/midi-2-cv.elf.dir/Drivers/STM32F4xx_HAL_Driver/Src/stm32f4xx_hal_tim.c.obj
                0x08001d98                HAL_TIM_Base_Init
 .text.TIM_ETR_SetConfig
                0x08001df0       0x18 CMakeFiles/midi-2-cv.elf.dir/Drivers/STM32F4xx_HAL_Driver/Src/stm32f4xx_hal_tim.c.obj
                0x08001df0                TIM_ETR_SetConfig
 .text.HAL_TIM_ConfigClockSource
                0x08001e08       0xfe CMakeFiles/midi-2-cv.elf.dir/Drivers/STM32F4xx_HAL_Driver/Src/stm32f4xx_hal_tim.c.obj
                0x08001e08                HAL_TIM_ConfigClockSource
 *fill*         0x08001f06        0x2 
 .text.HAL_TIMEx_MasterConfigSynchronization
                0x08001f08       0x7c CMakeFiles/midi-2-cv.elf.dir/Drivers/STM32F4xx_HAL_Driver/Src/stm32f4xx_hal_tim_ex.c.obj
                0x08001f08                HAL_TIMEx_MasterConfigSynchronization
 .text.UART_EndRxTransfer
                0x08001f84       0x5c CMakeFiles/midi-2-cv.elf.dir/Drivers/STM32F4xx_HAL_Driver/Src/stm32f4xx_hal_uart.c.obj
 .text.UART_Transmit_IT
                0x08001fe0       0x60 CMakeFiles/midi-2-cv.elf.dir/Drivers/STM32F4xx_HAL_Driver/Src/stm32f4xx_hal_uart.c.obj
 .text.UART_SetConfig
                0x08002040      0x110 CMakeFiles/midi-2-cv.elf.dir/Drivers/STM32F4xx_HAL_Driver/Src/stm32f4xx_hal_uart.c.obj
 .text.HAL_UART_Init
                0x08002150       0x60 CMakeFiles/midi-2-cv.elf.dir/Drivers/STM32F4xx_HAL_Driver/Src/stm32f4xx_hal_uart.c.obj
                0x08002150                HAL_UART_Init
 .text.HAL_UART_TxCpltCallback
                0x080021b0        0x2 CMakeFiles/midi-2-cv.elf.dir/Drivers/STM32F4xx_HAL_Driver/Src/stm32f4xx_hal_uart.c.obj
                0x080021b0                HAL_UART_TxCpltCallback
 .text.UART_EndTransmit_IT
                0x080021b2       0x1a CMakeFiles/midi-2-cv.elf.dir/Drivers/STM32F4xx_HAL_Driver/Src/stm32f4xx_hal_uart.c.obj
 .text.HAL_UART_ErrorCallback
                0x080021cc        0x2 CMakeFiles/midi-2-cv.elf.dir/Drivers/STM32F4xx_HAL_Driver/Src/stm32f4xx_hal_uart.c.obj
                0x080021cc                HAL_UART_ErrorCallback
 .text.UART_DMAAbortOnError
                0x080021ce       0x10 CMakeFiles/midi-2-cv.elf.dir/Drivers/STM32F4xx_HAL_Driver/Src/stm32f4xx_hal_uart.c.obj
 .text.HAL_UARTEx_RxEventCallback
                0x080021de        0x2 CMakeFiles/midi-2-cv.elf.dir/Drivers/STM32F4xx_HAL_Driver/Src/stm32f4xx_hal_uart.c.obj
                0x080021de                HAL_UARTEx_RxEventCallback
 .text.UART_Receive_IT
                0x080021e0       0xe6 CMakeFiles/midi-2-cv.elf.dir/Drivers/STM32F4xx_HAL_Driver/Src/stm32f4xx_hal_uart.c.obj
 *fill*         0x080022c6        0x2 
 .text.HAL_UART_IRQHandler
                0x080022c8      0x284 CMakeFiles/midi-2-cv.elf.dir/Drivers/STM32F4xx_HAL_Driver/Src/stm32f4xx_hal_uart.c.obj
                0x080022c8                HAL_UART_IRQHandler
 .text.UART_Start_Receive_IT
                0x0800254c       0x36 CMakeFiles/midi-2-cv.elf.dir/Drivers/STM32F4xx_HAL_Driver/Src/stm32f4xx_hal_uart.c.obj
                0x0800254c                UART_Start_Receive_IT
 .text.HAL_UART_Receive_IT
                0x08002582       0x26 CMakeFiles/midi-2-cv.elf.dir/Drivers/STM32F4xx_HAL_Driver/Src/stm32f4xx_hal_uart.c.obj
                0x08002582                HAL_UART_Receive_IT
 .text.__udivmoddi4
                0x080025a8      0x2bc /Applications/ArmGNUToolchain/13.3.rel1/arm-none-eabi/bin/../lib/gcc/arm-none-eabi/13.3.1/thumb/v7e-m/nofp/libgcc.a(_udivmoddi4.o)
                0x080025a8                __udivmoddi4
 .text.malloc   0x08002864       0x10 /Applications/ArmGNUToolchain/13.3.rel1/arm-none-eabi/bin/../lib/gcc/arm-none-eabi/13.3.1/../../../../arm-none-eabi/lib/thumb/v7e-m/nofp/libg.a(libc_a-malloc.o)
                0x08002864                malloc
 .text.free     0x08002874       0x10 /Applications/ArmGNUToolchain/13.3.rel1/arm-none-eabi/bin/../lib/gcc/arm-none-eabi/13.3.1/../../../../arm-none-eabi/lib/thumb/v7e-m/nofp/libg.a(libc_a-malloc.o)
                0x08002874                free
 .text._malloc_r
                0x08002884      0x564 /Applications/ArmGNUToolchain/13.3.rel1/arm-none-eabi/bin/../lib/gcc/arm-none-eabi/13.3.1/../../../../arm-none-eabi/lib/thumb/v7e-m/nofp/libg.a(libc_a-mallocr.o)
                0x08002884                _malloc_r
 .text.__malloc_lock
                0x08002de8        0xc /Applications/ArmGNUToolchain/13.3.rel1/arm-none-eabi/bin/../lib/gcc/arm-none-eabi/13.3.1/../../../../arm-none-eabi/lib/thumb/v7e-m/nofp/libg.a(libc_a-mlock.o)
                0x08002de8                __malloc_lock
 .text.__malloc_unlock
                0x08002df4        0xc /Applications/ArmGNUToolchain/13.3.rel1/arm-none-eabi/bin/../lib/gcc/arm-none-eabi/13.3.1/../../../../arm-none-eabi/lib/thumb/v7e-m/nofp/libg.a(libc_a-mlock.o)
                0x08002df4                __malloc_unlock
 .text.memset   0x08002e00       0xa4 /Applications/ArmGNUToolchain/13.3.rel1/arm-none-eabi/bin/../lib/gcc/arm-none-eabi/13.3.1/../../../../arm-none-eabi/lib/thumb/v7e-m/nofp/libg.a(libc_a-memset.o)
                0x08002e00                memset
 .text._sbrk_r  0x08002ea4       0x24 /Applications/ArmGNUToolchain/13.3.rel1/arm-none-eabi/bin/../lib/gcc/arm-none-eabi/13.3.1/../../../../arm-none-eabi/lib/thumb/v7e-m/nofp/libg.a(libc_a-sbrkr.o)
                0x08002ea4                _sbrk_r
 .text.__errno  0x08002ec8        0xc /Applications/ArmGNUToolchain/13.3.rel1/arm-none-eabi/bin/../lib/gcc/arm-none-eabi/13.3.1/../../../../arm-none-eabi/lib/thumb/v7e-m/nofp/libg.a(libc_a-errno.o)
                0x08002ec8                __errno
 .text.sysconf  0x08002ed4       0x1c /Applications/ArmGNUToolchain/13.3.rel1/arm-none-eabi/bin/../lib/gcc/arm-none-eabi/13.3.1/../../../../arm-none-eabi/lib/thumb/v7e-m/nofp/libg.a(libc_a-sysconf.o)
                0x08002ed4                sysconf
 .text.__libc_init_array
                0x08002ef0       0x50 /Applications/ArmGNUToolchain/13.3.rel1/arm-none-eabi/bin/../lib/gcc/arm-none-eabi/13.3.1/../../../../arm-none-eabi/lib/thumb/v7e-m/nofp/libg.a(libc_a-init.o)
                0x08002ef0                __libc_init_array
 .text.__retarget_lock_acquire_recursive
                0x08002f40        0x4 /Applications/ArmGNUToolchain/13.3.rel1/arm-none-eabi/bin/../lib/gcc/arm-none-eabi/13.3.1/../../../../arm-none-eabi/lib/thumb/v7e-m/nofp/libg.a(libc_a-lock.o)
                0x08002f40                __retarget_lock_acquire_recursive
 .text.__retarget_lock_release_recursive
                0x08002f44        0x4 /Applications/ArmGNUToolchain/13.3.rel1/arm-none-eabi/bin/../lib/gcc/arm-none-eabi/13.3.1/../../../../arm-none-eabi/lib/thumb/v7e-m/nofp/libg.a(libc_a-lock.o)
                0x08002f44                __retarget_lock_release_recursive
 .text.startup.register_fini
                0x08002f48       0x14 /Applications/ArmGNUToolchain/13.3.rel1/arm-none-eabi/bin/../lib/gcc/arm-none-eabi/13.3.1/../../../../arm-none-eabi/lib/thumb/v7e-m/nofp/libg.a(libc_a-__call_atexit.o)
 .text.atexit   0x08002f5c        0xc /Applications/ArmGNUToolchain/13.3.rel1/arm-none-eabi/bin/../lib/gcc/arm-none-eabi/13.3.1/../../../../arm-none-eabi/lib/thumb/v7e-m/nofp/libg.a(libc_a-atexit.o)
                0x08002f5c                atexit
 .text._malloc_trim_r
                0x08002f68       0xb8 /Applications/ArmGNUToolchain/13.3.rel1/arm-none-eabi/bin/../lib/gcc/arm-none-eabi/13.3.1/../../../../arm-none-eabi/lib/thumb/v7e-m/nofp/libg.a(libc_a-freer.o)
                0x08002f68                _malloc_trim_r
 .text._free_r  0x08003020      0x1f8 /Applications/ArmGNUToolchain/13.3.rel1/arm-none-eabi/bin/../lib/gcc/arm-none-eabi/13.3.1/../../../../arm-none-eabi/lib/thumb/v7e-m/nofp/libg.a(libc_a-freer.o)
                0x08003020                _free_r
 .text.__libc_fini_array
                0x08003218       0x28 /Applications/ArmGNUToolchain/13.3.rel1/arm-none-eabi/bin/../lib/gcc/arm-none-eabi/13.3.1/../../../../arm-none-eabi/lib/thumb/v7e-m/nofp/libg.a(libc_a-fini.o)
                0x08003218                __libc_fini_array
 .text.__register_exitproc
                0x08003240       0x80 /Applications/ArmGNUToolchain/13.3.rel1/arm-none-eabi/bin/../lib/gcc/arm-none-eabi/13.3.1/../../../../arm-none-eabi/lib/thumb/v7e-m/nofp/libg.a(libc_a-__atexit.o)
                0x08003240                __register_exitproc
 *(.glue_7)
 .glue_7        0x080032c0        0x0 linker stubs
 *(.glue_7t)
 .glue_7t       0x080032c0        0x0 linker stubs
 *(.eh_frame)
 .eh_frame      0x080032c0        0x0 /Applications/ArmGNUToolchain/13.3.rel1/arm-none-eabi/bin/../lib/gcc/arm-none-eabi/13.3.1/thumb/v7e-m/nofp/crtbegin.o
 *(.init)
 .init          0x080032c0        0x4 /Applications/ArmGNUToolchain/13.3.rel1/arm-none-eabi/bin/../lib/gcc/arm-none-eabi/13.3.1/thumb/v7e-m/nofp/crti.o
                0x080032c0                _init
 .init          0x080032c4        0x8 /Applications/ArmGNUToolchain/13.3.rel1/arm-none-eabi/bin/../lib/gcc/arm-none-eabi/13.3.1/thumb/v7e-m/nofp/crtn.o
 *(.fini)
 .fini          0x080032cc        0x4 /Applications/ArmGNUToolchain/13.3.rel1/arm-none-eabi/bin/../lib/gcc/arm-none-eabi/13.3.1/thumb/v7e-m/nofp/crti.o
                0x080032cc                _fini
 .fini          0x080032d0        0x8 /Applications/ArmGNUToolchain/13.3.rel1/arm-none-eabi/bin/../lib/gcc/arm-none-eabi/13.3.1/thumb/v7e-m/nofp/crtn.o
                0x080032d8                        . = ALIGN (0x4)
                0x080032d8                        _etext = .

.vfp11_veneer   0x080032d8        0x0
 .vfp11_veneer  0x080032d8        0x0 linker stubs

.v4_bx          0x080032d8        0x0
 .v4_bx         0x080032d8        0x0 linker stubs

.iplt           0x080032d8        0x0
 .iplt          0x080032d8        0x0 /Applications/ArmGNUToolchain/13.3.rel1/arm-none-eabi/bin/../lib/gcc/arm-none-eabi/13.3.1/thumb/v7e-m/nofp/crtbegin.o

.rodata         0x080032d8       0x18
                0x080032d8                        . = ALIGN (0x4)
 *(.rodata)
 *(.rodata*)
 .rodata.APBPrescTable
                0x080032d8        0x8 CMakeFiles/midi-2-cv.elf.dir/Core/Src/system_stm32f4xx.c.obj
                0x080032d8                APBPrescTable
 .rodata.AHBPrescTable
                0x080032e0       0x10 CMakeFiles/midi-2-cv.elf.dir/Core/Src/system_stm32f4xx.c.obj
                0x080032e0                AHBPrescTable
                0x080032f0                        . = ALIGN (0x4)

.ARM.extab      0x080032f0        0x0
                0x080032f0                        . = ALIGN (0x4)
 *(.ARM.extab* .gnu.linkonce.armextab.*)
                0x080032f0                        . = ALIGN (0x4)

.ARM            0x080032f0        0x8
                0x080032f0                        . = ALIGN (0x4)
                0x080032f0                        __exidx_start = .
 *(.ARM.exidx*)
 .ARM.exidx.text.__udivmoddi4
                0x080032f0        0x8 /Applications/ArmGNUToolchain/13.3.rel1/arm-none-eabi/bin/../lib/gcc/arm-none-eabi/13.3.1/thumb/v7e-m/nofp/libgcc.a(_udivmoddi4.o)
                0x080032f8                        __exidx_end = .
                0x080032f8                        . = ALIGN (0x4)

.preinit_array  0x080032f8        0x0
                0x080032f8                        . = ALIGN (0x4)
                0x080032f8                        PROVIDE (__preinit_array_start = .)
 *(.preinit_array*)
                0x080032f8                        PROVIDE (__preinit_array_end = .)
                0x080032f8                        . = ALIGN (0x4)

.init_array     0x080032f8        0x8
                0x080032f8                        . = ALIGN (0x4)
                0x080032f8                        PROVIDE (__init_array_start = .)
 *(SORT_BY_NAME(.init_array.*))
 .init_array.00000
                0x080032f8        0x4 /Applications/ArmGNUToolchain/13.3.rel1/arm-none-eabi/bin/../lib/gcc/arm-none-eabi/13.3.1/../../../../arm-none-eabi/lib/thumb/v7e-m/nofp/libg.a(libc_a-__call_atexit.o)
 *(.init_array*)
 .init_array    0x080032fc        0x4 /Applications/ArmGNUToolchain/13.3.rel1/arm-none-eabi/bin/../lib/gcc/arm-none-eabi/13.3.1/thumb/v7e-m/nofp/crtbegin.o
                0x08003300                        PROVIDE (__init_array_end = .)
                0x08003300                        . = ALIGN (0x4)

.fini_array     0x08003300        0x4
                0x08003300                        . = ALIGN (0x4)
                0x08003300                        PROVIDE (__fini_array_start = .)
 *(SORT_BY_NAME(.fini_array.*))
 *(.fini_array*)
 .fini_array    0x08003300        0x4 /Applications/ArmGNUToolchain/13.3.rel1/arm-none-eabi/bin/../lib/gcc/arm-none-eabi/13.3.1/thumb/v7e-m/nofp/crtbegin.o
                0x08003304                        PROVIDE (__fini_array_end = .)
                0x08003304                        . = ALIGN (0x4)
                0x08003304                        _sidata = LOADADDR (.data)

.rel.dyn        0x08003304        0x0
 .rel.iplt      0x08003304        0x0 /Applications/ArmGNUToolchain/13.3.rel1/arm-none-eabi/bin/../lib/gcc/arm-none-eabi/13.3.1/thumb/v7e-m/nofp/crtbegin.o

.data           0x20000000      0x56c load address 0x08003304
                0x20000000                        . = ALIGN (0x4)
                0x20000000                        _sdata = .
 *(.data)
 *(.data*)
 .data.SystemCoreClock
                0x20000000        0x4 CMakeFiles/midi-2-cv.elf.dir/Core/Src/system_stm32f4xx.c.obj
                0x20000000                SystemCoreClock
 .data.uwTickFreq
                0x20000004        0x1 CMakeFiles/midi-2-cv.elf.dir/Drivers/STM32F4xx_HAL_Driver/Src/stm32f4xx_hal.c.obj
                0x20000004                uwTickFreq
 *fill*         0x20000005        0x3 
 .data.uwTickPrio
                0x20000008        0x4 CMakeFiles/midi-2-cv.elf.dir/Drivers/STM32F4xx_HAL_Driver/Src/stm32f4xx_hal.c.obj
                0x20000008                uwTickPrio
 .data.__malloc_sbrk_base
                0x2000000c        0x4 /Applications/ArmGNUToolchain/13.3.rel1/arm-none-eabi/bin/../lib/gcc/arm-none-eabi/13.3.1/../../../../arm-none-eabi/lib/thumb/v7e-m/nofp/libg.a(libc_a-mallocr.o)
                0x2000000c                __malloc_sbrk_base
 .data.__malloc_trim_threshold
                0x20000010        0x4 /Applications/ArmGNUToolchain/13.3.rel1/arm-none-eabi/bin/../lib/gcc/arm-none-eabi/13.3.1/../../../../arm-none-eabi/lib/thumb/v7e-m/nofp/libg.a(libc_a-mallocr.o)
                0x20000010                __malloc_trim_threshold
 *fill*         0x20000014        0x4 
 .data.__malloc_av_
                0x20000018      0x408 /Applications/ArmGNUToolchain/13.3.rel1/arm-none-eabi/bin/../lib/gcc/arm-none-eabi/13.3.1/../../../../arm-none-eabi/lib/thumb/v7e-m/nofp/libg.a(libc_a-mallocr.o)
                0x20000018                __malloc_av_
 .data._impure_ptr
                0x20000420        0x4 /Applications/ArmGNUToolchain/13.3.rel1/arm-none-eabi/bin/../lib/gcc/arm-none-eabi/13.3.1/../../../../arm-none-eabi/lib/thumb/v7e-m/nofp/libg.a(libc_a-impure.o)
                0x20000420                _impure_ptr
 *fill*         0x20000424        0x4 
 .data._impure_data
                0x20000428      0x140 /Applications/ArmGNUToolchain/13.3.rel1/arm-none-eabi/bin/../lib/gcc/arm-none-eabi/13.3.1/../../../../arm-none-eabi/lib/thumb/v7e-m/nofp/libg.a(libc_a-impure.o)
                0x20000428                _impure_data
 .data.__atexit_recursive_mutex
                0x20000568        0x4 /Applications/ArmGNUToolchain/13.3.rel1/arm-none-eabi/bin/../lib/gcc/arm-none-eabi/13.3.1/../../../../arm-none-eabi/lib/thumb/v7e-m/nofp/libg.a(libc_a-__call_atexit.o)
                0x20000568                __atexit_recursive_mutex
 *(.RamFunc)
 *(.RamFunc*)
                0x2000056c                        . = ALIGN (0x4)
                0x2000056c                        _edata = .

.tm_clone_table
                0x2000056c        0x0 load address 0x08003870
 .tm_clone_table
                0x2000056c        0x0 /Applications/ArmGNUToolchain/13.3.rel1/arm-none-eabi/bin/../lib/gcc/arm-none-eabi/13.3.1/thumb/v7e-m/nofp/crtbegin.o
 .tm_clone_table
                0x2000056c        0x0 /Applications/ArmGNUToolchain/13.3.rel1/arm-none-eabi/bin/../lib/gcc/arm-none-eabi/13.3.1/thumb/v7e-m/nofp/crtend.o

.igot.plt       0x2000056c        0x0 load address 0x08003870
 .igot.plt      0x2000056c        0x0 /Applications/ArmGNUToolchain/13.3.rel1/arm-none-eabi/bin/../lib/gcc/arm-none-eabi/13.3.1/thumb/v7e-m/nofp/crtbegin.o
                0x2000056c                        . = ALIGN (0x4)

.bss            0x2000056c      0x514 load address 0x08003870
                0x2000056c                        _sbss = .
                0x2000056c                        __bss_start__ = _sbss
 *(.bss)
 *(.bss*)
 .bss.completed.1
                0x2000056c        0x1 /Applications/ArmGNUToolchain/13.3.rel1/arm-none-eabi/bin/../lib/gcc/arm-none-eabi/13.3.1/thumb/v7e-m/nofp/crtbegin.o
 *fill*         0x2000056d        0x3 
 .bss.object.0  0x20000570       0x18 /Applications/ArmGNUToolchain/13.3.rel1/arm-none-eabi/bin/../lib/gcc/arm-none-eabi/13.3.1/thumb/v7e-m/nofp/crtbegin.o
 .bss.midi_buffer
                0x20000588        0x1 CMakeFiles/midi-2-cv.elf.dir/Core/Src/app/midi.c.obj
                0x20000588                midi_buffer
 *fill*         0x20000589        0x3 
 .bss.rx_buffer
                0x2000058c        0xc CMakeFiles/midi-2-cv.elf.dir/Core/Src/app/midi.c.obj
                0x2000058c                rx_buffer
 .bss.rpn_event
                0x20000598        0x6 CMakeFiles/midi-2-cv.elf.dir/Core/Src/app/midi.c.obj
                0x20000598                rpn_event
 *fill*         0x2000059e        0x2 
 .bss.analyzed_status
                0x200005a0        0x4 CMakeFiles/midi-2-cv.elf.dir/Core/Src/app/midi.c.obj
                0x200005a0                analyzed_status
 .bss.state     0x200005a4       0x18 CMakeFiles/midi-2-cv.elf.dir/Core/Src/app/midi_handler.c.obj
 .bss.midi_received_buf
                0x200005bc        0x1 CMakeFiles/midi-2-cv.elf.dir/Core/Src/main.c.obj
                0x200005bc                midi_received_buf
 *fill*         0x200005bd        0x3 
 .bss.huart1    0x200005c0       0x48 CMakeFiles/midi-2-cv.elf.dir/Core/Src/main.c.obj
                0x200005c0                huart1
 .bss.htim1     0x20000608       0x48 CMakeFiles/midi-2-cv.elf.dir/Core/Src/main.c.obj
                0x20000608                htim1
 .bss.hrtc      0x20000650       0x20 CMakeFiles/midi-2-cv.elf.dir/Core/Src/main.c.obj
                0x20000650                hrtc
 .bss.hi2c3     0x20000670       0x54 CMakeFiles/midi-2-cv.elf.dir/Core/Src/main.c.obj
                0x20000670                hi2c3
 .bss.hi2c2     0x200006c4       0x54 CMakeFiles/midi-2-cv.elf.dir/Core/Src/main.c.obj
                0x200006c4                hi2c2
 .bss.hi2c1     0x20000718       0x54 CMakeFiles/midi-2-cv.elf.dir/Core/Src/main.c.obj
                0x20000718                hi2c1
 .bss.__sbrk_heap_end
                0x2000076c        0x4 CMakeFiles/midi-2-cv.elf.dir/Core/Src/sysmem.c.obj
 .bss.uwTick    0x20000770        0x4 CMakeFiles/midi-2-cv.elf.dir/Drivers/STM32F4xx_HAL_Driver/Src/stm32f4xx_hal.c.obj
                0x20000770                uwTick
 .bss.__malloc_current_mallinfo
                0x20000774       0x28 /Applications/ArmGNUToolchain/13.3.rel1/arm-none-eabi/bin/../lib/gcc/arm-none-eabi/13.3.1/../../../../arm-none-eabi/lib/thumb/v7e-m/nofp/libg.a(libc_a-mallocr.o)
                0x20000774                __malloc_current_mallinfo
 .bss.__malloc_max_total_mem
                0x2000079c        0x4 /Applications/ArmGNUToolchain/13.3.rel1/arm-none-eabi/bin/../lib/gcc/arm-none-eabi/13.3.1/../../../../arm-none-eabi/lib/thumb/v7e-m/nofp/libg.a(libc_a-mallocr.o)
                0x2000079c                __malloc_max_total_mem
 .bss.__malloc_max_sbrked_mem
                0x200007a0        0x4 /Applications/ArmGNUToolchain/13.3.rel1/arm-none-eabi/bin/../lib/gcc/arm-none-eabi/13.3.1/../../../../arm-none-eabi/lib/thumb/v7e-m/nofp/libg.a(libc_a-mallocr.o)
                0x200007a0                __malloc_max_sbrked_mem
 .bss.__malloc_top_pad
                0x200007a4        0x4 /Applications/ArmGNUToolchain/13.3.rel1/arm-none-eabi/bin/../lib/gcc/arm-none-eabi/13.3.1/../../../../arm-none-eabi/lib/thumb/v7e-m/nofp/libg.a(libc_a-mallocr.o)
                0x200007a4                __malloc_top_pad
 .bss.__sf      0x200007a8      0x138 /Applications/ArmGNUToolchain/13.3.rel1/arm-none-eabi/bin/../lib/gcc/arm-none-eabi/13.3.1/../../../../arm-none-eabi/lib/thumb/v7e-m/nofp/libg.a(libc_a-findfp.o)
                0x200007a8                __sf
 .bss.__lock___malloc_recursive_mutex
                0x200008e0        0x1 /Applications/ArmGNUToolchain/13.3.rel1/arm-none-eabi/bin/../lib/gcc/arm-none-eabi/13.3.1/../../../../arm-none-eabi/lib/thumb/v7e-m/nofp/libg.a(libc_a-lock.o)
                0x200008e0                __lock___malloc_recursive_mutex
 *fill*         0x200008e1        0x3 
 .bss.__lock___atexit_recursive_mutex
                0x200008e4        0x1 /Applications/ArmGNUToolchain/13.3.rel1/arm-none-eabi/bin/../lib/gcc/arm-none-eabi/13.3.1/../../../../arm-none-eabi/lib/thumb/v7e-m/nofp/libg.a(libc_a-lock.o)
                0x200008e4                __lock___atexit_recursive_mutex
 *fill*         0x200008e5        0x3 
 .bss.__atexit  0x200008e8        0x4 /Applications/ArmGNUToolchain/13.3.rel1/arm-none-eabi/bin/../lib/gcc/arm-none-eabi/13.3.1/../../../../arm-none-eabi/lib/thumb/v7e-m/nofp/libg.a(libc_a-__call_atexit.o)
                0x200008e8                __atexit
 .bss.errno     0x200008ec        0x4 /Applications/ArmGNUToolchain/13.3.rel1/arm-none-eabi/bin/../lib/gcc/arm-none-eabi/13.3.1/../../../../arm-none-eabi/lib/thumb/v7e-m/nofp/libg.a(libc_a-reent.o)
                0x200008ec                errno
 .bss.__atexit0
                0x200008f0      0x190 /Applications/ArmGNUToolchain/13.3.rel1/arm-none-eabi/bin/../lib/gcc/arm-none-eabi/13.3.1/../../../../arm-none-eabi/lib/thumb/v7e-m/nofp/libg.a(libc_a-__atexit.o)
                0x200008f0                __atexit0
 *(COMMON)
                0x20000a80                        . = ALIGN (0x4)
                0x20000a80                        _ebss = .
                0x20000a80                        __bss_end__ = _ebss

._user_heap_stack
                0x20000a80      0x600 load address 0x08003870
                0x20000a80                        . = ALIGN (0x8)
                [!provide]                        PROVIDE (end = .)
                0x20000a80                        PROVIDE (_end = .)
                0x20000c80                        . = (. + _Min_Heap_Size)
 *fill*         0x20000a80      0x200 
                0x20001080                        . = (. + _Min_Stack_Size)
 *fill*         0x20000c80      0x400 
                0x20001080                        . = ALIGN (0x8)

/DISCARD/
 libc.a(*)
 libm.a(*)
 libgcc.a(*)

.ARM.attributes
                0x00000000       0x2a
 *(.ARM.attributes)
 .ARM.attributes
                0x00000000       0x1e /Applications/ArmGNUToolchain/13.3.rel1/arm-none-eabi/bin/../lib/gcc/arm-none-eabi/13.3.1/thumb/v7e-m/nofp/crti.o
 .ARM.attributes
                0x0000001e       0x2e /Applications/ArmGNUToolchain/13.3.rel1/arm-none-eabi/bin/../lib/gcc/arm-none-eabi/13.3.1/thumb/v7e-m/nofp/crtbegin.o
 .ARM.attributes
                0x0000004c       0x2e CMakeFiles/midi-2-cv.elf.dir/Core/Src/app/buffer.c.obj
 .ARM.attributes
                0x0000007a       0x2e CMakeFiles/midi-2-cv.elf.dir/Core/Src/app/midi.c.obj
 .ARM.attributes
                0x000000a8       0x2e CMakeFiles/midi-2-cv.elf.dir/Core/Src/app/midi_handler.c.obj
 .ARM.attributes
                0x000000d6       0x2e CMakeFiles/midi-2-cv.elf.dir/Core/Src/main.c.obj
 .ARM.attributes
                0x00000104       0x2e CMakeFiles/midi-2-cv.elf.dir/Core/Src/stm32f4xx_hal_msp.c.obj
 .ARM.attributes
                0x00000132       0x2e CMakeFiles/midi-2-cv.elf.dir/Core/Src/stm32f4xx_it.c.obj
 .ARM.attributes
                0x00000160       0x2e CMakeFiles/midi-2-cv.elf.dir/Core/Src/sysmem.c.obj
 .ARM.attributes
                0x0000018e       0x2e CMakeFiles/midi-2-cv.elf.dir/Core/Src/system_stm32f4xx.c.obj
 .ARM.attributes
                0x000001bc       0x21 CMakeFiles/midi-2-cv.elf.dir/Core/Startup/startup_stm32f411retx.s.obj
 .ARM.attributes
                0x000001dd       0x2e CMakeFiles/midi-2-cv.elf.dir/Drivers/STM32F4xx_HAL_Driver/Src/stm32f4xx_hal.c.obj
 .ARM.attributes
                0x0000020b       0x2e CMakeFiles/midi-2-cv.elf.dir/Drivers/STM32F4xx_HAL_Driver/Src/stm32f4xx_hal_cortex.c.obj
 .ARM.attributes
                0x00000239       0x2e CMakeFiles/midi-2-cv.elf.dir/Drivers/STM32F4xx_HAL_Driver/Src/stm32f4xx_hal_dma.c.obj
 .ARM.attributes
                0x00000267       0x2e CMakeFiles/midi-2-cv.elf.dir/Drivers/STM32F4xx_HAL_Driver/Src/stm32f4xx_hal_gpio.c.obj
 .ARM.attributes
                0x00000295       0x2e CMakeFiles/midi-2-cv.elf.dir/Drivers/STM32F4xx_HAL_Driver/Src/stm32f4xx_hal_i2c.c.obj
 .ARM.attributes
                0x000002c3       0x2e CMakeFiles/midi-2-cv.elf.dir/Drivers/STM32F4xx_HAL_Driver/Src/stm32f4xx_hal_rcc.c.obj
 .ARM.attributes
                0x000002f1       0x2e CMakeFiles/midi-2-cv.elf.dir/Drivers/STM32F4xx_HAL_Driver/Src/stm32f4xx_hal_rcc_ex.c.obj
 .ARM.attributes
                0x0000031f       0x2e CMakeFiles/midi-2-cv.elf.dir/Drivers/STM32F4xx_HAL_Driver/Src/stm32f4xx_hal_rtc.c.obj
 .ARM.attributes
                0x0000034d       0x2e CMakeFiles/midi-2-cv.elf.dir/Drivers/STM32F4xx_HAL_Driver/Src/stm32f4xx_hal_tim.c.obj
 .ARM.attributes
                0x0000037b       0x2e CMakeFiles/midi-2-cv.elf.dir/Drivers/STM32F4xx_HAL_Driver/Src/stm32f4xx_hal_tim_ex.c.obj
 .ARM.attributes
                0x000003a9       0x2e CMakeFiles/midi-2-cv.elf.dir/Drivers/STM32F4xx_HAL_Driver/Src/stm32f4xx_hal_uart.c.obj
 .ARM.attributes
                0x000003d7       0x1e /Applications/ArmGNUToolchain/13.3.rel1/arm-none-eabi/bin/../lib/gcc/arm-none-eabi/13.3.1/thumb/v7e-m/nofp/libgcc.a(_aeabi_uldivmod.o)
 .ARM.attributes
                0x000003f5       0x2e /Applications/ArmGNUToolchain/13.3.rel1/arm-none-eabi/bin/../lib/gcc/arm-none-eabi/13.3.1/thumb/v7e-m/nofp/libgcc.a(_udivmoddi4.o)
 .ARM.attributes
                0x00000423       0x1e /Applications/ArmGNUToolchain/13.3.rel1/arm-none-eabi/bin/../lib/gcc/arm-none-eabi/13.3.1/thumb/v7e-m/nofp/libgcc.a(_dvmd_tls.o)
 .ARM.attributes
                0x00000441       0x2e /Applications/ArmGNUToolchain/13.3.rel1/arm-none-eabi/bin/../lib/gcc/arm-none-eabi/13.3.1/../../../../arm-none-eabi/lib/thumb/v7e-m/nofp/libg.a(libc_a-malloc.o)
 .ARM.attributes
                0x0000046f       0x2e /Applications/ArmGNUToolchain/13.3.rel1/arm-none-eabi/bin/../lib/gcc/arm-none-eabi/13.3.1/../../../../arm-none-eabi/lib/thumb/v7e-m/nofp/libg.a(libc_a-mallocr.o)
 .ARM.attributes
                0x0000049d       0x2e /Applications/ArmGNUToolchain/13.3.rel1/arm-none-eabi/bin/../lib/gcc/arm-none-eabi/13.3.1/../../../../arm-none-eabi/lib/thumb/v7e-m/nofp/libg.a(libc_a-mlock.o)
 .ARM.attributes
                0x000004cb       0x2e /Applications/ArmGNUToolchain/13.3.rel1/arm-none-eabi/bin/../lib/gcc/arm-none-eabi/13.3.1/../../../../arm-none-eabi/lib/thumb/v7e-m/nofp/libg.a(libc_a-findfp.o)
 .ARM.attributes
                0x000004f9       0x2e /Applications/ArmGNUToolchain/13.3.rel1/arm-none-eabi/bin/../lib/gcc/arm-none-eabi/13.3.1/../../../../arm-none-eabi/lib/thumb/v7e-m/nofp/libg.a(libc_a-memset.o)
 .ARM.attributes
                0x00000527       0x2e /Applications/ArmGNUToolchain/13.3.rel1/arm-none-eabi/bin/../lib/gcc/arm-none-eabi/13.3.1/../../../../arm-none-eabi/lib/thumb/v7e-m/nofp/libg.a(libc_a-impure.o)
 .ARM.attributes
                0x00000555       0x2e /Applications/ArmGNUToolchain/13.3.rel1/arm-none-eabi/bin/../lib/gcc/arm-none-eabi/13.3.1/../../../../arm-none-eabi/lib/thumb/v7e-m/nofp/libg.a(libc_a-sbrkr.o)
 .ARM.attributes
                0x00000583       0x2e /Applications/ArmGNUToolchain/13.3.rel1/arm-none-eabi/bin/../lib/gcc/arm-none-eabi/13.3.1/../../../../arm-none-eabi/lib/thumb/v7e-m/nofp/libg.a(libc_a-errno.o)
 .ARM.attributes
                0x000005b1       0x2e /Applications/ArmGNUToolchain/13.3.rel1/arm-none-eabi/bin/../lib/gcc/arm-none-eabi/13.3.1/../../../../arm-none-eabi/lib/thumb/v7e-m/nofp/libg.a(libc_a-sysconf.o)
 .ARM.attributes
                0x000005df       0x2e /Applications/ArmGNUToolchain/13.3.rel1/arm-none-eabi/bin/../lib/gcc/arm-none-eabi/13.3.1/../../../../arm-none-eabi/lib/thumb/v7e-m/nofp/libg.a(libc_a-init.o)
 .ARM.attributes
                0x0000060d       0x2e /Applications/ArmGNUToolchain/13.3.rel1/arm-none-eabi/bin/../lib/gcc/arm-none-eabi/13.3.1/../../../../arm-none-eabi/lib/thumb/v7e-m/nofp/libg.a(libc_a-lock.o)
 .ARM.attributes
                0x0000063b       0x2e /Applications/ArmGNUToolchain/13.3.rel1/arm-none-eabi/bin/../lib/gcc/arm-none-eabi/13.3.1/../../../../arm-none-eabi/lib/thumb/v7e-m/nofp/libg.a(libc_a-__call_atexit.o)
 .ARM.attributes
                0x00000669       0x2e /Applications/ArmGNUToolchain/13.3.rel1/arm-none-eabi/bin/../lib/gcc/arm-none-eabi/13.3.1/../../../../arm-none-eabi/lib/thumb/v7e-m/nofp/libg.a(libc_a-atexit.o)
 .ARM.attributes
                0x00000697       0x2e /Applications/ArmGNUToolchain/13.3.rel1/arm-none-eabi/bin/../lib/gcc/arm-none-eabi/13.3.1/../../../../arm-none-eabi/lib/thumb/v7e-m/nofp/libg.a(libc_a-freer.o)
 .ARM.attributes
                0x000006c5       0x2e /Applications/ArmGNUToolchain/13.3.rel1/arm-none-eabi/bin/../lib/gcc/arm-none-eabi/13.3.1/../../../../arm-none-eabi/lib/thumb/v7e-m/nofp/libg.a(libc_a-reent.o)
 .ARM.attributes
                0x000006f3       0x2e /Applications/ArmGNUToolchain/13.3.rel1/arm-none-eabi/bin/../lib/gcc/arm-none-eabi/13.3.1/../../../../arm-none-eabi/lib/thumb/v7e-m/nofp/libg.a(libc_a-fini.o)
 .ARM.attributes
                0x00000721       0x2e /Applications/ArmGNUToolchain/13.3.rel1/arm-none-eabi/bin/../lib/gcc/arm-none-eabi/13.3.1/../../../../arm-none-eabi/lib/thumb/v7e-m/nofp/libg.a(libc_a-__atexit.o)
 .ARM.attributes
                0x0000074f       0x2e /Applications/ArmGNUToolchain/13.3.rel1/arm-none-eabi/bin/../lib/gcc/arm-none-eabi/13.3.1/thumb/v7e-m/nofp/crtend.o
 .ARM.attributes
                0x0000077d       0x1e /Applications/ArmGNUToolchain/13.3.rel1/arm-none-eabi/bin/../lib/gcc/arm-none-eabi/13.3.1/thumb/v7e-m/nofp/crtn.o
OUTPUT(midi-2-cv.elf elf32-littlearm)
LOAD linker stubs
LOAD /Applications/ArmGNUToolchain/13.3.rel1/arm-none-eabi/bin/../lib/gcc/arm-none-eabi/13.3.1/../../../../arm-none-eabi/lib/thumb/v7e-m/nofp/libc.a
LOAD /Applications/ArmGNUToolchain/13.3.rel1/arm-none-eabi/bin/../lib/gcc/arm-none-eabi/13.3.1/../../../../arm-none-eabi/lib/thumb/v7e-m/nofp/libm.a
LOAD /Applications/ArmGNUToolchain/13.3.rel1/arm-none-eabi/bin/../lib/gcc/arm-none-eabi/13.3.1/thumb/v7e-m/nofp/libgcc.a

.debug_info     0x00000000    0x1738a
 .debug_info    0x00000000      0x293 CMakeFiles/midi-2-cv.elf.dir/Core/Src/app/buffer.c.obj
 .debug_info    0x00000293      0x4c7 CMakeFiles/midi-2-cv.elf.dir/Core/Src/app/midi.c.obj
 .debug_info    0x0000075a      0xdf7 CMakeFiles/midi-2-cv.elf.dir/Core/Src/app/midi_handler.c.obj
 .debug_info    0x00001551     0x1c5d CMakeFiles/midi-2-cv.elf.dir/Core/Src/main.c.obj
 .debug_info    0x000031ae     0x190d CMakeFiles/midi-2-cv.elf.dir/Core/Src/stm32f4xx_hal_msp.c.obj
 .debug_info    0x00004abb      0x668 CMakeFiles/midi-2-cv.elf.dir/Core/Src/stm32f4xx_it.c.obj
 .debug_info    0x00005123      0x171 CMakeFiles/midi-2-cv.elf.dir/Core/Src/sysmem.c.obj
 .debug_info    0x00005294      0x553 CMakeFiles/midi-2-cv.elf.dir/Core/Src/system_stm32f4xx.c.obj
 .debug_info    0x000057e7       0x30 CMakeFiles/midi-2-cv.elf.dir/Core/Startup/startup_stm32f411retx.s.obj
 .debug_info    0x00005817      0x962 CMakeFiles/midi-2-cv.elf.dir/Drivers/STM32F4xx_HAL_Driver/Src/stm32f4xx_hal.c.obj
 .debug_info    0x00006179      0xf65 CMakeFiles/midi-2-cv.elf.dir/Drivers/STM32F4xx_HAL_Driver/Src/stm32f4xx_hal_cortex.c.obj
 .debug_info    0x000070de      0xad8 CMakeFiles/midi-2-cv.elf.dir/Drivers/STM32F4xx_HAL_Driver/Src/stm32f4xx_hal_dma.c.obj
 .debug_info    0x00007bb6      0x73a CMakeFiles/midi-2-cv.elf.dir/Drivers/STM32F4xx_HAL_Driver/Src/stm32f4xx_hal_gpio.c.obj
 .debug_info    0x000082f0     0x3816 CMakeFiles/midi-2-cv.elf.dir/Drivers/STM32F4xx_HAL_Driver/Src/stm32f4xx_hal_i2c.c.obj
 .debug_info    0x0000bb06      0xaae CMakeFiles/midi-2-cv.elf.dir/Drivers/STM32F4xx_HAL_Driver/Src/stm32f4xx_hal_rcc.c.obj
 .debug_info    0x0000c5b4      0x6ba CMakeFiles/midi-2-cv.elf.dir/Drivers/STM32F4xx_HAL_Driver/Src/stm32f4xx_hal_rcc_ex.c.obj
 .debug_info    0x0000cc6e      0xfe4 CMakeFiles/midi-2-cv.elf.dir/Drivers/STM32F4xx_HAL_Driver/Src/stm32f4xx_hal_rtc.c.obj
 .debug_info    0x0000dc52     0x3c4c CMakeFiles/midi-2-cv.elf.dir/Drivers/STM32F4xx_HAL_Driver/Src/stm32f4xx_hal_tim.c.obj
 .debug_info    0x0001189e     0x1ae5 CMakeFiles/midi-2-cv.elf.dir/Drivers/STM32F4xx_HAL_Driver/Src/stm32f4xx_hal_tim_ex.c.obj
 .debug_info    0x00013383     0x4007 CMakeFiles/midi-2-cv.elf.dir/Drivers/STM32F4xx_HAL_Driver/Src/stm32f4xx_hal_uart.c.obj

.debug_abbrev   0x00000000     0x2b2d
 .debug_abbrev  0x00000000      0x181 CMakeFiles/midi-2-cv.elf.dir/Core/Src/app/buffer.c.obj
 .debug_abbrev  0x00000181      0x18a CMakeFiles/midi-2-cv.elf.dir/Core/Src/app/midi.c.obj
 .debug_abbrev  0x0000030b      0x2c2 CMakeFiles/midi-2-cv.elf.dir/Core/Src/app/midi_handler.c.obj
 .debug_abbrev  0x000005cd      0x2e9 CMakeFiles/midi-2-cv.elf.dir/Core/Src/main.c.obj
 .debug_abbrev  0x000008b6      0x285 CMakeFiles/midi-2-cv.elf.dir/Core/Src/stm32f4xx_hal_msp.c.obj
 .debug_abbrev  0x00000b3b      0x18b CMakeFiles/midi-2-cv.elf.dir/Core/Src/stm32f4xx_it.c.obj
 .debug_abbrev  0x00000cc6       0xea CMakeFiles/midi-2-cv.elf.dir/Core/Src/sysmem.c.obj
 .debug_abbrev  0x00000db0      0x11e CMakeFiles/midi-2-cv.elf.dir/Core/Src/system_stm32f4xx.c.obj
 .debug_abbrev  0x00000ece       0x24 CMakeFiles/midi-2-cv.elf.dir/Core/Startup/startup_stm32f411retx.s.obj
 .debug_abbrev  0x00000ef2      0x277 CMakeFiles/midi-2-cv.elf.dir/Drivers/STM32F4xx_HAL_Driver/Src/stm32f4xx_hal.c.obj
 .debug_abbrev  0x00001169      0x391 CMakeFiles/midi-2-cv.elf.dir/Drivers/STM32F4xx_HAL_Driver/Src/stm32f4xx_hal_cortex.c.obj
 .debug_abbrev  0x000014fa      0x27d CMakeFiles/midi-2-cv.elf.dir/Drivers/STM32F4xx_HAL_Driver/Src/stm32f4xx_hal_dma.c.obj
 .debug_abbrev  0x00001777      0x201 CMakeFiles/midi-2-cv.elf.dir/Drivers/STM32F4xx_HAL_Driver/Src/stm32f4xx_hal_gpio.c.obj
 .debug_abbrev  0x00001978      0x2d2 CMakeFiles/midi-2-cv.elf.dir/Drivers/STM32F4xx_HAL_Driver/Src/stm32f4xx_hal_i2c.c.obj
 .debug_abbrev  0x00001c4a      0x2c6 CMakeFiles/midi-2-cv.elf.dir/Drivers/STM32F4xx_HAL_Driver/Src/stm32f4xx_hal_rcc.c.obj
 .debug_abbrev  0x00001f10      0x1c7 CMakeFiles/midi-2-cv.elf.dir/Drivers/STM32F4xx_HAL_Driver/Src/stm32f4xx_hal_rcc_ex.c.obj
 .debug_abbrev  0x000020d7      0x214 CMakeFiles/midi-2-cv.elf.dir/Drivers/STM32F4xx_HAL_Driver/Src/stm32f4xx_hal_rtc.c.obj
 .debug_abbrev  0x000022eb      0x284 CMakeFiles/midi-2-cv.elf.dir/Drivers/STM32F4xx_HAL_Driver/Src/stm32f4xx_hal_tim.c.obj
 .debug_abbrev  0x0000256f      0x282 CMakeFiles/midi-2-cv.elf.dir/Drivers/STM32F4xx_HAL_Driver/Src/stm32f4xx_hal_tim_ex.c.obj
 .debug_abbrev  0x000027f1      0x33c CMakeFiles/midi-2-cv.elf.dir/Drivers/STM32F4xx_HAL_Driver/Src/stm32f4xx_hal_uart.c.obj

.debug_loclists
                0x00000000     0xd6a6
 .debug_loclists
                0x00000000       0xcb CMakeFiles/midi-2-cv.elf.dir/Core/Src/app/buffer.c.obj
 .debug_loclists
                0x000000cb      0x281 CMakeFiles/midi-2-cv.elf.dir/Core/Src/app/midi.c.obj
 .debug_loclists
                0x0000034c      0x39a CMakeFiles/midi-2-cv.elf.dir/Core/Src/app/midi_handler.c.obj
 .debug_loclists
                0x000006e6       0x29 CMakeFiles/midi-2-cv.elf.dir/Core/Src/main.c.obj
 .debug_loclists
                0x0000070f      0x175 CMakeFiles/midi-2-cv.elf.dir/Core/Src/stm32f4xx_hal_msp.c.obj
 .debug_loclists
                0x00000884       0x52 CMakeFiles/midi-2-cv.elf.dir/Core/Src/sysmem.c.obj
 .debug_loclists
                0x000008d6       0xfa CMakeFiles/midi-2-cv.elf.dir/Core/Src/system_stm32f4xx.c.obj
 .debug_loclists
                0x000009d0       0xe1 CMakeFiles/midi-2-cv.elf.dir/Drivers/STM32F4xx_HAL_Driver/Src/stm32f4xx_hal.c.obj
 .debug_loclists
                0x00000ab1      0x54d CMakeFiles/midi-2-cv.elf.dir/Drivers/STM32F4xx_HAL_Driver/Src/stm32f4xx_hal_cortex.c.obj
 .debug_loclists
                0x00000ffe      0x88a CMakeFiles/midi-2-cv.elf.dir/Drivers/STM32F4xx_HAL_Driver/Src/stm32f4xx_hal_dma.c.obj
 .debug_loclists
                0x00001888      0x386 CMakeFiles/midi-2-cv.elf.dir/Drivers/STM32F4xx_HAL_Driver/Src/stm32f4xx_hal_gpio.c.obj
 .debug_loclists
                0x00001c0e     0x31cc CMakeFiles/midi-2-cv.elf.dir/Drivers/STM32F4xx_HAL_Driver/Src/stm32f4xx_hal_i2c.c.obj
 .debug_loclists
                0x00004dda      0x3e5 CMakeFiles/midi-2-cv.elf.dir/Drivers/STM32F4xx_HAL_Driver/Src/stm32f4xx_hal_rcc.c.obj
 .debug_loclists
                0x000051bf      0x274 CMakeFiles/midi-2-cv.elf.dir/Drivers/STM32F4xx_HAL_Driver/Src/stm32f4xx_hal_rcc_ex.c.obj
 .debug_loclists
                0x00005433      0xa31 CMakeFiles/midi-2-cv.elf.dir/Drivers/STM32F4xx_HAL_Driver/Src/stm32f4xx_hal_rtc.c.obj
 .debug_loclists
                0x00005e64     0x37d9 CMakeFiles/midi-2-cv.elf.dir/Drivers/STM32F4xx_HAL_Driver/Src/stm32f4xx_hal_tim.c.obj
 .debug_loclists
                0x0000963d     0x13e0 CMakeFiles/midi-2-cv.elf.dir/Drivers/STM32F4xx_HAL_Driver/Src/stm32f4xx_hal_tim_ex.c.obj
 .debug_loclists
                0x0000aa1d     0x2c89 CMakeFiles/midi-2-cv.elf.dir/Drivers/STM32F4xx_HAL_Driver/Src/stm32f4xx_hal_uart.c.obj

.debug_aranges  0x00000000     0x1108
 .debug_aranges
                0x00000000       0x38 CMakeFiles/midi-2-cv.elf.dir/Core/Src/app/buffer.c.obj
 .debug_aranges
                0x00000038       0x40 CMakeFiles/midi-2-cv.elf.dir/Core/Src/app/midi.c.obj
 .debug_aranges
                0x00000078       0x68 CMakeFiles/midi-2-cv.elf.dir/Core/Src/app/midi_handler.c.obj
 .debug_aranges
                0x000000e0       0x70 CMakeFiles/midi-2-cv.elf.dir/Core/Src/main.c.obj
 .debug_aranges
                0x00000150       0x60 CMakeFiles/midi-2-cv.elf.dir/Core/Src/stm32f4xx_hal_msp.c.obj
 .debug_aranges
                0x000001b0       0x70 CMakeFiles/midi-2-cv.elf.dir/Core/Src/stm32f4xx_it.c.obj
 .debug_aranges
                0x00000220       0x20 CMakeFiles/midi-2-cv.elf.dir/Core/Src/sysmem.c.obj
 .debug_aranges
                0x00000240       0x28 CMakeFiles/midi-2-cv.elf.dir/Core/Src/system_stm32f4xx.c.obj
 .debug_aranges
                0x00000268       0x28 CMakeFiles/midi-2-cv.elf.dir/Core/Startup/startup_stm32f411retx.s.obj
 .debug_aranges
                0x00000290       0xf0 CMakeFiles/midi-2-cv.elf.dir/Drivers/STM32F4xx_HAL_Driver/Src/stm32f4xx_hal.c.obj
 .debug_aranges
                0x00000380       0xf8 CMakeFiles/midi-2-cv.elf.dir/Drivers/STM32F4xx_HAL_Driver/Src/stm32f4xx_hal_cortex.c.obj
 .debug_aranges
                0x00000478       0x90 CMakeFiles/midi-2-cv.elf.dir/Drivers/STM32F4xx_HAL_Driver/Src/stm32f4xx_hal_dma.c.obj
 .debug_aranges
                0x00000508       0x58 CMakeFiles/midi-2-cv.elf.dir/Drivers/STM32F4xx_HAL_Driver/Src/stm32f4xx_hal_gpio.c.obj
 .debug_aranges
                0x00000560      0x2a8 CMakeFiles/midi-2-cv.elf.dir/Drivers/STM32F4xx_HAL_Driver/Src/stm32f4xx_hal_i2c.c.obj
 .debug_aranges
                0x00000808       0x88 CMakeFiles/midi-2-cv.elf.dir/Drivers/STM32F4xx_HAL_Driver/Src/stm32f4xx_hal_rcc.c.obj
 .debug_aranges
                0x00000890       0x50 CMakeFiles/midi-2-cv.elf.dir/Drivers/STM32F4xx_HAL_Driver/Src/stm32f4xx_hal_rcc_ex.c.obj
 .debug_aranges
                0x000008e0       0xe8 CMakeFiles/midi-2-cv.elf.dir/Drivers/STM32F4xx_HAL_Driver/Src/stm32f4xx_hal_rtc.c.obj
 .debug_aranges
                0x000009c8      0x3d0 CMakeFiles/midi-2-cv.elf.dir/Drivers/STM32F4xx_HAL_Driver/Src/stm32f4xx_hal_tim.c.obj
 .debug_aranges
                0x00000d98      0x168 CMakeFiles/midi-2-cv.elf.dir/Drivers/STM32F4xx_HAL_Driver/Src/stm32f4xx_hal_tim_ex.c.obj
 .debug_aranges
                0x00000f00      0x208 CMakeFiles/midi-2-cv.elf.dir/Drivers/STM32F4xx_HAL_Driver/Src/stm32f4xx_hal_uart.c.obj

.debug_rnglists
                0x00000000      0xd25
 .debug_rnglists
                0x00000000       0x25 CMakeFiles/midi-2-cv.elf.dir/Core/Src/app/buffer.c.obj
 .debug_rnglists
                0x00000025       0x2c CMakeFiles/midi-2-cv.elf.dir/Core/Src/app/midi.c.obj
 .debug_rnglists
                0x00000051       0x4a CMakeFiles/midi-2-cv.elf.dir/Core/Src/app/midi_handler.c.obj
 .debug_rnglists
                0x0000009b       0x52 CMakeFiles/midi-2-cv.elf.dir/Core/Src/main.c.obj
 .debug_rnglists
                0x000000ed       0x46 CMakeFiles/midi-2-cv.elf.dir/Core/Src/stm32f4xx_hal_msp.c.obj
 .debug_rnglists
                0x00000133       0x4f CMakeFiles/midi-2-cv.elf.dir/Core/Src/stm32f4xx_it.c.obj
 .debug_rnglists
                0x00000182       0x13 CMakeFiles/midi-2-cv.elf.dir/Core/Src/sysmem.c.obj
 .debug_rnglists
                0x00000195       0x1a CMakeFiles/midi-2-cv.elf.dir/Core/Src/system_stm32f4xx.c.obj
 .debug_rnglists
                0x000001af       0x19 CMakeFiles/midi-2-cv.elf.dir/Core/Startup/startup_stm32f411retx.s.obj
 .debug_rnglists
                0x000001c8       0xaf CMakeFiles/midi-2-cv.elf.dir/Drivers/STM32F4xx_HAL_Driver/Src/stm32f4xx_hal.c.obj
 .debug_rnglists
                0x00000277       0xb5 CMakeFiles/midi-2-cv.elf.dir/Drivers/STM32F4xx_HAL_Driver/Src/stm32f4xx_hal_cortex.c.obj
 .debug_rnglists
                0x0000032c       0x6c CMakeFiles/midi-2-cv.elf.dir/Drivers/STM32F4xx_HAL_Driver/Src/stm32f4xx_hal_dma.c.obj
 .debug_rnglists
                0x00000398       0x3f CMakeFiles/midi-2-cv.elf.dir/Drivers/STM32F4xx_HAL_Driver/Src/stm32f4xx_hal_gpio.c.obj
 .debug_rnglists
                0x000003d7      0x236 CMakeFiles/midi-2-cv.elf.dir/Drivers/STM32F4xx_HAL_Driver/Src/stm32f4xx_hal_i2c.c.obj
 .debug_rnglists
                0x0000060d       0x75 CMakeFiles/midi-2-cv.elf.dir/Drivers/STM32F4xx_HAL_Driver/Src/stm32f4xx_hal_rcc.c.obj
 .debug_rnglists
                0x00000682       0x39 CMakeFiles/midi-2-cv.elf.dir/Drivers/STM32F4xx_HAL_Driver/Src/stm32f4xx_hal_rcc_ex.c.obj
 .debug_rnglists
                0x000006bb       0xb0 CMakeFiles/midi-2-cv.elf.dir/Drivers/STM32F4xx_HAL_Driver/Src/stm32f4xx_hal_rtc.c.obj
 .debug_rnglists
                0x0000076b      0x2ff CMakeFiles/midi-2-cv.elf.dir/Drivers/STM32F4xx_HAL_Driver/Src/stm32f4xx_hal_tim.c.obj
 .debug_rnglists
                0x00000a6a      0x11a CMakeFiles/midi-2-cv.elf.dir/Drivers/STM32F4xx_HAL_Driver/Src/stm32f4xx_hal_tim_ex.c.obj
 .debug_rnglists
                0x00000b84      0x1a1 CMakeFiles/midi-2-cv.elf.dir/Drivers/STM32F4xx_HAL_Driver/Src/stm32f4xx_hal_uart.c.obj

.debug_line     0x00000000    0x16786
 .debug_line    0x00000000      0x3da CMakeFiles/midi-2-cv.elf.dir/Core/Src/app/buffer.c.obj
 .debug_line    0x000003da      0x47c CMakeFiles/midi-2-cv.elf.dir/Core/Src/app/midi.c.obj
 .debug_line    0x00000856      0x7a8 CMakeFiles/midi-2-cv.elf.dir/Core/Src/app/midi_handler.c.obj
 .debug_line    0x00000ffe      0x984 CMakeFiles/midi-2-cv.elf.dir/Core/Src/main.c.obj
 .debug_line    0x00001982      0x706 CMakeFiles/midi-2-cv.elf.dir/Core/Src/stm32f4xx_hal_msp.c.obj
 .debug_line    0x00002088      0x3c9 CMakeFiles/midi-2-cv.elf.dir/Core/Src/stm32f4xx_it.c.obj
 .debug_line    0x00002451      0x22d CMakeFiles/midi-2-cv.elf.dir/Core/Src/sysmem.c.obj
 .debug_line    0x0000267e      0x36f CMakeFiles/midi-2-cv.elf.dir/Core/Src/system_stm32f4xx.c.obj
 .debug_line    0x000029ed       0x7a CMakeFiles/midi-2-cv.elf.dir/Core/Startup/startup_stm32f411retx.s.obj
 .debug_line    0x00002a67      0x6e9 CMakeFiles/midi-2-cv.elf.dir/Drivers/STM32F4xx_HAL_Driver/Src/stm32f4xx_hal.c.obj
 .debug_line    0x00003150      0x9ac CMakeFiles/midi-2-cv.elf.dir/Drivers/STM32F4xx_HAL_Driver/Src/stm32f4xx_hal_cortex.c.obj
 .debug_line    0x00003afc      0xf57 CMakeFiles/midi-2-cv.elf.dir/Drivers/STM32F4xx_HAL_Driver/Src/stm32f4xx_hal_dma.c.obj
 .debug_line    0x00004a53      0x7dd CMakeFiles/midi-2-cv.elf.dir/Drivers/STM32F4xx_HAL_Driver/Src/stm32f4xx_hal_gpio.c.obj
 .debug_line    0x00005230     0x5595 CMakeFiles/midi-2-cv.elf.dir/Drivers/STM32F4xx_HAL_Driver/Src/stm32f4xx_hal_i2c.c.obj
 .debug_line    0x0000a7c5      0xce1 CMakeFiles/midi-2-cv.elf.dir/Drivers/STM32F4xx_HAL_Driver/Src/stm32f4xx_hal_rcc.c.obj
 .debug_line    0x0000b4a6      0x7d4 CMakeFiles/midi-2-cv.elf.dir/Drivers/STM32F4xx_HAL_Driver/Src/stm32f4xx_hal_rcc_ex.c.obj
 .debug_line    0x0000bc7a     0x11c2 CMakeFiles/midi-2-cv.elf.dir/Drivers/STM32F4xx_HAL_Driver/Src/stm32f4xx_hal_rtc.c.obj
 .debug_line    0x0000ce3c     0x4794 CMakeFiles/midi-2-cv.elf.dir/Drivers/STM32F4xx_HAL_Driver/Src/stm32f4xx_hal_tim.c.obj
 .debug_line    0x000115d0     0x1b77 CMakeFiles/midi-2-cv.elf.dir/Drivers/STM32F4xx_HAL_Driver/Src/stm32f4xx_hal_tim_ex.c.obj
 .debug_line    0x00013147     0x363f CMakeFiles/midi-2-cv.elf.dir/Drivers/STM32F4xx_HAL_Driver/Src/stm32f4xx_hal_uart.c.obj

.debug_str      0x00000000     0x59e8
 .debug_str     0x00000000     0x59e8 CMakeFiles/midi-2-cv.elf.dir/Core/Src/app/buffer.c.obj
                                0x319 (size before relaxing)
 .debug_str     0x000059e8      0x4fd CMakeFiles/midi-2-cv.elf.dir/Core/Src/app/midi.c.obj
 .debug_str     0x000059e8      0xb13 CMakeFiles/midi-2-cv.elf.dir/Core/Src/app/midi_handler.c.obj
 .debug_str     0x000059e8     0x1533 CMakeFiles/midi-2-cv.elf.dir/Core/Src/main.c.obj
 .debug_str     0x000059e8     0x14ff CMakeFiles/midi-2-cv.elf.dir/Core/Src/stm32f4xx_hal_msp.c.obj
 .debug_str     0x000059e8      0x78c CMakeFiles/midi-2-cv.elf.dir/Core/Src/stm32f4xx_it.c.obj
 .debug_str     0x000059e8      0x2c3 CMakeFiles/midi-2-cv.elf.dir/Core/Src/sysmem.c.obj
 .debug_str     0x000059e8      0x425 CMakeFiles/midi-2-cv.elf.dir/Core/Src/system_stm32f4xx.c.obj
 .debug_str     0x000059e8      0x10f CMakeFiles/midi-2-cv.elf.dir/Core/Startup/startup_stm32f411retx.s.obj
 .debug_str     0x000059e8      0xabc CMakeFiles/midi-2-cv.elf.dir/Drivers/STM32F4xx_HAL_Driver/Src/stm32f4xx_hal.c.obj
 .debug_str     0x000059e8      0xbbb CMakeFiles/midi-2-cv.elf.dir/Drivers/STM32F4xx_HAL_Driver/Src/stm32f4xx_hal_cortex.c.obj
 .debug_str     0x000059e8      0x814 CMakeFiles/midi-2-cv.elf.dir/Drivers/STM32F4xx_HAL_Driver/Src/stm32f4xx_hal_dma.c.obj
 .debug_str     0x000059e8      0x590 CMakeFiles/midi-2-cv.elf.dir/Drivers/STM32F4xx_HAL_Driver/Src/stm32f4xx_hal_gpio.c.obj
 .debug_str     0x000059e8     0x10e0 CMakeFiles/midi-2-cv.elf.dir/Drivers/STM32F4xx_HAL_Driver/Src/stm32f4xx_hal_i2c.c.obj
 .debug_str     0x000059e8      0x7b6 CMakeFiles/midi-2-cv.elf.dir/Drivers/STM32F4xx_HAL_Driver/Src/stm32f4xx_hal_rcc.c.obj
 .debug_str     0x000059e8      0x5ad CMakeFiles/midi-2-cv.elf.dir/Drivers/STM32F4xx_HAL_Driver/Src/stm32f4xx_hal_rcc_ex.c.obj
 .debug_str     0x000059e8      0x882 CMakeFiles/midi-2-cv.elf.dir/Drivers/STM32F4xx_HAL_Driver/Src/stm32f4xx_hal_rtc.c.obj
 .debug_str     0x000059e8     0x179d CMakeFiles/midi-2-cv.elf.dir/Drivers/STM32F4xx_HAL_Driver/Src/stm32f4xx_hal_tim.c.obj
 .debug_str     0x000059e8      0xfa9 CMakeFiles/midi-2-cv.elf.dir/Drivers/STM32F4xx_HAL_Driver/Src/stm32f4xx_hal_tim_ex.c.obj
 .debug_str     0x000059e8      0xe39 CMakeFiles/midi-2-cv.elf.dir/Drivers/STM32F4xx_HAL_Driver/Src/stm32f4xx_hal_uart.c.obj

.comment        0x00000000       0x45
 .comment       0x00000000       0x45 CMakeFiles/midi-2-cv.elf.dir/Core/Src/app/buffer.c.obj
                                 0x46 (size before relaxing)
 .comment       0x00000045       0x46 CMakeFiles/midi-2-cv.elf.dir/Core/Src/app/midi.c.obj
 .comment       0x00000045       0x46 CMakeFiles/midi-2-cv.elf.dir/Core/Src/app/midi_handler.c.obj
 .comment       0x00000045       0x46 CMakeFiles/midi-2-cv.elf.dir/Core/Src/main.c.obj
 .comment       0x00000045       0x46 CMakeFiles/midi-2-cv.elf.dir/Core/Src/stm32f4xx_hal_msp.c.obj
 .comment       0x00000045       0x46 CMakeFiles/midi-2-cv.elf.dir/Core/Src/stm32f4xx_it.c.obj
 .comment       0x00000045       0x46 CMakeFiles/midi-2-cv.elf.dir/Core/Src/sysmem.c.obj
 .comment       0x00000045       0x46 CMakeFiles/midi-2-cv.elf.dir/Core/Src/system_stm32f4xx.c.obj
 .comment       0x00000045       0x46 CMakeFiles/midi-2-cv.elf.dir/Drivers/STM32F4xx_HAL_Driver/Src/stm32f4xx_hal.c.obj
 .comment       0x00000045       0x46 CMakeFiles/midi-2-cv.elf.dir/Drivers/STM32F4xx_HAL_Driver/Src/stm32f4xx_hal_cortex.c.obj
 .comment       0x00000045       0x46 CMakeFiles/midi-2-cv.elf.dir/Drivers/STM32F4xx_HAL_Driver/Src/stm32f4xx_hal_dma.c.obj
 .comment       0x00000045       0x46 CMakeFiles/midi-2-cv.elf.dir/Drivers/STM32F4xx_HAL_Driver/Src/stm32f4xx_hal_gpio.c.obj
 .comment       0x00000045       0x46 CMakeFiles/midi-2-cv.elf.dir/Drivers/STM32F4xx_HAL_Driver/Src/stm32f4xx_hal_i2c.c.obj
 .comment       0x00000045       0x46 CMakeFiles/midi-2-cv.elf.dir/Drivers/STM32F4xx_HAL_Driver/Src/stm32f4xx_hal_rcc.c.obj
 .comment       0x00000045       0x46 CMakeFiles/midi-2-cv.elf.dir/Drivers/STM32F4xx_HAL_Driver/Src/stm32f4xx_hal_rcc_ex.c.obj
 .comment       0x00000045       0x46 CMakeFiles/midi-2-cv.elf.dir/Drivers/STM32F4xx_HAL_Driver/Src/stm32f4xx_hal_rtc.c.obj
 .comment       0x00000045       0x46 CMakeFiles/midi-2-cv.elf.dir/Drivers/STM32F4xx_HAL_Driver/Src/stm32f4xx_hal_tim.c.obj
 .comment       0x00000045       0x46 CMakeFiles/midi-2-cv.elf.dir/Drivers/STM32F4xx_HAL_Driver/Src/stm32f4xx_hal_tim_ex.c.obj
 .comment       0x00000045       0x46 CMakeFiles/midi-2-cv.elf.dir/Drivers/STM32F4xx_HAL_Driver/Src/stm32f4xx_hal_uart.c.obj

.debug_frame    0x00000000     0x3420
 .debug_frame   0x00000000       0x64 CMakeFiles/midi-2-cv.elf.dir/Core/Src/app/buffer.c.obj
 .debug_frame   0x00000064       0x80 CMakeFiles/midi-2-cv.elf.dir/Core/Src/app/midi.c.obj
 .debug_frame   0x000000e4      0x104 CMakeFiles/midi-2-cv.elf.dir/Core/Src/app/midi_handler.c.obj
 .debug_frame   0x000001e8      0x12c CMakeFiles/midi-2-cv.elf.dir/Core/Src/main.c.obj
 .debug_frame   0x00000314       0xfc CMakeFiles/midi-2-cv.elf.dir/Core/Src/stm32f4xx_hal_msp.c.obj
 .debug_frame   0x00000410       0xd0 CMakeFiles/midi-2-cv.elf.dir/Core/Src/stm32f4xx_it.c.obj
 .debug_frame   0x000004e0       0x28 CMakeFiles/midi-2-cv.elf.dir/Core/Src/sysmem.c.obj
 .debug_frame   0x00000508       0x30 CMakeFiles/midi-2-cv.elf.dir/Core/Src/system_stm32f4xx.c.obj
 .debug_frame   0x00000538      0x1ec CMakeFiles/midi-2-cv.elf.dir/Drivers/STM32F4xx_HAL_Driver/Src/stm32f4xx_hal.c.obj
 .debug_frame   0x00000724      0x214 CMakeFiles/midi-2-cv.elf.dir/Drivers/STM32F4xx_HAL_Driver/Src/stm32f4xx_hal_cortex.c.obj
 .debug_frame   0x00000938      0x188 CMakeFiles/midi-2-cv.elf.dir/Drivers/STM32F4xx_HAL_Driver/Src/stm32f4xx_hal_dma.c.obj
 .debug_frame   0x00000ac0       0xd4 CMakeFiles/midi-2-cv.elf.dir/Drivers/STM32F4xx_HAL_Driver/Src/stm32f4xx_hal_gpio.c.obj
 .debug_frame   0x00000b94      0x988 CMakeFiles/midi-2-cv.elf.dir/Drivers/STM32F4xx_HAL_Driver/Src/stm32f4xx_hal_i2c.c.obj
 .debug_frame   0x0000151c      0x16c CMakeFiles/midi-2-cv.elf.dir/Drivers/STM32F4xx_HAL_Driver/Src/stm32f4xx_hal_rcc.c.obj
 .debug_frame   0x00001688       0xb0 CMakeFiles/midi-2-cv.elf.dir/Drivers/STM32F4xx_HAL_Driver/Src/stm32f4xx_hal_rcc_ex.c.obj
 .debug_frame   0x00001738      0x284 CMakeFiles/midi-2-cv.elf.dir/Drivers/STM32F4xx_HAL_Driver/Src/stm32f4xx_hal_rtc.c.obj
 .debug_frame   0x000019bc      0xb18 CMakeFiles/midi-2-cv.elf.dir/Drivers/STM32F4xx_HAL_Driver/Src/stm32f4xx_hal_tim.c.obj
 .debug_frame   0x000024d4      0x418 CMakeFiles/midi-2-cv.elf.dir/Drivers/STM32F4xx_HAL_Driver/Src/stm32f4xx_hal_tim_ex.c.obj
 .debug_frame   0x000028ec      0x5dc CMakeFiles/midi-2-cv.elf.dir/Drivers/STM32F4xx_HAL_Driver/Src/stm32f4xx_hal_uart.c.obj
 .debug_frame   0x00002ec8       0x2c /Applications/ArmGNUToolchain/13.3.rel1/arm-none-eabi/bin/../lib/gcc/arm-none-eabi/13.3.1/thumb/v7e-m/nofp/libgcc.a(_aeabi_uldivmod.o)
 .debug_frame   0x00002ef4       0x34 /Applications/ArmGNUToolchain/13.3.rel1/arm-none-eabi/bin/../lib/gcc/arm-none-eabi/13.3.1/thumb/v7e-m/nofp/libgcc.a(_udivmoddi4.o)
 .debug_frame   0x00002f28       0x30 /Applications/ArmGNUToolchain/13.3.rel1/arm-none-eabi/bin/../lib/gcc/arm-none-eabi/13.3.1/../../../../arm-none-eabi/lib/thumb/v7e-m/nofp/libg.a(libc_a-malloc.o)
 .debug_frame   0x00002f58       0x48 /Applications/ArmGNUToolchain/13.3.rel1/arm-none-eabi/bin/../lib/gcc/arm-none-eabi/13.3.1/../../../../arm-none-eabi/lib/thumb/v7e-m/nofp/libg.a(libc_a-mallocr.o)
 .debug_frame   0x00002fa0       0x30 /Applications/ArmGNUToolchain/13.3.rel1/arm-none-eabi/bin/../lib/gcc/arm-none-eabi/13.3.1/../../../../arm-none-eabi/lib/thumb/v7e-m/nofp/libg.a(libc_a-mlock.o)
 .debug_frame   0x00002fd0      0x13c /Applications/ArmGNUToolchain/13.3.rel1/arm-none-eabi/bin/../lib/gcc/arm-none-eabi/13.3.1/../../../../arm-none-eabi/lib/thumb/v7e-m/nofp/libg.a(libc_a-findfp.o)
 .debug_frame   0x0000310c       0x2c /Applications/ArmGNUToolchain/13.3.rel1/arm-none-eabi/bin/../lib/gcc/arm-none-eabi/13.3.1/../../../../arm-none-eabi/lib/thumb/v7e-m/nofp/libg.a(libc_a-memset.o)
 .debug_frame   0x00003138       0x2c /Applications/ArmGNUToolchain/13.3.rel1/arm-none-eabi/bin/../lib/gcc/arm-none-eabi/13.3.1/../../../../arm-none-eabi/lib/thumb/v7e-m/nofp/libg.a(libc_a-sbrkr.o)
 .debug_frame   0x00003164       0x20 /Applications/ArmGNUToolchain/13.3.rel1/arm-none-eabi/bin/../lib/gcc/arm-none-eabi/13.3.1/../../../../arm-none-eabi/lib/thumb/v7e-m/nofp/libg.a(libc_a-errno.o)
 .debug_frame   0x00003184       0x28 /Applications/ArmGNUToolchain/13.3.rel1/arm-none-eabi/bin/../lib/gcc/arm-none-eabi/13.3.1/../../../../arm-none-eabi/lib/thumb/v7e-m/nofp/libg.a(libc_a-sysconf.o)
 .debug_frame   0x000031ac       0x2c /Applications/ArmGNUToolchain/13.3.rel1/arm-none-eabi/bin/../lib/gcc/arm-none-eabi/13.3.1/../../../../arm-none-eabi/lib/thumb/v7e-m/nofp/libg.a(libc_a-init.o)
 .debug_frame   0x000031d8       0xb0 /Applications/ArmGNUToolchain/13.3.rel1/arm-none-eabi/bin/../lib/gcc/arm-none-eabi/13.3.1/../../../../arm-none-eabi/lib/thumb/v7e-m/nofp/libg.a(libc_a-lock.o)
 .debug_frame   0x00003288       0x5c /Applications/ArmGNUToolchain/13.3.rel1/arm-none-eabi/bin/../lib/gcc/arm-none-eabi/13.3.1/../../../../arm-none-eabi/lib/thumb/v7e-m/nofp/libg.a(libc_a-__call_atexit.o)
 .debug_frame   0x000032e4       0x20 /Applications/ArmGNUToolchain/13.3.rel1/arm-none-eabi/bin/../lib/gcc/arm-none-eabi/13.3.1/../../../../arm-none-eabi/lib/thumb/v7e-m/nofp/libg.a(libc_a-atexit.o)
 .debug_frame   0x00003304       0x78 /Applications/ArmGNUToolchain/13.3.rel1/arm-none-eabi/bin/../lib/gcc/arm-none-eabi/13.3.1/../../../../arm-none-eabi/lib/thumb/v7e-m/nofp/libg.a(libc_a-freer.o)
 .debug_frame   0x0000337c       0x3c /Applications/ArmGNUToolchain/13.3.rel1/arm-none-eabi/bin/../lib/gcc/arm-none-eabi/13.3.1/../../../../arm-none-eabi/lib/thumb/v7e-m/nofp/libg.a(libc_a-reent.o)
 .debug_frame   0x000033b8       0x34 /Applications/ArmGNUToolchain/13.3.rel1/arm-none-eabi/bin/../lib/gcc/arm-none-eabi/13.3.1/../../../../arm-none-eabi/lib/thumb/v7e-m/nofp/libg.a(libc_a-fini.o)
 .debug_frame   0x000033ec       0x34 /Applications/ArmGNUToolchain/13.3.rel1/arm-none-eabi/bin/../lib/gcc/arm-none-eabi/13.3.1/../../../../arm-none-eabi/lib/thumb/v7e-m/nofp/libg.a(libc_a-__atexit.o)

.debug_line_str
                0x00000000      0x1ce
 .debug_line_str
                0x00000000      0x1ce CMakeFiles/midi-2-cv.elf.dir/Core/Startup/startup_stm32f411retx.s.obj
                                 0xf3 (size before relaxing)
 .debug_line_str
                0x000001ce       0xcf /Applications/ArmGNUToolchain/13.3.rel1/arm-none-eabi/bin/../lib/gcc/arm-none-eabi/13.3.1/thumb/v7e-m/nofp/libgcc.a(_aeabi_uldivmod.o)
 .debug_line_str
                0x000001ce       0xd3 /Applications/ArmGNUToolchain/13.3.rel1/arm-none-eabi/bin/../lib/gcc/arm-none-eabi/13.3.1/thumb/v7e-m/nofp/libgcc.a(_dvmd_tls.o)
