Archive member included to satisfy reference by file (symbol)

/Applications/ArmGNUToolchain/13.2.Rel1/arm-none-eabi/bin/../lib/gcc/arm-none-eabi/13.2.1/../../../../arm-none-eabi/lib/thumb/v7-m/nofp/libg.a(libc_a-exit.o)
                              /Applications/ArmGNUToolchain/13.2.Rel1/arm-none-eabi/bin/../lib/gcc/arm-none-eabi/13.2.1/../../../../arm-none-eabi/lib/thumb/v7-m/nofp/crt0.o (exit)
/Applications/ArmGNUToolchain/13.2.Rel1/arm-none-eabi/bin/../lib/gcc/arm-none-eabi/13.2.1/../../../../arm-none-eabi/lib/thumb/v7-m/nofp/libg.a(libc_a-printf.o)
                              CMakeFiles/stm32F103C8T6_tuner.elf.dir/Core/Src/mcp4728.c.obj (printf)
/Applications/ArmGNUToolchain/13.2.Rel1/arm-none-eabi/bin/../lib/gcc/arm-none-eabi/13.2.1/../../../../arm-none-eabi/lib/thumb/v7-m/nofp/libg.a(libc_a-vfprintf.o)
                              /Applications/ArmGNUToolchain/13.2.Rel1/arm-none-eabi/bin/../lib/gcc/arm-none-eabi/13.2.1/../../../../arm-none-eabi/lib/thumb/v7-m/nofp/libg.a(libc_a-printf.o) (_vfprintf_r)
/Applications/ArmGNUToolchain/13.2.Rel1/arm-none-eabi/bin/../lib/gcc/arm-none-eabi/13.2.1/../../../../arm-none-eabi/lib/thumb/v7-m/nofp/libg.a(libc_a-vfiprintf.o)
                              /Applications/ArmGNUToolchain/13.2.Rel1/arm-none-eabi/bin/../lib/gcc/arm-none-eabi/13.2.1/../../../../arm-none-eabi/lib/thumb/v7-m/nofp/libg.a(libc_a-vfprintf.o) (__sprint_r)
/Applications/ArmGNUToolchain/13.2.Rel1/arm-none-eabi/bin/../lib/gcc/arm-none-eabi/13.2.1/../../../../arm-none-eabi/lib/thumb/v7-m/nofp/libg.a(libc_a-fflush.o)
                              /Applications/ArmGNUToolchain/13.2.Rel1/arm-none-eabi/bin/../lib/gcc/arm-none-eabi/13.2.1/../../../../arm-none-eabi/lib/thumb/v7-m/nofp/libg.a(libc_a-vfprintf.o) (_fflush_r)
/Applications/ArmGNUToolchain/13.2.Rel1/arm-none-eabi/bin/../lib/gcc/arm-none-eabi/13.2.1/../../../../arm-none-eabi/lib/thumb/v7-m/nofp/libg.a(libc_a-findfp.o)
                              /Applications/ArmGNUToolchain/13.2.Rel1/arm-none-eabi/bin/../lib/gcc/arm-none-eabi/13.2.1/../../../../arm-none-eabi/lib/thumb/v7-m/nofp/libg.a(libc_a-fflush.o) (__sglue)
/Applications/ArmGNUToolchain/13.2.Rel1/arm-none-eabi/bin/../lib/gcc/arm-none-eabi/13.2.1/../../../../arm-none-eabi/lib/thumb/v7-m/nofp/libg.a(libc_a-fvwrite.o)
                              /Applications/ArmGNUToolchain/13.2.Rel1/arm-none-eabi/bin/../lib/gcc/arm-none-eabi/13.2.1/../../../../arm-none-eabi/lib/thumb/v7-m/nofp/libg.a(libc_a-vfiprintf.o) (__sfvwrite_r)
/Applications/ArmGNUToolchain/13.2.Rel1/arm-none-eabi/bin/../lib/gcc/arm-none-eabi/13.2.1/../../../../arm-none-eabi/lib/thumb/v7-m/nofp/libg.a(libc_a-fwalk.o)
                              /Applications/ArmGNUToolchain/13.2.Rel1/arm-none-eabi/bin/../lib/gcc/arm-none-eabi/13.2.1/../../../../arm-none-eabi/lib/thumb/v7-m/nofp/libg.a(libc_a-fflush.o) (_fwalk_sglue)
/Applications/ArmGNUToolchain/13.2.Rel1/arm-none-eabi/bin/../lib/gcc/arm-none-eabi/13.2.1/../../../../arm-none-eabi/lib/thumb/v7-m/nofp/libg.a(libc_a-wsetup.o)
                              /Applications/ArmGNUToolchain/13.2.Rel1/arm-none-eabi/bin/../lib/gcc/arm-none-eabi/13.2.1/../../../../arm-none-eabi/lib/thumb/v7-m/nofp/libg.a(libc_a-vfprintf.o) (__swsetup_r)
/Applications/ArmGNUToolchain/13.2.Rel1/arm-none-eabi/bin/../lib/gcc/arm-none-eabi/13.2.1/../../../../arm-none-eabi/lib/thumb/v7-m/nofp/libg.a(libc_a-fputwc.o)
                              /Applications/ArmGNUToolchain/13.2.Rel1/arm-none-eabi/bin/../lib/gcc/arm-none-eabi/13.2.1/../../../../arm-none-eabi/lib/thumb/v7-m/nofp/libg.a(libc_a-vfiprintf.o) (_fputwc_r)
/Applications/ArmGNUToolchain/13.2.Rel1/arm-none-eabi/bin/../lib/gcc/arm-none-eabi/13.2.1/../../../../arm-none-eabi/lib/thumb/v7-m/nofp/libg.a(libc_a-memmove.o)
                              /Applications/ArmGNUToolchain/13.2.Rel1/arm-none-eabi/bin/../lib/gcc/arm-none-eabi/13.2.1/../../../../arm-none-eabi/lib/thumb/v7-m/nofp/libg.a(libc_a-fvwrite.o) (memmove)
/Applications/ArmGNUToolchain/13.2.Rel1/arm-none-eabi/bin/../lib/gcc/arm-none-eabi/13.2.1/../../../../arm-none-eabi/lib/thumb/v7-m/nofp/libg.a(libc_a-memset.o)
                              /Applications/ArmGNUToolchain/13.2.Rel1/arm-none-eabi/bin/../lib/gcc/arm-none-eabi/13.2.1/../../../../arm-none-eabi/lib/thumb/v7-m/nofp/crt0.o (memset)
/Applications/ArmGNUToolchain/13.2.Rel1/arm-none-eabi/bin/../lib/gcc/arm-none-eabi/13.2.1/../../../../arm-none-eabi/lib/thumb/v7-m/nofp/libg.a(libc_a-strncpy.o)
                              /Applications/ArmGNUToolchain/13.2.Rel1/arm-none-eabi/bin/../lib/gcc/arm-none-eabi/13.2.1/../../../../arm-none-eabi/lib/thumb/v7-m/nofp/libg.a(libc_a-vfprintf.o) (strncpy)
/Applications/ArmGNUToolchain/13.2.Rel1/arm-none-eabi/bin/../lib/gcc/arm-none-eabi/13.2.1/../../../../arm-none-eabi/lib/thumb/v7-m/nofp/libg.a(libc_a-locale.o)
[...]
Memory Configuration

Name             Origin             Length             Attributes
RAM              0x20000000         0x00005000         xrw
FLASH            0x08000000         0x00010000         xr
*default*        0x00000000         0xffffffff

Linker script and memory map

LOAD /Applications/ArmGNUToolchain/13.2.Rel1/arm-none-eabi/bin/../lib/gcc/arm-none-eabi/13.2.1/thumb/v7-m/nofp/crti.o
LOAD /Applications/ArmGNUToolchain/13.2.Rel1/arm-none-eabi/bin/../lib/gcc/arm-none-eabi/13.2.1/thumb/v7-m/nofp/crtbegin.o
LOAD /Applications/ArmGNUToolchain/13.2.Rel1/arm-none-eabi/bin/../lib/gcc/arm-none-eabi/13.2.1/../../../../arm-none-eabi/lib/thumb/v7-m/nofp/crt0.o
LOAD CMakeFiles/stm32F103C8T6_tuner.elf.dir/Core/Src/main.c.obj
LOAD CMakeFiles/stm32F103C8T6_tuner.elf.dir/Core/Src/mcp4728.c.obj
LOAD CMakeFiles/stm32F103C8T6_tuner.elf.dir/Core/Src/stm32f1xx_hal_msp.c.obj
LOAD CMakeFiles/stm32F103C8T6_tuner.elf.dir/Core/Src/stm32f1xx_it.c.obj
LOAD CMakeFiles/stm32F103C8T6_tuner.elf.dir/Core/Src/syscalls.c.obj
LOAD CMakeFiles/stm32F103C8T6_tuner.elf.dir/Core/Src/sysmem.c.obj
LOAD CMakeFiles/stm32F103C8T6_tuner.elf.dir/Core/Src/system_stm32f1xx.c.obj
LOAD CMakeFiles/stm32F103C8T6_tuner.elf.dir/Core/Startup/startup_stm32f103c8tx.s.obj
LOAD CMakeFiles/stm32F103C8T6_tuner.elf.dir/Drivers/STM32F1xx_HAL_Driver/Src/stm32f1xx_hal.c.obj
LOAD CMakeFiles/stm32F103C8T6_tuner.elf.dir/Drivers/STM32F1xx_HAL_Driver/Src/stm32f1xx_hal_cortex.c.obj
LOAD CMakeFiles/stm32F103C8T6_tuner.elf.dir/Drivers/STM32F1xx_HAL_Driver/Src/stm32f1xx_hal_dma.c.obj
LOAD CMakeFiles/stm32F103C8T6_tuner.elf.dir/Drivers/STM32F1xx_HAL_Driver/Src/stm32f1xx_hal_exti.c.obj
LOAD CMakeFiles/stm32F103C8T6_tuner.elf.dir/Drivers/STM32F1xx_HAL_Driver/Src/stm32f1xx_hal_flash.c.obj
LOAD CMakeFiles/stm32F103C8T6_tuner.elf.dir/Drivers/STM32F1xx_HAL_Driver/Src/stm32f1xx_hal_flash_ex.c.obj
LOAD CMakeFiles/stm32F103C8T6_tuner.elf.dir/Drivers/STM32F1xx_HAL_Driver/Src/stm32f1xx_hal_gpio.c.obj
LOAD CMakeFiles/stm32F103C8T6_tuner.elf.dir/Drivers/STM32F1xx_HAL_Driver/Src/stm32f1xx_hal_gpio_ex.c.obj
LOAD CMakeFiles/stm32F103C8T6_tuner.elf.dir/Drivers/STM32F1xx_HAL_Driver/Src/stm32f1xx_hal_i2c.c.obj
LOAD CMakeFiles/stm32F103C8T6_tuner.elf.dir/Drivers/STM32F1xx_HAL_Driver/Src/stm32f1xx_hal_pwr.c.obj
LOAD CMakeFiles/stm32F103C8T6_tuner.elf.dir/Drivers/STM32F1xx_HAL_Driver/Src/stm32f1xx_hal_rcc.c.obj
LOAD CMakeFiles/stm32F103C8T6_tuner.elf.dir/Drivers/STM32F1xx_HAL_Driver/Src/stm32f1xx_hal_rcc_ex.c.obj
LOAD CMakeFiles/stm32F103C8T6_tuner.elf.dir/Drivers/STM32F1xx_HAL_Driver/Src/stm32f1xx_hal_tim.c.obj
LOAD CMakeFiles/stm32F103C8T6_tuner.elf.dir/Drivers/STM32F1xx_HAL_Driver/Src/stm32f1xx_hal_tim_ex.c.obj
LOAD CMakeFiles/stm32F103C8T6_tuner.elf.dir/Drivers/STM32F1xx_HAL_Driver/Src/stm32f1xx_hal_uart.c.obj
START GROUP
LOAD /Applications/ArmGNUToolchain/13.2.Rel1/arm-none-eabi/bin/../lib/gcc/arm-none-eabi/13.2.1/thumb/v7-m/nofp/libgcc.a
LOAD /Applications/ArmGNUToolchain/13.2.Rel1/arm-none-eabi/bin/../lib/gcc/arm-none-eabi/13.2.1/../../../../arm-none-eabi/lib/thumb/v7-m/nofp/libg.a
LOAD /Applications/ArmGNUToolchain/13.2.Rel1/arm-none-eabi/bin/../lib/gcc/arm-none-eabi/13.2.1/../../../../arm-none-eabi/lib/thumb/v7-m/nofp/libc.a
END GROUP
LOAD /Applications/ArmGNUToolchain/13.2.Rel1/arm-none-eabi/bin/../lib/gcc/arm-none-eabi/13.2.1/thumb/v7-m/nofp/crtend.o
LOAD /Applications/ArmGNUToolchain/13.2.Rel1/arm-none-eabi/bin/../lib/gcc/arm-none-eabi/13.2.1/thumb/v7-m/nofp/crtn.o
                0x20005000                        _estack = (ORIGIN (RAM) + LENGTH (RAM))
                0x00000200                        _Min_Heap_Size = 0x200
                0x00000400                        _Min_Stack_Size = 0x400

.isr_vector     0x08000000      0x10c
                0x08000000                        . = ALIGN (0x4)
 *(.isr_vector)
 .isr_vector    0x08000000      0x10c CMakeFiles/stm32F103C8T6_tuner.elf.dir/Core/Startup/startup_stm32f103c8tx.s.obj
                0x08000000                g_pfnVectors
                0x0800010c                        . = ALIGN (0x4)

.text           0x08000110     0x8464
                0x08000110                        . = ALIGN (0x4)
 *(.text)
 .text          0x08000110       0xec /Applications/ArmGNUToolchain/13.2.Rel1/arm-none-eabi/bin/../lib/gcc/arm-none-eabi/13.2.1/../../../../arm-none-eabi/lib/thumb/v7-m/nofp/libg.a(libc_a-memcpy.o)
                0x08000110                memcpy
 .text          0x080001fc      0x378 /Applications/ArmGNUToolchain/13.2.Rel1/arm-none-eabi/bin/../lib/gcc/arm-none-eabi/13.2.1/thumb/v7-m/nofp/libgcc.a(_arm_addsubdf3.o)
                0x080001fc                __aeabi_drsub
                0x08000204                __subdf3
                0x08000204                __aeabi_dsub
                0x08000208                __aeabi_dadd
                0x08000208                __adddf3
                0x08000480                __aeabi_ui2d
                0x08000480                __floatunsidf
                0x080004a0                __floatsidf
                0x080004a0                __aeabi_i2d
                0x080004c4                __extendsfdf2
                0x080004c4                __aeabi_f2d
                0x08000508                __aeabi_ul2d
                0x08000508                __floatundidf
                0x08000518                __aeabi_l2d
                0x08000518                __floatdidf
 .text          0x08000574      0x424 /Applications/ArmGNUToolchain/13.2.Rel1/arm-none-eabi/bin/../lib/gcc/arm-none-eabi/13.2.1/thumb/v7-m/nofp/libgcc.a(_arm_muldivdf3.o)
                0x08000574                __aeabi_dmul
                0x08000574                __muldf3
                0x080007c8                __aeabi_ddiv
                0x080007c8                __divdf3
 .text          0x08000998      0x110 /Applications/ArmGNUToolchain/13.2.Rel1/arm-none-eabi/bin/../lib/gcc/arm-none-eabi/13.2.1/thumb/v7-m/nofp/libgcc.a(_arm_cmpdf2.o)
                0x08000998                __gedf2
                0x08000998                __gtdf2
                0x080009a0                __ledf2
                0x080009a0                __ltdf2
                0x080009a8                __cmpdf2
                0x080009a8                __eqdf2
                0x080009a8                __nedf2
                0x08000a24                __aeabi_cdrcmple
                0x08000a34                __aeabi_cdcmple
                0x08000a34                __aeabi_cdcmpeq
                0x08000a44                __aeabi_dcmpeq
                0x08000a58                __aeabi_dcmplt
                0x08000a6c                __aeabi_dcmple
                0x08000a80                __aeabi_dcmpge
                0x08000a94                __aeabi_dcmpgt
 .text          0x08000aa8       0x2c /Applications/ArmGNUToolchain/13.2.Rel1/arm-none-eabi/bin/../lib/gcc/arm-none-eabi/13.2.1/thumb/v7-m/nofp/libgcc.a(_arm_unorddf2.o)
                0x08000aa8                __aeabi_dcmpun
                0x08000aa8                __unorddf2
 .text          0x08000ad4       0x50 /Applications/ArmGNUToolchain/13.2.Rel1/arm-none-eabi/bin/../lib/gcc/arm-none-eabi/13.2.1/thumb/v7-m/nofp/libgcc.a(_arm_fixdfsi.o)
                0x08000ad4                __fixdfsi
                0x08000ad4                __aeabi_d2iz
 *(.text*)
 .text.deregister_tm_clones
                0x08000b24       0x1c /Applications/ArmGNUToolchain/13.2.Rel1/arm-none-eabi/bin/../lib/gcc/arm-none-eabi/13.2.1/thumb/v7-m/nofp/crtbegin.o
 .text.register_tm_clones
                0x08000b40       0x24 /Applications/ArmGNUToolchain/13.2.Rel1/arm-none-eabi/bin/../lib/gcc/arm-none-eabi/13.2.1/thumb/v7-m/nofp/crtbegin.o
 .text.__do_global_dtors_aux
                0x08000b64       0x28 /Applications/ArmGNUToolchain/13.2.Rel1/arm-none-eabi/bin/../lib/gcc/arm-none-eabi/13.2.1/thumb/v7-m/nofp/crtbegin.o
 .text.frame_dummy
                0x08000b8c       0x24 /Applications/ArmGNUToolchain/13.2.Rel1/arm-none-eabi/bin/../lib/gcc/arm-none-eabi/13.2.1/thumb/v7-m/nofp/crtbegin.o
 .text.MX_GPIO_Init
                0x08000bb0       0x30 CMakeFiles/stm32F103C8T6_tuner.elf.dir/Core/Src/main.c.obj
 .text.Error_Handler
                0x08000be0        0x4 CMakeFiles/stm32F103C8T6_tuner.elf.dir/Core/Src/main.c.obj
                0x08000be0                Error_Handler
 .text.MX_I2C1_Init
                0x08000be4       0x38 CMakeFiles/stm32F103C8T6_tuner.elf.dir/Core/Src/main.c.obj
 .text.MX_USART2_UART_Init
                0x08000c1c       0x34 CMakeFiles/stm32F103C8T6_tuner.elf.dir/Core/Src/main.c.obj
 .text.SystemClock_Config
                0x08000c50       0x52 CMakeFiles/stm32F103C8T6_tuner.elf.dir/Core/Src/main.c.obj
                0x08000c50                SystemClock_Config
 *fill*         0x08000ca2        0x2 
 .text.main     0x08000ca4       0x5c CMakeFiles/stm32F103C8T6_tuner.elf.dir/Core/Src/main.c.obj
                0x08000ca4                main
 .text.MCP4728_Write_GeneralCall
                0x08000d00       0x20 CMakeFiles/stm32F103C8T6_tuner.elf.dir/Core/Src/mcp4728.c.obj
                0x08000d00                MCP4728_Write_GeneralCall
 .text.MCP4728_Write_Voltage
                0x08000d20       0x38 CMakeFiles/stm32F103C8T6_tuner.elf.dir/Core/Src/mcp4728.c.obj
                0x08000d20                MCP4728_Write_Voltage
 .text.MCP4728_Init
                0x08000d58       0x6c CMakeFiles/stm32F103C8T6_tuner.elf.dir/Core/Src/mcp4728.c.obj
                0x08000d58                MCP4728_Init
 .text.HAL_MspInit
                0x08000dc4       0x44 CMakeFiles/stm32F103C8T6_tuner.elf.dir/Core/Src/stm32f1xx_hal_msp.c.obj
                0x08000dc4                HAL_MspInit
 .text.HAL_I2C_MspInit
                0x08000e08       0x64 CMakeFiles/stm32F103C8T6_tuner.elf.dir/Core/Src/stm32f1xx_hal_msp.c.obj
                0x08000e08                HAL_I2C_MspInit
 .text.HAL_UART_MspInit
                0x08000e6c       0x74 CMakeFiles/stm32F103C8T6_tuner.elf.dir/Core/Src/stm32f1xx_hal_msp.c.obj
                0x08000e6c                HAL_UART_MspInit
 .text.NMI_Handler
                0x08000ee0        0x2 CMakeFiles/stm32F103C8T6_tuner.elf.dir/Core/Src/stm32f1xx_it.c.obj
                0x08000ee0                NMI_Handler
 .text.HardFault_Handler
                0x08000ee2        0x2 CMakeFiles/stm32F103C8T6_tuner.elf.dir/Core/Src/stm32f1xx_it.c.obj
                0x08000ee2                HardFault_Handler
 .text.MemManage_Handler
                0x08000ee4        0x2 CMakeFiles/stm32F103C8T6_tuner.elf.dir/Core/Src/stm32f1xx_it.c.obj
                0x08000ee4                MemManage_Handler
 .text.BusFault_Handler
                0x08000ee6        0x2 CMakeFiles/stm32F103C8T6_tuner.elf.dir/Core/Src/stm32f1xx_it.c.obj
                0x08000ee6                BusFault_Handler
 .text.UsageFault_Handler
                0x08000ee8        0x2 CMakeFiles/stm32F103C8T6_tuner.elf.dir/Core/Src/stm32f1xx_it.c.obj
                0x08000ee8                UsageFault_Handler
 .text.SVC_Handler
                0x08000eea        0x2 CMakeFiles/stm32F103C8T6_tuner.elf.dir/Core/Src/stm32f1xx_it.c.obj
                0x08000eea                SVC_Handler
 .text.DebugMon_Handler
                0x08000eec        0x2 CMakeFiles/stm32F103C8T6_tuner.elf.dir/Core/Src/stm32f1xx_it.c.obj
                0x08000eec                DebugMon_Handler
 .text.PendSV_Handler
                0x08000eee        0x2 CMakeFiles/stm32F103C8T6_tuner.elf.dir/Core/Src/stm32f1xx_it.c.obj
                0x08000eee                PendSV_Handler
 .text.SysTick_Handler
                0x08000ef0        0x8 CMakeFiles/stm32F103C8T6_tuner.elf.dir/Core/Src/stm32f1xx_it.c.obj
                0x08000ef0                SysTick_Handler
 .text._getpid  0x08000ef8        0x4 CMakeFiles/stm32F103C8T6_tuner.elf.dir/Core/Src/syscalls.c.obj
                0x08000ef8                _getpid
 .text._kill    0x08000efc       0x10 CMakeFiles/stm32F103C8T6_tuner.elf.dir/Core/Src/syscalls.c.obj
                0x08000efc                _kill
 .text._exit    0x08000f0c        0xc CMakeFiles/stm32F103C8T6_tuner.elf.dir/Core/Src/syscalls.c.obj
                0x08000f0c                _exit
 .text._read    0x08000f18       0x20 CMakeFiles/stm32F103C8T6_tuner.elf.dir/Core/Src/syscalls.c.obj
                0x08000f18                _read
 .text._write   0x08000f38       0x1c CMakeFiles/stm32F103C8T6_tuner.elf.dir/Core/Src/syscalls.c.obj
                0x08000f38                _write
 .text._close   0x08000f54        0x6 CMakeFiles/stm32F103C8T6_tuner.elf.dir/Core/Src/syscalls.c.obj
                0x08000f54                _close
 .text._fstat   0x08000f5a        0xa CMakeFiles/stm32F103C8T6_tuner.elf.dir/Core/Src/syscalls.c.obj
                0x08000f5a                _fstat
 .text._isatty  0x08000f64        0x4 CMakeFiles/stm32F103C8T6_tuner.elf.dir/Core/Src/syscalls.c.obj
                0x08000f64                _isatty
 .text._lseek   0x08000f68        0x4 CMakeFiles/stm32F103C8T6_tuner.elf.dir/Core/Src/syscalls.c.obj
                0x08000f68                _lseek
 .text._sbrk    0x08000f6c       0x48 CMakeFiles/stm32F103C8T6_tuner.elf.dir/Core/Src/sysmem.c.obj
                0x08000f6c                _sbrk
 .text.SystemInit
                0x08000fb4        0x2 CMakeFiles/stm32F103C8T6_tuner.elf.dir/Core/Src/system_stm32f1xx.c.obj
                0x08000fb4                SystemInit
 *fill*         0x08000fb6        0x2 
 .text.Reset_Handler
                0x08000fb8       0x48 CMakeFiles/stm32F103C8T6_tuner.elf.dir/Core/Startup/startup_stm32f103c8tx.s.obj
                0x08000fb8                Reset_Handler
 .text.Default_Handler
                0x08001000        0x2 CMakeFiles/stm32F103C8T6_tuner.elf.dir/Core/Startup/startup_stm32f103c8tx.s.obj
                0x08001000                USBWakeUp_IRQHandler
                0x08001000                EXTI2_IRQHandler
                0x08001000                TIM1_CC_IRQHandler
                0x08001000                PVD_IRQHandler
                0x08001000                EXTI3_IRQHandler
                0x08001000                EXTI0_IRQHandler
                0x08001000                I2C2_EV_IRQHandler
                0x08001000                ADC1_2_IRQHandler
                0x08001000                SPI1_IRQHandler
                0x08001000                TAMPER_IRQHandler
                0x08001000                DMA1_Channel4_IRQHandler
                0x08001000                USART3_IRQHandler
                0x08001000                RTC_IRQHandler
                0x08001000                DMA1_Channel7_IRQHandler
                0x08001000                CAN1_RX1_IRQHandler
                0x08001000                TIM4_IRQHandler
                0x08001000                I2C1_EV_IRQHandler
                0x08001000                DMA1_Channel6_IRQHandler
                0x08001000                TIM3_IRQHandler
                0x08001000                RCC_IRQHandler
                0x08001000                TIM1_TRG_COM_IRQHandler
                0x08001000                DMA1_Channel1_IRQHandler
                0x08001000                Default_Handler
                0x08001000                EXTI15_10_IRQHandler
                0x08001000                EXTI9_5_IRQHandler
                0x08001000                SPI2_IRQHandler
                0x08001000                DMA1_Channel5_IRQHandler
                0x08001000                EXTI4_IRQHandler
                0x08001000                USB_LP_CAN1_RX0_IRQHandler
                0x08001000                USB_HP_CAN1_TX_IRQHandler
                0x08001000                DMA1_Channel3_IRQHandler
                0x08001000                TIM1_UP_IRQHandler
                0x08001000                WWDG_IRQHandler
                0x08001000                TIM2_IRQHandler
                0x08001000                TIM1_BRK_IRQHandler
                0x08001000                EXTI1_IRQHandler
                0x08001000                USART2_IRQHandler
                0x08001000                I2C2_ER_IRQHandler
                0x08001000                DMA1_Channel2_IRQHandler
                0x08001000                CAN1_SCE_IRQHandler
                0x08001000                FLASH_IRQHandler
                0x08001000                USART1_IRQHandler
                0x08001000                I2C1_ER_IRQHandler
                0x08001000                RTC_Alarm_IRQHandler
 *fill*         0x08001002        0x2 
 .text.HAL_InitTick
                0x08001004       0x4c CMakeFiles/stm32F103C8T6_tuner.elf.dir/Drivers/STM32F1xx_HAL_Driver/Src/stm32f1xx_hal.c.obj
                0x08001004                HAL_InitTick
 .text.HAL_Init
                0x08001050       0x24 CMakeFiles/stm32F103C8T6_tuner.elf.dir/Drivers/STM32F1xx_HAL_Driver/Src/stm32f1xx_hal.c.obj
                0x08001050                HAL_Init
 .text.HAL_IncTick
                0x08001074       0x18 CMakeFiles/stm32F103C8T6_tuner.elf.dir/Drivers/STM32F1xx_HAL_Driver/Src/stm32f1xx_hal.c.obj
                0x08001074                HAL_IncTick
 .text.HAL_GetTick
                0x0800108c        0xc CMakeFiles/stm32F103C8T6_tuner.elf.dir/Drivers/STM32F1xx_HAL_Driver/Src/stm32f1xx_hal.c.obj
                0x0800108c                HAL_GetTick
 .text.HAL_Delay
                0x08001098       0x28 CMakeFiles/stm32F103C8T6_tuner.elf.dir/Drivers/STM32F1xx_HAL_Driver/Src/stm32f1xx_hal.c.obj
                0x08001098                HAL_Delay
 .text.__NVIC_SetPriority
                0x080010c0       0x28 CMakeFiles/stm32F103C8T6_tuner.elf.dir/Drivers/STM32F1xx_HAL_Driver/Src/stm32f1xx_hal_cortex.c.obj
 .text.NVIC_EncodePriority
                0x080010e8       0x3e CMakeFiles/stm32F103C8T6_tuner.elf.dir/Drivers/STM32F1xx_HAL_Driver/Src/stm32f1xx_hal_cortex.c.obj
 *fill*         0x08001126        0x2 
 .text.HAL_NVIC_SetPriorityGrouping
                0x08001128       0x24 CMakeFiles/stm32F103C8T6_tuner.elf.dir/Drivers/STM32F1xx_HAL_Driver/Src/stm32f1xx_hal_cortex.c.obj
                0x08001128                HAL_NVIC_SetPriorityGrouping
 .text.HAL_NVIC_SetPriority
                0x0800114c       0x20 CMakeFiles/stm32F103C8T6_tuner.elf.dir/Drivers/STM32F1xx_HAL_Driver/Src/stm32f1xx_hal_cortex.c.obj
                0x0800114c                HAL_NVIC_SetPriority
 .text.HAL_SYSTICK_Config
                0x0800116c       0x28 CMakeFiles/stm32F103C8T6_tuner.elf.dir/Drivers/STM32F1xx_HAL_Driver/Src/stm32f1xx_hal_cortex.c.obj
                0x0800116c                HAL_SYSTICK_Config
 .text.HAL_GPIO_Init
                0x08001194      0x21c CMakeFiles/stm32F103C8T6_tuner.elf.dir/Drivers/STM32F1xx_HAL_Driver/Src/stm32f1xx_hal_gpio.c.obj
                0x08001194                HAL_GPIO_Init
 .text.I2C_IsAcknowledgeFailed
                0x080013b0       0x32 CMakeFiles/stm32F103C8T6_tuner.elf.dir/Drivers/STM32F1xx_HAL_Driver/Src/stm32f1xx_hal_i2c.c.obj
 .text.I2C_WaitOnFlagUntilTimeout
                0x080013e2       0xaa CMakeFiles/stm32F103C8T6_tuner.elf.dir/Drivers/STM32F1xx_HAL_Driver/Src/stm32f1xx_hal_i2c.c.obj
 .text.I2C_WaitOnMasterAddressFlagUntilTimeout
                0x0800148c       0xd6 CMakeFiles/stm32F103C8T6_tuner.elf.dir/Drivers/STM32F1xx_HAL_Driver/Src/stm32f1xx_hal_i2c.c.obj
 *fill*         0x08001562        0x2 
 .text.I2C_MasterRequestWrite
                0x08001564       0xb4 CMakeFiles/stm32F103C8T6_tuner.elf.dir/Drivers/STM32F1xx_HAL_Driver/Src/stm32f1xx_hal_i2c.c.obj
 .text.I2C_WaitOnTXEFlagUntilTimeout
                0x08001618       0x5e CMakeFiles/stm32F103C8T6_tuner.elf.dir/Drivers/STM32F1xx_HAL_Driver/Src/stm32f1xx_hal_i2c.c.obj
 .text.I2C_WaitOnBTFFlagUntilTimeout
                0x08001676       0x5e CMakeFiles/stm32F103C8T6_tuner.elf.dir/Drivers/STM32F1xx_HAL_Driver/Src/stm32f1xx_hal_i2c.c.obj
 .text.HAL_I2C_Init
                0x080016d4      0x1bc CMakeFiles/stm32F103C8T6_tuner.elf.dir/Drivers/STM32F1xx_HAL_Driver/Src/stm32f1xx_hal_i2c.c.obj
                0x080016d4                HAL_I2C_Init
 .text.HAL_I2C_Master_Transmit
                0x08001890      0x178 CMakeFiles/stm32F103C8T6_tuner.elf.dir/Drivers/STM32F1xx_HAL_Driver/Src/stm32f1xx_hal_i2c.c.obj
                0x08001890                HAL_I2C_Master_Transmit
 .text.RCC_Delay
                0x08001a08       0x2c CMakeFiles/stm32F103C8T6_tuner.elf.dir/Drivers/STM32F1xx_HAL_Driver/Src/stm32f1xx_hal_rcc.c.obj
 .text.HAL_RCC_OscConfig
                0x08001a34      0x410 CMakeFiles/stm32F103C8T6_tuner.elf.dir/Drivers/STM32F1xx_HAL_Driver/Src/stm32f1xx_hal_rcc.c.obj
                0x08001a34                HAL_RCC_OscConfig
 .text.HAL_RCC_GetSysClockFreq
                0x08001e44       0x54 CMakeFiles/stm32F103C8T6_tuner.elf.dir/Drivers/STM32F1xx_HAL_Driver/Src/stm32f1xx_hal_rcc.c.obj
                0x08001e44                HAL_RCC_GetSysClockFreq
 .text.HAL_RCC_ClockConfig
                0x08001e98      0x16c CMakeFiles/stm32F103C8T6_tuner.elf.dir/Drivers/STM32F1xx_HAL_Driver/Src/stm32f1xx_hal_rcc.c.obj
                0x08001e98                HAL_RCC_ClockConfig
 .text.HAL_RCC_GetHCLKFreq
                0x08002004        0xc CMakeFiles/stm32F103C8T6_tuner.elf.dir/Drivers/STM32F1xx_HAL_Driver/Src/stm32f1xx_hal_rcc.c.obj
                0x08002004                HAL_RCC_GetHCLKFreq
 .text.HAL_RCC_GetPCLK1Freq
                0x08002010       0x20 CMakeFiles/stm32F103C8T6_tuner.elf.dir/Drivers/STM32F1xx_HAL_Driver/Src/stm32f1xx_hal_rcc.c.obj
                0x08002010                HAL_RCC_GetPCLK1Freq
 .text.HAL_RCC_GetPCLK2Freq
                0x08002030       0x20 CMakeFiles/stm32F103C8T6_tuner.elf.dir/Drivers/STM32F1xx_HAL_Driver/Src/stm32f1xx_hal_rcc.c.obj
                0x08002030                HAL_RCC_GetPCLK2Freq
 .text.UART_SetConfig
                0x08002050       0x94 CMakeFiles/stm32F103C8T6_tuner.elf.dir/Drivers/STM32F1xx_HAL_Driver/Src/stm32f1xx_hal_uart.c.obj
 .text.HAL_UART_Init
                0x080020e4       0x60 CMakeFiles/stm32F103C8T6_tuner.elf.dir/Drivers/STM32F1xx_HAL_Driver/Src/stm32f1xx_hal_uart.c.obj
                0x080020e4                HAL_UART_Init
 .text.printf   0x08002144       0x28 /Applications/ArmGNUToolchain/13.2.Rel1/arm-none-eabi/bin/../lib/gcc/arm-none-eabi/13.2.1/../../../../arm-none-eabi/lib/thumb/v7-m/nofp/libg.a(libc_a-printf.o)
                0x08002144                printf
 .text._vfprintf_r
                0x0800216c     0x1bf0 /Applications/ArmGNUToolchain/13.2.Rel1/arm-none-eabi/bin/../lib/gcc/arm-none-eabi/13.2.1/../../../../arm-none-eabi/lib/thumb/v7-m/nofp/libg.a(libc_a-vfprintf.o)
                0x0800216c                _vfprintf_r
 .text.__sbprintf
                0x08003d5c       0x80 /Applications/ArmGNUToolchain/13.2.Rel1/arm-none-eabi/bin/../lib/gcc/arm-none-eabi/13.2.1/../../../../arm-none-eabi/lib/thumb/v7-m/nofp/libg.a(libc_a-vfprintf.o)
 .text.__sprint_r.part.0
                0x08003ddc       0x78 /Applications/ArmGNUToolchain/13.2.Rel1/arm-none-eabi/bin/../lib/gcc/arm-none-eabi/13.2.1/../../../../arm-none-eabi/lib/thumb/v7-m/nofp/libg.a(libc_a-vfiprintf.o)
 .text.__sprint_r
                0x08003e54       0x14 /Applications/ArmGNUToolchain/13.2.Rel1/arm-none-eabi/bin/../lib/gcc/arm-none-eabi/13.2.1/../../../../arm-none-eabi/lib/thumb/v7-m/nofp/libg.a(libc_a-vfiprintf.o)
                0x08003e54                __sprint_r
 .text._vfiprintf_r
                0x08003e68      0xfe8 /Applications/ArmGNUToolchain/13.2.Rel1/arm-none-eabi/bin/../lib/gcc/arm-none-eabi/13.2.1/../../../../arm-none-eabi/lib/thumb/v7-m/nofp/libg.a(libc_a-vfiprintf.o)
                0x08003e68                _vfiprintf_r
 .text.__sbprintf
                0x08004e50       0x80 /Applications/ArmGNUToolchain/13.2.Rel1/arm-none-eabi/bin/../lib/gcc/arm-none-eabi/13.2.1/../../../../arm-none-eabi/lib/thumb/v7-m/nofp/libg.a(libc_a-vfiprintf.o)
 .text.__sflush_r
                0x08004ed0      0x128 /Applications/ArmGNUToolchain/13.2.Rel1/arm-none-eabi/bin/../lib/gcc/arm-none-eabi/13.2.1/../../../../arm-none-eabi/lib/thumb/v7-m/nofp/libg.a(libc_a-fflush.o)
                0x08004ed0                __sflush_r
 .text._fflush_r
                0x08004ff8       0x54 /Applications/ArmGNUToolchain/13.2.Rel1/arm-none-eabi/bin/../lib/gcc/arm-none-eabi/13.2.1/../../../../arm-none-eabi/lib/thumb/v7-m/nofp/libg.a(libc_a-fflush.o)
                0x08004ff8                _fflush_r
 .text.stdio_exit_handler
                0x0800504c       0x18 /Applications/ArmGNUToolchain/13.2.Rel1/arm-none-eabi/bin/../lib/gcc/arm-none-eabi/13.2.1/../../../../arm-none-eabi/lib/thumb/v7-m/nofp/libg.a(libc_a-findfp.o)
 .text.cleanup_stdio
                0x08005064       0x40 /Applications/ArmGNUToolchain/13.2.Rel1/arm-none-eabi/bin/../lib/gcc/arm-none-eabi/13.2.1/../../../../arm-none-eabi/lib/thumb/v7-m/nofp/libg.a(libc_a-findfp.o)
 .text.global_stdio_init.part.0
                0x080050a4       0xf0 /Applications/ArmGNUToolchain/13.2.Rel1/arm-none-eabi/bin/../lib/gcc/arm-none-eabi/13.2.1/../../../../arm-none-eabi/lib/thumb/v7-m/nofp/libg.a(libc_a-findfp.o)
 .text.__sinit  0x08005194       0x3c /Applications/ArmGNUToolchain/13.2.Rel1/arm-none-eabi/bin/../lib/gcc/arm-none-eabi/13.2.1/../../../../arm-none-eabi/lib/thumb/v7-m/nofp/libg.a(libc_a-findfp.o)
                0x08005194                __sinit
 .text.__sfp_lock_acquire
                0x080051d0        0xc /Applications/ArmGNUToolchain/13.2.Rel1/arm-none-eabi/bin/../lib/gcc/arm-none-eabi/13.2.1/../../../../arm-none-eabi/lib/thumb/v7-m/nofp/libg.a(libc_a-findfp.o)
                0x080051d0                __sfp_lock_acquire
 .text.__sfp_lock_release
                0x080051dc        0xc /Applications/ArmGNUToolchain/13.2.Rel1/arm-none-eabi/bin/../lib/gcc/arm-none-eabi/13.2.1/../../../../arm-none-eabi/lib/thumb/v7-m/nofp/libg.a(libc_a-findfp.o)
                0x080051dc                __sfp_lock_release
 .text.__sfvwrite_r
                0x080051e8      0x2ec /Applications/ArmGNUToolchain/13.2.Rel1/arm-none-eabi/bin/../lib/gcc/arm-none-eabi/13.2.1/../../../../arm-none-eabi/lib/thumb/v7-m/nofp/libg.a(libc_a-fvwrite.o)
                0x080051e8                __sfvwrite_r
 .text._fwalk_sglue
                0x080054d4       0x44 /Applications/ArmGNUToolchain/13.2.Rel1/arm-none-eabi/bin/../lib/gcc/arm-none-eabi/13.2.1/../../../../arm-none-eabi/lib/thumb/v7-m/nofp/libg.a(libc_a-fwalk.o)
                0x080054d4                _fwalk_sglue
 .text.__swsetup_r
                0x08005518       0xc4 /Applications/ArmGNUToolchain/13.2.Rel1/arm-none-eabi/bin/../lib/gcc/arm-none-eabi/13.2.1/../../../../arm-none-eabi/lib/thumb/v7-m/nofp/libg.a(libc_a-wsetup.o)
                0x08005518                __swsetup_r
 .text.__fputwc
                0x080055dc       0x7c /Applications/ArmGNUToolchain/13.2.Rel1/arm-none-eabi/bin/../lib/gcc/arm-none-eabi/13.2.1/../../../../arm-none-eabi/lib/thumb/v7-m/nofp/libg.a(libc_a-fputwc.o)
                0x080055dc                __fputwc
 .text._fputwc_r
                0x08005658       0x60 /Applications/ArmGNUToolchain/13.2.Rel1/arm-none-eabi/bin/../lib/gcc/arm-none-eabi/13.2.1/../../../../arm-none-eabi/lib/thumb/v7-m/nofp/libg.a(libc_a-fputwc.o)
                0x08005658                _fputwc_r
 .text.memmove  0x080056b8       0xfc /Applications/ArmGNUToolchain/13.2.Rel1/arm-none-eabi/bin/../lib/gcc/arm-none-eabi/13.2.1/../../../../arm-none-eabi/lib/thumb/v7-m/nofp/libg.a(libc_a-memmove.o)
                0x080056b8                memmove
 .text.memset   0x080057b4       0xa0 /Applications/ArmGNUToolchain/13.2.Rel1/arm-none-eabi/bin/../lib/gcc/arm-none-eabi/13.2.1/../../../../arm-none-eabi/lib/thumb/v7-m/nofp/libg.a(libc_a-memset.o)
                0x080057b4                memset
 .text.strncpy  0x08005854       0x6c /Applications/ArmGNUToolchain/13.2.Rel1/arm-none-eabi/bin/../lib/gcc/arm-none-eabi/13.2.1/../../../../arm-none-eabi/lib/thumb/v7-m/nofp/libg.a(libc_a-strncpy.o)
                0x08005854                strncpy
 .text.__locale_mb_cur_max
                0x080058c0        0xc /Applications/ArmGNUToolchain/13.2.Rel1/arm-none-eabi/bin/../lib/gcc/arm-none-eabi/13.2.1/../../../../arm-none-eabi/lib/thumb/v7-m/nofp/libg.a(libc_a-locale.o)
                0x080058c0                __locale_mb_cur_max
 .text._localeconv_r
                0x080058cc        0x8 /Applications/ArmGNUToolchain/13.2.Rel1/arm-none-eabi/bin/../lib/gcc/arm-none-eabi/13.2.1/../../../../arm-none-eabi/lib/thumb/v7-m/nofp/libg.a(libc_a-localeconv.o)
                0x080058cc                _localeconv_r
 .text.__errno  0x080058d4        0xc /Applications/ArmGNUToolchain/13.2.Rel1/arm-none-eabi/bin/../lib/gcc/arm-none-eabi/13.2.1/../../../../arm-none-eabi/lib/thumb/v7-m/nofp/libg.a(libc_a-errno.o)
                0x080058d4                __errno
 .text.__libc_init_array
                0x080058e0       0x50 /Applications/ArmGNUToolchain/13.2.Rel1/arm-none-eabi/bin/../lib/gcc/arm-none-eabi/13.2.1/../../../../arm-none-eabi/lib/thumb/v7-m/nofp/libg.a(libc_a-init.o)
                0x080058e0                __libc_init_array
 .text.__retarget_lock_init_recursive
                0x08005930        0x4 /Applications/ArmGNUToolchain/13.2.Rel1/arm-none-eabi/bin/../lib/gcc/arm-none-eabi/13.2.1/../../../../arm-none-eabi/lib/thumb/v7-m/nofp/libg.a(libc_a-lock.o)
                0x08005930                __retarget_lock_init_recursive
 .text.__retarget_lock_close_recursive
                0x08005934        0x4 /Applications/ArmGNUToolchain/13.2.Rel1/arm-none-eabi/bin/../lib/gcc/arm-none-eabi/13.2.1/../../../../arm-none-eabi/lib/thumb/v7-m/nofp/libg.a(libc_a-lock.o)
                0x08005934                __retarget_lock_close_recursive
 .text.__retarget_lock_acquire_recursive
                0x08005938        0x4 /Applications/ArmGNUToolchain/13.2.Rel1/arm-none-eabi/bin/../lib/gcc/arm-none-eabi/13.2.1/../../../../arm-none-eabi/lib/thumb/v7-m/nofp/libg.a(libc_a-lock.o)
                0x08005938                __retarget_lock_acquire_recursive
 .text.__retarget_lock_release_recursive
                0x0800593c        0x4 /Applications/ArmGNUToolchain/13.2.Rel1/arm-none-eabi/bin/../lib/gcc/arm-none-eabi/13.2.1/../../../../arm-none-eabi/lib/thumb/v7-m/nofp/libg.a(libc_a-lock.o)
                0x0800593c                __retarget_lock_release_recursive
 .text.memchr   0x08005940       0x98 /Applications/ArmGNUToolchain/13.2.Rel1/arm-none-eabi/bin/../lib/gcc/arm-none-eabi/13.2.1/../../../../arm-none-eabi/lib/thumb/v7-m/nofp/libg.a(libc_a-memchr-stub.o)
                0x08005940                memchr
 .text.strlen   0x080059d8       0x5c /Applications/ArmGNUToolchain/13.2.Rel1/arm-none-eabi/bin/../lib/gcc/arm-none-eabi/13.2.1/../../../../arm-none-eabi/lib/thumb/v7-m/nofp/libg.a(libc_a-strlen-stub.o)
                0x080059d8                strlen
 .text._wcrtomb_r
                0x08005a34       0x4c /Applications/ArmGNUToolchain/13.2.Rel1/arm-none-eabi/bin/../lib/gcc/arm-none-eabi/13.2.1/../../../../arm-none-eabi/lib/thumb/v7-m/nofp/libg.a(libc_a-wcrtomb.o)
                0x08005a34                _wcrtomb_r
 .text._wcsrtombs_r
                0x08005a80       0x18 /Applications/ArmGNUToolchain/13.2.Rel1/arm-none-eabi/bin/../lib/gcc/arm-none-eabi/13.2.1/../../../../arm-none-eabi/lib/thumb/v7-m/nofp/libg.a(libc_a-wcsrtombs.o)
                0x08005a80                _wcsrtombs_r
 .text.frexp    0x08005a98       0x6c /Applications/ArmGNUToolchain/13.2.Rel1/arm-none-eabi/bin/../lib/gcc/arm-none-eabi/13.2.1/../../../../arm-none-eabi/lib/thumb/v7-m/nofp/libg.a(libm_a-s_frexp.o)
                0x08005a98                frexp
 .text.startup.register_fini
                0x08005b04       0x14 /Applications/ArmGNUToolchain/13.2.Rel1/arm-none-eabi/bin/../lib/gcc/arm-none-eabi/13.2.1/../../../../arm-none-eabi/lib/thumb/v7-m/nofp/libg.a(libc_a-__call_atexit.o)
 .text.atexit   0x08005b18        0xc /Applications/ArmGNUToolchain/13.2.Rel1/arm-none-eabi/bin/../lib/gcc/arm-none-eabi/13.2.1/../../../../arm-none-eabi/lib/thumb/v7-m/nofp/libg.a(libc_a-atexit.o)
                0x08005b18                atexit
 .text.quorem   0x08005b24      0x13c /Applications/ArmGNUToolchain/13.2.Rel1/arm-none-eabi/bin/../lib/gcc/arm-none-eabi/13.2.1/../../../../arm-none-eabi/lib/thumb/v7-m/nofp/libg.a(libc_a-dtoa.o)
 .text._dtoa_r  0x08005c60      0xe94 /Applications/ArmGNUToolchain/13.2.Rel1/arm-none-eabi/bin/../lib/gcc/arm-none-eabi/13.2.1/../../../../arm-none-eabi/lib/thumb/v7-m/nofp/libg.a(libc_a-dtoa.o)
                0x08005c60                _dtoa_r
 .text._malloc_trim_r
                0x08006af4       0xb8 /Applications/ArmGNUToolchain/13.2.Rel1/arm-none-eabi/bin/../lib/gcc/arm-none-eabi/13.2.1/../../../../arm-none-eabi/lib/thumb/v7-m/nofp/libg.a(libc_a-freer.o)
                0x08006af4                _malloc_trim_r
 .text._free_r  0x08006bac      0x1f8 /Applications/ArmGNUToolchain/13.2.Rel1/arm-none-eabi/bin/../lib/gcc/arm-none-eabi/13.2.1/../../../../arm-none-eabi/lib/thumb/v7-m/nofp/libg.a(libc_a-freer.o)
                0x08006bac                _free_r
 .text._malloc_r
                0x08006da4      0x568 /Applications/ArmGNUToolchain/13.2.Rel1/arm-none-eabi/bin/../lib/gcc/arm-none-eabi/13.2.1/../../../../arm-none-eabi/lib/thumb/v7-m/nofp/libg.a(libc_a-mallocr.o)
                0x08006da4                _malloc_r
 .text.__ascii_mbtowc
                0x0800730c       0x2c /Applications/ArmGNUToolchain/13.2.Rel1/arm-none-eabi/bin/../lib/gcc/arm-none-eabi/13.2.1/../../../../arm-none-eabi/lib/thumb/v7-m/nofp/libg.a(libc_a-mbtowc_r.o)
                0x0800730c                __ascii_mbtowc
 .text.__smakebuf_r
                0x08007338       0xdc /Applications/ArmGNUToolchain/13.2.Rel1/arm-none-eabi/bin/../lib/gcc/arm-none-eabi/13.2.1/../../../../arm-none-eabi/lib/thumb/v7-m/nofp/libg.a(libc_a-makebuf.o)
                0x08007338                __smakebuf_r
 .text.__malloc_lock
                0x08007414        0xc /Applications/ArmGNUToolchain/13.2.Rel1/arm-none-eabi/bin/../lib/gcc/arm-none-eabi/13.2.1/../../../../arm-none-eabi/lib/thumb/v7-m/nofp/libg.a(libc_a-mlock.o)
                0x08007414                __malloc_lock
 .text.__malloc_unlock
                0x08007420        0xc /Applications/ArmGNUToolchain/13.2.Rel1/arm-none-eabi/bin/../lib/gcc/arm-none-eabi/13.2.1/../../../../arm-none-eabi/lib/thumb/v7-m/nofp/libg.a(libc_a-mlock.o)
                0x08007420                __malloc_unlock
 .text._Balloc  0x0800742c       0x4c /Applications/ArmGNUToolchain/13.2.Rel1/arm-none-eabi/bin/../lib/gcc/arm-none-eabi/13.2.1/../../../../arm-none-eabi/lib/thumb/v7-m/nofp/libg.a(libc_a-mprec.o)
                0x0800742c                _Balloc
 .text._Bfree   0x08007478       0x14 /Applications/ArmGNUToolchain/13.2.Rel1/arm-none-eabi/bin/../lib/gcc/arm-none-eabi/13.2.1/../../../../arm-none-eabi/lib/thumb/v7-m/nofp/libg.a(libc_a-mprec.o)
                0x08007478                _Bfree
 .text.__multadd
                0x0800748c       0xa4 /Applications/ArmGNUToolchain/13.2.Rel1/arm-none-eabi/bin/../lib/gcc/arm-none-eabi/13.2.1/../../../../arm-none-eabi/lib/thumb/v7-m/nofp/libg.a(libc_a-mprec.o)
                0x0800748c                __multadd
 .text.__hi0bits
                0x08007530       0x44 /Applications/ArmGNUToolchain/13.2.Rel1/arm-none-eabi/bin/../lib/gcc/arm-none-eabi/13.2.1/../../../../arm-none-eabi/lib/thumb/v7-m/nofp/libg.a(libc_a-mprec.o)
                0x08007530                __hi0bits
 .text.__lo0bits
                0x08007574       0x5c /Applications/ArmGNUToolchain/13.2.Rel1/arm-none-eabi/bin/../lib/gcc/arm-none-eabi/13.2.1/../../../../arm-none-eabi/lib/thumb/v7-m/nofp/libg.a(libc_a-mprec.o)
                0x08007574                __lo0bits
 .text.__i2b    0x080075d0       0x5c /Applications/ArmGNUToolchain/13.2.Rel1/arm-none-eabi/bin/../lib/gcc/arm-none-eabi/13.2.1/../../../../arm-none-eabi/lib/thumb/v7-m/nofp/libg.a(libc_a-mprec.o)
                0x080075d0                __i2b
 .text.__multiply
                0x0800762c      0x164 /Applications/ArmGNUToolchain/13.2.Rel1/arm-none-eabi/bin/../lib/gcc/arm-none-eabi/13.2.1/../../../../arm-none-eabi/lib/thumb/v7-m/nofp/libg.a(libc_a-mprec.o)
                0x0800762c                __multiply
 .text.__pow5mult
                0x08007790       0xb4 /Applications/ArmGNUToolchain/13.2.Rel1/arm-none-eabi/bin/../lib/gcc/arm-none-eabi/13.2.1/../../../../arm-none-eabi/lib/thumb/v7-m/nofp/libg.a(libc_a-mprec.o)
                0x08007790                __pow5mult
 .text.__lshift
                0x08007844       0xec /Applications/ArmGNUToolchain/13.2.Rel1/arm-none-eabi/bin/../lib/gcc/arm-none-eabi/13.2.1/../../../../arm-none-eabi/lib/thumb/v7-m/nofp/libg.a(libc_a-mprec.o)
                0x08007844                __lshift
 .text.__mcmp   0x08007930       0x40 /Applications/ArmGNUToolchain/13.2.Rel1/arm-none-eabi/bin/../lib/gcc/arm-none-eabi/13.2.1/../../../../arm-none-eabi/lib/thumb/v7-m/nofp/libg.a(libc_a-mprec.o)
                0x08007930                __mcmp
 .text.__mdiff  0x08007970      0x178 /Applications/ArmGNUToolchain/13.2.Rel1/arm-none-eabi/bin/../lib/gcc/arm-none-eabi/13.2.1/../../../../arm-none-eabi/lib/thumb/v7-m/nofp/libg.a(libc_a-mprec.o)
                0x08007970                __mdiff
 .text.__d2b    0x08007ae8       0xbc /Applications/ArmGNUToolchain/13.2.Rel1/arm-none-eabi/bin/../lib/gcc/arm-none-eabi/13.2.1/../../../../arm-none-eabi/lib/thumb/v7-m/nofp/libg.a(libc_a-mprec.o)
                0x08007ae8                __d2b
 .text._fclose_r
                0x08007ba4       0xc0 /Applications/ArmGNUToolchain/13.2.Rel1/arm-none-eabi/bin/../lib/gcc/arm-none-eabi/13.2.1/../../../../arm-none-eabi/lib/thumb/v7-m/nofp/libg.a(libc_a-fclose.o)
                0x08007ba4                _fclose_r
 .text._realloc_r
                0x08007c64      0x34c /Applications/ArmGNUToolchain/13.2.Rel1/arm-none-eabi/bin/../lib/gcc/arm-none-eabi/13.2.1/../../../../arm-none-eabi/lib/thumb/v7-m/nofp/libg.a(libc_a-reallocr.o)
                0x08007c64                _realloc_r
 .text.__sread  0x08007fb0       0x24 /Applications/ArmGNUToolchain/13.2.Rel1/arm-none-eabi/bin/../lib/gcc/arm-none-eabi/13.2.1/../../../../arm-none-eabi/lib/thumb/v7-m/nofp/libg.a(libc_a-stdio.o)
                0x08007fb0                __sread
 .text.__swrite
                0x08007fd4       0x40 /Applications/ArmGNUToolchain/13.2.Rel1/arm-none-eabi/bin/../lib/gcc/arm-none-eabi/13.2.1/../../../../arm-none-eabi/lib/thumb/v7-m/nofp/libg.a(libc_a-stdio.o)
                0x08007fd4                __swrite
 .text.__sseek  0x08008014       0x24 /Applications/ArmGNUToolchain/13.2.Rel1/arm-none-eabi/bin/../lib/gcc/arm-none-eabi/13.2.1/../../../../arm-none-eabi/lib/thumb/v7-m/nofp/libg.a(libc_a-stdio.o)
                0x08008014                __sseek
 .text.__sclose
                0x08008038        0x8 /Applications/ArmGNUToolchain/13.2.Rel1/arm-none-eabi/bin/../lib/gcc/arm-none-eabi/13.2.1/../../../../arm-none-eabi/lib/thumb/v7-m/nofp/libg.a(libc_a-stdio.o)
                0x08008038                __sclose
 .text.__ascii_wctomb
                0x08008040       0x1c /Applications/ArmGNUToolchain/13.2.Rel1/arm-none-eabi/bin/../lib/gcc/arm-none-eabi/13.2.1/../../../../arm-none-eabi/lib/thumb/v7-m/nofp/libg.a(libc_a-wctomb_r.o)
                0x08008040                __ascii_wctomb
 .text.__swbuf_r
                0x0800805c       0xac /Applications/ArmGNUToolchain/13.2.Rel1/arm-none-eabi/bin/../lib/gcc/arm-none-eabi/13.2.1/../../../../arm-none-eabi/lib/thumb/v7-m/nofp/libg.a(libc_a-wbuf.o)
                0x0800805c                __swbuf_r
 .text._close_r
                0x08008108       0x24 /Applications/ArmGNUToolchain/13.2.Rel1/arm-none-eabi/bin/../lib/gcc/arm-none-eabi/13.2.1/../../../../arm-none-eabi/lib/thumb/v7-m/nofp/libg.a(libc_a-closer.o)
                0x08008108                _close_r
 .text._fstat_r
                0x0800812c       0x28 /Applications/ArmGNUToolchain/13.2.Rel1/arm-none-eabi/bin/../lib/gcc/arm-none-eabi/13.2.1/../../../../arm-none-eabi/lib/thumb/v7-m/nofp/libg.a(libc_a-fstatr.o)
                0x0800812c                _fstat_r
 .text._isatty_r
                0x08008154       0x24 /Applications/ArmGNUToolchain/13.2.Rel1/arm-none-eabi/bin/../lib/gcc/arm-none-eabi/13.2.1/../../../../arm-none-eabi/lib/thumb/v7-m/nofp/libg.a(libc_a-isattyr.o)
                0x08008154                _isatty_r
 .text._lseek_r
                0x08008178       0x2c /Applications/ArmGNUToolchain/13.2.Rel1/arm-none-eabi/bin/../lib/gcc/arm-none-eabi/13.2.1/../../../../arm-none-eabi/lib/thumb/v7-m/nofp/libg.a(libc_a-lseekr.o)
                0x08008178                _lseek_r
 .text._read_r  0x080081a4       0x2c /Applications/ArmGNUToolchain/13.2.Rel1/arm-none-eabi/bin/../lib/gcc/arm-none-eabi/13.2.1/../../../../arm-none-eabi/lib/thumb/v7-m/nofp/libg.a(libc_a-readr.o)
                0x080081a4                _read_r
 .text._sbrk_r  0x080081d0       0x24 /Applications/ArmGNUToolchain/13.2.Rel1/arm-none-eabi/bin/../lib/gcc/arm-none-eabi/13.2.1/../../../../arm-none-eabi/lib/thumb/v7-m/nofp/libg.a(libc_a-sbrkr.o)
                0x080081d0                _sbrk_r
 .text._write_r
                0x080081f4       0x2c /Applications/ArmGNUToolchain/13.2.Rel1/arm-none-eabi/bin/../lib/gcc/arm-none-eabi/13.2.1/../../../../arm-none-eabi/lib/thumb/v7-m/nofp/libg.a(libc_a-writer.o)
                0x080081f4                _write_r
 .text.sysconf  0x08008220       0x1c /Applications/ArmGNUToolchain/13.2.Rel1/arm-none-eabi/bin/../lib/gcc/arm-none-eabi/13.2.1/../../../../arm-none-eabi/lib/thumb/v7-m/nofp/libg.a(libc_a-sysconf.o)
                0x08008220                sysconf
 .text.__libc_fini_array
                0x0800823c       0x28 /Applications/ArmGNUToolchain/13.2.Rel1/arm-none-eabi/bin/../lib/gcc/arm-none-eabi/13.2.1/../../../../arm-none-eabi/lib/thumb/v7-m/nofp/libg.a(libc_a-fini.o)
                0x0800823c                __libc_fini_array
 .text._wcsnrtombs_l
                0x08008264       0xec /Applications/ArmGNUToolchain/13.2.Rel1/arm-none-eabi/bin/../lib/gcc/arm-none-eabi/13.2.1/../../../../arm-none-eabi/lib/thumb/v7-m/nofp/libg.a(libc_a-wcsnrtombs.o)
                0x08008264                _wcsnrtombs_l
 .text._wcsnrtombs_r
                0x08008350       0x24 /Applications/ArmGNUToolchain/13.2.Rel1/arm-none-eabi/bin/../lib/gcc/arm-none-eabi/13.2.1/../../../../arm-none-eabi/lib/thumb/v7-m/nofp/libg.a(libc_a-wcsnrtombs.o)
                0x08008350                _wcsnrtombs_r
 .text.__register_exitproc
                0x08008374       0x80 /Applications/ArmGNUToolchain/13.2.Rel1/arm-none-eabi/bin/../lib/gcc/arm-none-eabi/13.2.1/../../../../arm-none-eabi/lib/thumb/v7-m/nofp/libg.a(libc_a-__atexit.o)
                0x08008374                __register_exitproc
 .text.__assert_func
                0x080083f4       0x40 /Applications/ArmGNUToolchain/13.2.Rel1/arm-none-eabi/bin/../lib/gcc/arm-none-eabi/13.2.1/../../../../arm-none-eabi/lib/thumb/v7-m/nofp/libg.a(libc_a-assert.o)
                0x080083f4                __assert_func
 .text._calloc_r
                0x08008434       0x6c /Applications/ArmGNUToolchain/13.2.Rel1/arm-none-eabi/bin/../lib/gcc/arm-none-eabi/13.2.1/../../../../arm-none-eabi/lib/thumb/v7-m/nofp/libg.a(libc_a-callocr.o)
                0x08008434                _calloc_r
 .text.fiprintf
                0x080084a0       0x28 /Applications/ArmGNUToolchain/13.2.Rel1/arm-none-eabi/bin/../lib/gcc/arm-none-eabi/13.2.1/../../../../arm-none-eabi/lib/thumb/v7-m/nofp/libg.a(libc_a-fiprintf.o)
                0x080084a0                fiprintf
 .text.abort    0x080084c8       0x10 /Applications/ArmGNUToolchain/13.2.Rel1/arm-none-eabi/bin/../lib/gcc/arm-none-eabi/13.2.1/../../../../arm-none-eabi/lib/thumb/v7-m/nofp/libg.a(libc_a-abort.o)
                0x080084c8                abort
 .text.raise    0x080084d8       0x58 /Applications/ArmGNUToolchain/13.2.Rel1/arm-none-eabi/bin/../lib/gcc/arm-none-eabi/13.2.1/../../../../arm-none-eabi/lib/thumb/v7-m/nofp/libg.a(libc_a-signal.o)
                0x080084d8                raise
 .text._kill_r  0x08008530       0x28 /Applications/ArmGNUToolchain/13.2.Rel1/arm-none-eabi/bin/../lib/gcc/arm-none-eabi/13.2.1/../../../../arm-none-eabi/lib/thumb/v7-m/nofp/libg.a(libc_a-signalr.o)
                0x08008530                _kill_r
 .text._getpid_r
                0x08008558        0x4 /Applications/ArmGNUToolchain/13.2.Rel1/arm-none-eabi/bin/../lib/gcc/arm-none-eabi/13.2.1/../../../../arm-none-eabi/lib/thumb/v7-m/nofp/libg.a(libc_a-signalr.o)
                0x08008558                _getpid_r
 *(.glue_7)
 .glue_7        0x0800855c        0x0 linker stubs
 *(.glue_7t)
 .glue_7t       0x0800855c        0x0 linker stubs
 *(.eh_frame)
 .eh_frame      0x0800855c        0x0 /Applications/ArmGNUToolchain/13.2.Rel1/arm-none-eabi/bin/../lib/gcc/arm-none-eabi/13.2.1/thumb/v7-m/nofp/crtbegin.o
 *(.init)
 .init          0x0800855c        0x4 /Applications/ArmGNUToolchain/13.2.Rel1/arm-none-eabi/bin/../lib/gcc/arm-none-eabi/13.2.1/thumb/v7-m/nofp/crti.o
                0x0800855c                _init
 .init          0x08008560        0x8 /Applications/ArmGNUToolchain/13.2.Rel1/arm-none-eabi/bin/../lib/gcc/arm-none-eabi/13.2.1/thumb/v7-m/nofp/crtn.o
 *(.fini)
 .fini          0x08008568        0x4 /Applications/ArmGNUToolchain/13.2.Rel1/arm-none-eabi/bin/../lib/gcc/arm-none-eabi/13.2.1/thumb/v7-m/nofp/crti.o
                0x08008568                _fini
 .fini          0x0800856c        0x8 /Applications/ArmGNUToolchain/13.2.Rel1/arm-none-eabi/bin/../lib/gcc/arm-none-eabi/13.2.1/thumb/v7-m/nofp/crtn.o
                0x08008574                        . = ALIGN (0x4)
                0x08008574                        _etext = .

.vfp11_veneer   0x08008574        0x0
 .vfp11_veneer  0x08008574        0x0 linker stubs

.v4_bx          0x08008574        0x0
 .v4_bx         0x08008574        0x0 linker stubs

.iplt           0x08008574        0x0
 .iplt          0x08008574        0x0 /Applications/ArmGNUToolchain/13.2.Rel1/arm-none-eabi/bin/../lib/gcc/arm-none-eabi/13.2.1/thumb/v7-m/nofp/crtbegin.o

.rodata         0x08008578      0x430
                0x08008578                        . = ALIGN (0x4)
 *(.rodata)
 *(.rodata*)
 .rodata.MCP4728_Init.str1.4
                0x08008578      0x1bf CMakeFiles/stm32F103C8T6_tuner.elf.dir/Core/Src/mcp4728.c.obj
                                  0x6 (size before relaxing)
 *fill*         0x08008737        0x1 
 .rodata.APBPrescTable
                0x08008738        0x8 CMakeFiles/stm32F103C8T6_tuner.elf.dir/Core/Src/system_stm32f1xx.c.obj
                0x08008738                APBPrescTable
 .rodata.AHBPrescTable
                0x08008740       0x10 CMakeFiles/stm32F103C8T6_tuner.elf.dir/Core/Src/system_stm32f1xx.c.obj
                0x08008740                AHBPrescTable
 .rodata.aPredivFactorTable.0
                0x08008750        0x2 CMakeFiles/stm32F103C8T6_tuner.elf.dir/Drivers/STM32F1xx_HAL_Driver/Src/stm32f1xx_hal_rcc.c.obj
 *fill*         0x08008752        0x2 
 .rodata.aPLLMULFactorTable.1
                0x08008754       0x10 CMakeFiles/stm32F103C8T6_tuner.elf.dir/Drivers/STM32F1xx_HAL_Driver/Src/stm32f1xx_hal_rcc.c.obj
 .rodata._vfprintf_r.str1.4
                0x08008764       0x42 /Applications/ArmGNUToolchain/13.2.Rel1/arm-none-eabi/bin/../lib/gcc/arm-none-eabi/13.2.1/../../../../arm-none-eabi/lib/thumb/v7-m/nofp/libg.a(libc_a-vfprintf.o)
 .rodata.zeroes.0
                0x08008764       0x10 /Applications/ArmGNUToolchain/13.2.Rel1/arm-none-eabi/bin/../lib/gcc/arm-none-eabi/13.2.1/../../../../arm-none-eabi/lib/thumb/v7-m/nofp/libg.a(libc_a-vfprintf.o)
 .rodata.blanks.1
                0x08008774       0x10 /Applications/ArmGNUToolchain/13.2.Rel1/arm-none-eabi/bin/../lib/gcc/arm-none-eabi/13.2.1/../../../../arm-none-eabi/lib/thumb/v7-m/nofp/libg.a(libc_a-vfprintf.o)
 .rodata._vfiprintf_r.str1.4
                0x08008784       0x2f /Applications/ArmGNUToolchain/13.2.Rel1/arm-none-eabi/bin/../lib/gcc/arm-none-eabi/13.2.1/../../../../arm-none-eabi/lib/thumb/v7-m/nofp/libg.a(libc_a-vfiprintf.o)
 .rodata.zeroes.0
                0x08008784       0x10 /Applications/ArmGNUToolchain/13.2.Rel1/arm-none-eabi/bin/../lib/gcc/arm-none-eabi/13.2.1/../../../../arm-none-eabi/lib/thumb/v7-m/nofp/libg.a(libc_a-vfiprintf.o)
 .rodata.blanks.1
                0x08008794       0x10 /Applications/ArmGNUToolchain/13.2.Rel1/arm-none-eabi/bin/../lib/gcc/arm-none-eabi/13.2.1/../../../../arm-none-eabi/lib/thumb/v7-m/nofp/libg.a(libc_a-vfiprintf.o)
 .rodata.str1.4
                0x080087a4       0x4c /Applications/ArmGNUToolchain/13.2.Rel1/arm-none-eabi/bin/../lib/gcc/arm-none-eabi/13.2.1/../../../../arm-none-eabi/lib/thumb/v7-m/nofp/libg.a(libc_a-locale.o)
 .rodata._ctype_
                0x080087a4      0x101 /Applications/ArmGNUToolchain/13.2.Rel1/arm-none-eabi/bin/../lib/gcc/arm-none-eabi/13.2.1/../../../../arm-none-eabi/lib/thumb/v7-m/nofp/libg.a(libc_a-ctype_.o)
                0x080087a4                _ctype_
 .rodata._dtoa_r.str1.4
                0x080088a5       0x89 /Applications/ArmGNUToolchain/13.2.Rel1/arm-none-eabi/bin/../lib/gcc/arm-none-eabi/13.2.1/../../../../arm-none-eabi/lib/thumb/v7-m/nofp/libg.a(libc_a-dtoa.o)
 .rodata.__multadd.str1.4
                0x080088a5       0x76 /Applications/ArmGNUToolchain/13.2.Rel1/arm-none-eabi/bin/../lib/gcc/arm-none-eabi/13.2.1/../../../../arm-none-eabi/lib/thumb/v7-m/nofp/libg.a(libc_a-mprec.o)
 *fill*         0x080088a5        0x3 
 .rodata.p05.0  0x080088a8        0xc /Applications/ArmGNUToolchain/13.2.Rel1/arm-none-eabi/bin/../lib/gcc/arm-none-eabi/13.2.1/../../../../arm-none-eabi/lib/thumb/v7-m/nofp/libg.a(libc_a-mprec.o)
 *fill*         0x080088b4        0x4 
 .rodata.__mprec_bigtens
                0x080088b8       0x28 /Applications/ArmGNUToolchain/13.2.Rel1/arm-none-eabi/bin/../lib/gcc/arm-none-eabi/13.2.1/../../../../arm-none-eabi/lib/thumb/v7-m/nofp/libg.a(libc_a-mprec.o)
                0x080088b8                __mprec_bigtens
 .rodata.__mprec_tens
                0x080088e0       0xc8 /Applications/ArmGNUToolchain/13.2.Rel1/arm-none-eabi/bin/../lib/gcc/arm-none-eabi/13.2.1/../../../../arm-none-eabi/lib/thumb/v7-m/nofp/libg.a(libc_a-mprec.o)
                0x080088e0                __mprec_tens
 .rodata.__assert_func.str1.4
                0x080089a8       0x43 /Applications/ArmGNUToolchain/13.2.Rel1/arm-none-eabi/bin/../lib/gcc/arm-none-eabi/13.2.1/../../../../arm-none-eabi/lib/thumb/v7-m/nofp/libg.a(libc_a-assert.o)
                0x080089ec                        . = ALIGN (0x4)

.ARM.extab      0x080089a8        0x0
                0x080089a8                        . = ALIGN (0x4)
 *(.ARM.extab* .gnu.linkonce.armextab.*)
                0x080089a8                        . = ALIGN (0x4)

.ARM            0x080089a8        0x8
                0x080089a8                        . = ALIGN (0x4)
                0x080089a8                        __exidx_start = .
 *(.ARM.exidx*)
 .ARM.exidx     0x080089a8        0x8 /Applications/ArmGNUToolchain/13.2.Rel1/arm-none-eabi/bin/../lib/gcc/arm-none-eabi/13.2.1/../../../../arm-none-eabi/lib/thumb/v7-m/nofp/libg.a(libc_a-memcpy.o)
                0x080089b0                        __exidx_end = .
                0x080089b0                        . = ALIGN (0x4)

.preinit_array  0x080089b0        0x0
                0x080089b0                        . = ALIGN (0x4)
                0x080089b0                        PROVIDE (__preinit_array_start = .)
 *(.preinit_array*)
                0x080089b0                        PROVIDE (__preinit_array_end = .)
                0x080089b0                        . = ALIGN (0x4)

.init_array     0x080089b0        0x8
                0x080089b0                        . = ALIGN (0x4)
                0x080089b0                        PROVIDE (__init_array_start = .)
 *(SORT_BY_NAME(.init_array.*))
 .init_array.00000
                0x080089b0        0x4 /Applications/ArmGNUToolchain/13.2.Rel1/arm-none-eabi/bin/../lib/gcc/arm-none-eabi/13.2.1/../../../../arm-none-eabi/lib/thumb/v7-m/nofp/libg.a(libc_a-__call_atexit.o)
 *(.init_array*)
 .init_array    0x080089b4        0x4 /Applications/ArmGNUToolchain/13.2.Rel1/arm-none-eabi/bin/../lib/gcc/arm-none-eabi/13.2.1/thumb/v7-m/nofp/crtbegin.o
                0x080089b8                        PROVIDE (__init_array_end = .)
                0x080089b8                        . = ALIGN (0x4)

.fini_array     0x080089b8        0x4
                0x080089b8                        . = ALIGN (0x4)
                0x080089b8                        PROVIDE (__fini_array_start = .)
 *(SORT_BY_NAME(.fini_array.*))
 *(.fini_array*)
 .fini_array    0x080089b8        0x4 /Applications/ArmGNUToolchain/13.2.Rel1/arm-none-eabi/bin/../lib/gcc/arm-none-eabi/13.2.1/thumb/v7-m/nofp/crtbegin.o
                0x080089bc                        PROVIDE (__fini_array_end = .)
                0x080089bc                        . = ALIGN (0x4)
                0x080089bc                        _sidata = LOADADDR (.data)

.rel.dyn        0x080089bc        0x0
 .rel.iplt      0x080089bc        0x0 /Applications/ArmGNUToolchain/13.2.Rel1/arm-none-eabi/bin/../lib/gcc/arm-none-eabi/13.2.1/thumb/v7-m/nofp/crtbegin.o

.data           0x20000000      0x6c0 load address 0x080089bc
                0x20000000                        . = ALIGN (0x4)
                0x20000000                        _sdata = .
 *(.data)
 *(.data*)
 .data.SystemCoreClock
                0x20000000        0x4 CMakeFiles/stm32F103C8T6_tuner.elf.dir/Core/Src/system_stm32f1xx.c.obj
                0x20000000                SystemCoreClock
 .data.uwTickFreq
                0x20000004        0x1 CMakeFiles/stm32F103C8T6_tuner.elf.dir/Drivers/STM32F1xx_HAL_Driver/Src/stm32f1xx_hal.c.obj
                0x20000004                uwTickFreq
 *fill*         0x20000005        0x3 
 .data.uwTickPrio
                0x20000008        0x4 CMakeFiles/stm32F103C8T6_tuner.elf.dir/Drivers/STM32F1xx_HAL_Driver/Src/stm32f1xx_hal.c.obj
                0x20000008                uwTickPrio
 .data.__sglue  0x2000000c        0xc /Applications/ArmGNUToolchain/13.2.Rel1/arm-none-eabi/bin/../lib/gcc/arm-none-eabi/13.2.1/../../../../arm-none-eabi/lib/thumb/v7-m/nofp/libg.a(libc_a-findfp.o)
                0x2000000c                __sglue
 .data.__global_locale
                0x20000018      0x16c /Applications/ArmGNUToolchain/13.2.Rel1/arm-none-eabi/bin/../lib/gcc/arm-none-eabi/13.2.1/../../../../arm-none-eabi/lib/thumb/v7-m/nofp/libg.a(libc_a-locale.o)
                0x20000018                __global_locale
 .data._impure_ptr
                0x20000184        0x4 /Applications/ArmGNUToolchain/13.2.Rel1/arm-none-eabi/bin/../lib/gcc/arm-none-eabi/13.2.1/../../../../arm-none-eabi/lib/thumb/v7-m/nofp/libg.a(libc_a-impure.o)
                0x20000184                _impure_ptr
 .data._impure_data
                0x20000188      0x120 /Applications/ArmGNUToolchain/13.2.Rel1/arm-none-eabi/bin/../lib/gcc/arm-none-eabi/13.2.1/../../../../arm-none-eabi/lib/thumb/v7-m/nofp/libg.a(libc_a-impure.o)
                0x20000188                _impure_data
 .data.__atexit_recursive_mutex
                0x200002a8        0x4 /Applications/ArmGNUToolchain/13.2.Rel1/arm-none-eabi/bin/../lib/gcc/arm-none-eabi/13.2.1/../../../../arm-none-eabi/lib/thumb/v7-m/nofp/libg.a(libc_a-__call_atexit.o)
                0x200002a8                __atexit_recursive_mutex
 .data.__malloc_sbrk_base
                0x200002ac        0x4 /Applications/ArmGNUToolchain/13.2.Rel1/arm-none-eabi/bin/../lib/gcc/arm-none-eabi/13.2.1/../../../../arm-none-eabi/lib/thumb/v7-m/nofp/libg.a(libc_a-mallocr.o)
                0x200002ac                __malloc_sbrk_base
 .data.__malloc_trim_threshold
                0x200002b0        0x4 /Applications/ArmGNUToolchain/13.2.Rel1/arm-none-eabi/bin/../lib/gcc/arm-none-eabi/13.2.1/../../../../arm-none-eabi/lib/thumb/v7-m/nofp/libg.a(libc_a-mallocr.o)
                0x200002b0                __malloc_trim_threshold
 *fill*         0x200002b4        0x4 
 .data.__malloc_av_
                0x200002b8      0x408 /Applications/ArmGNUToolchain/13.2.Rel1/arm-none-eabi/bin/../lib/gcc/arm-none-eabi/13.2.1/../../../../arm-none-eabi/lib/thumb/v7-m/nofp/libg.a(libc_a-mallocr.o)
                0x200002b8                __malloc_av_
 *(.RamFunc)
 *(.RamFunc*)
                0x200006c0                        . = ALIGN (0x4)
                0x200006c0                        _edata = .

.tm_clone_table
                0x200006c0        0x0 load address 0x0800907c
 .tm_clone_table
                0x200006c0        0x0 /Applications/ArmGNUToolchain/13.2.Rel1/arm-none-eabi/bin/../lib/gcc/arm-none-eabi/13.2.1/thumb/v7-m/nofp/crtbegin.o
 .tm_clone_table
                0x200006c0        0x0 /Applications/ArmGNUToolchain/13.2.Rel1/arm-none-eabi/bin/../lib/gcc/arm-none-eabi/13.2.1/thumb/v7-m/nofp/crtend.o

.igot.plt       0x200006c0        0x0 load address 0x0800907c
 .igot.plt      0x200006c0        0x0 /Applications/ArmGNUToolchain/13.2.Rel1/arm-none-eabi/bin/../lib/gcc/arm-none-eabi/13.2.1/thumb/v7-m/nofp/crtbegin.o
                0x200006c0                        . = ALIGN (0x4)

.bss            0x200006c0      0x3d4 load address 0x0800907c
                0x200006c0                        _sbss = .
                0x200006c0                        __bss_start__ = _sbss
 *(.bss)
 *(.bss*)
 .bss.completed.1
                0x200006c0        0x1 /Applications/ArmGNUToolchain/13.2.Rel1/arm-none-eabi/bin/../lib/gcc/arm-none-eabi/13.2.1/thumb/v7-m/nofp/crtbegin.o
 *fill*         0x200006c1        0x3 
 .bss.object.0  0x200006c4       0x18 /Applications/ArmGNUToolchain/13.2.Rel1/arm-none-eabi/bin/../lib/gcc/arm-none-eabi/13.2.1/thumb/v7-m/nofp/crtbegin.o
 .bss.huart2    0x200006dc       0x48 CMakeFiles/stm32F103C8T6_tuner.elf.dir/Core/Src/main.c.obj
                0x200006dc                huart2
 .bss.hi2c1     0x20000724       0x54 CMakeFiles/stm32F103C8T6_tuner.elf.dir/Core/Src/main.c.obj
                0x20000724                hi2c1
 .bss.__sbrk_heap_end
                0x20000778        0x4 CMakeFiles/stm32F103C8T6_tuner.elf.dir/Core/Src/sysmem.c.obj
 .bss.uwTick    0x2000077c        0x4 CMakeFiles/stm32F103C8T6_tuner.elf.dir/Drivers/STM32F1xx_HAL_Driver/Src/stm32f1xx_hal.c.obj
                0x2000077c                uwTick
 .bss.__sf      0x20000780      0x138 /Applications/ArmGNUToolchain/13.2.Rel1/arm-none-eabi/bin/../lib/gcc/arm-none-eabi/13.2.1/../../../../arm-none-eabi/lib/thumb/v7-m/nofp/libg.a(libc_a-findfp.o)
                0x20000780                __sf
 .bss.__stdio_exit_handler
                0x200008b8        0x4 /Applications/ArmGNUToolchain/13.2.Rel1/arm-none-eabi/bin/../lib/gcc/arm-none-eabi/13.2.1/../../../../arm-none-eabi/lib/thumb/v7-m/nofp/libg.a(libc_a-findfp.o)
                0x200008b8                __stdio_exit_handler
 .bss.__lock___malloc_recursive_mutex
                0x200008bc        0x1 /Applications/ArmGNUToolchain/13.2.Rel1/arm-none-eabi/bin/../lib/gcc/arm-none-eabi/13.2.1/../../../../arm-none-eabi/lib/thumb/v7-m/nofp/libg.a(libc_a-lock.o)
                0x200008bc                __lock___malloc_recursive_mutex
 *fill*         0x200008bd        0x3 
 .bss.__lock___atexit_recursive_mutex
                0x200008c0        0x1 /Applications/ArmGNUToolchain/13.2.Rel1/arm-none-eabi/bin/../lib/gcc/arm-none-eabi/13.2.1/../../../../arm-none-eabi/lib/thumb/v7-m/nofp/libg.a(libc_a-lock.o)
                0x200008c0                __lock___atexit_recursive_mutex
 *fill*         0x200008c1        0x3 
 .bss.__lock___sfp_recursive_mutex
                0x200008c4        0x1 /Applications/ArmGNUToolchain/13.2.Rel1/arm-none-eabi/bin/../lib/gcc/arm-none-eabi/13.2.1/../../../../arm-none-eabi/lib/thumb/v7-m/nofp/libg.a(libc_a-lock.o)
                0x200008c4                __lock___sfp_recursive_mutex
 *fill*         0x200008c5        0x3 
 .bss.__atexit  0x200008c8        0x4 /Applications/ArmGNUToolchain/13.2.Rel1/arm-none-eabi/bin/../lib/gcc/arm-none-eabi/13.2.1/../../../../arm-none-eabi/lib/thumb/v7-m/nofp/libg.a(libc_a-__call_atexit.o)
                0x200008c8                __atexit
 .bss.__malloc_current_mallinfo
                0x200008cc       0x28 /Applications/ArmGNUToolchain/13.2.Rel1/arm-none-eabi/bin/../lib/gcc/arm-none-eabi/13.2.1/../../../../arm-none-eabi/lib/thumb/v7-m/nofp/libg.a(libc_a-mallocr.o)
                0x200008cc                __malloc_current_mallinfo
 .bss.__malloc_max_total_mem
                0x200008f4        0x4 /Applications/ArmGNUToolchain/13.2.Rel1/arm-none-eabi/bin/../lib/gcc/arm-none-eabi/13.2.1/../../../../arm-none-eabi/lib/thumb/v7-m/nofp/libg.a(libc_a-mallocr.o)
                0x200008f4                __malloc_max_total_mem
 .bss.__malloc_max_sbrked_mem
                0x200008f8        0x4 /Applications/ArmGNUToolchain/13.2.Rel1/arm-none-eabi/bin/../lib/gcc/arm-none-eabi/13.2.1/../../../../arm-none-eabi/lib/thumb/v7-m/nofp/libg.a(libc_a-mallocr.o)
                0x200008f8                __malloc_max_sbrked_mem
 .bss.__malloc_top_pad
                0x200008fc        0x4 /Applications/ArmGNUToolchain/13.2.Rel1/arm-none-eabi/bin/../lib/gcc/arm-none-eabi/13.2.1/../../../../arm-none-eabi/lib/thumb/v7-m/nofp/libg.a(libc_a-mallocr.o)
                0x200008fc                __malloc_top_pad
 .bss.errno     0x20000900        0x4 /Applications/ArmGNUToolchain/13.2.Rel1/arm-none-eabi/bin/../lib/gcc/arm-none-eabi/13.2.1/../../../../arm-none-eabi/lib/thumb/v7-m/nofp/libg.a(libc_a-reent.o)
                0x20000900                errno
 .bss.__atexit0
                0x20000904      0x190 /Applications/ArmGNUToolchain/13.2.Rel1/arm-none-eabi/bin/../lib/gcc/arm-none-eabi/13.2.1/../../../../arm-none-eabi/lib/thumb/v7-m/nofp/libg.a(libc_a-__atexit.o)
                0x20000904                __atexit0
 *(COMMON)
                0x20000a94                        . = ALIGN (0x4)
                0x20000a94                        _ebss = .
                0x20000a94                        __bss_end__ = _ebss

._user_heap_stack
                0x20000a94      0x604 load address 0x0800907c
                0x20000a98                        . = ALIGN (0x8)
 *fill*         0x20000a94        0x4 
                [!provide]                        PROVIDE (end = .)
                0x20000a98                        PROVIDE (_end = .)
                0x20000c98                        . = (. + _Min_Heap_Size)
 *fill*         0x20000a98      0x200 
                0x20001098                        . = (. + _Min_Stack_Size)
 *fill*         0x20000c98      0x400 
                0x20001098                        . = ALIGN (0x8)

/DISCARD/
 libc.a(*)
 libm.a(*)
 libgcc.a(*)

.ARM.attributes
                0x00000000       0x29
 *(.ARM.attributes)
 .ARM.attributes
                0x00000000       0x1d /Applications/ArmGNUToolchain/13.2.Rel1/arm-none-eabi/bin/../lib/gcc/arm-none-eabi/13.2.1/thumb/v7-m/nofp/crti.o
 .ARM.attributes
                0x0000001d       0x2d /Applications/ArmGNUToolchain/13.2.Rel1/arm-none-eabi/bin/../lib/gcc/arm-none-eabi/13.2.1/thumb/v7-m/nofp/crtbegin.o
 .ARM.attributes
                0x0000004a       0x2d CMakeFiles/stm32F103C8T6_tuner.elf.dir/Core/Src/main.c.obj
 .ARM.attributes
                0x00000077       0x2d CMakeFiles/stm32F103C8T6_tuner.elf.dir/Core/Src/mcp4728.c.obj
 .ARM.attributes
                0x000000a4       0x2d CMakeFiles/stm32F103C8T6_tuner.elf.dir/Core/Src/stm32f1xx_hal_msp.c.obj
 .ARM.attributes
                0x000000d1       0x2d CMakeFiles/stm32F103C8T6_tuner.elf.dir/Core/Src/stm32f1xx_it.c.obj
 .ARM.attributes
                0x000000fe       0x2d CMakeFiles/stm32F103C8T6_tuner.elf.dir/Core/Src/syscalls.c.obj
 .ARM.attributes
                0x0000012b       0x2d CMakeFiles/stm32F103C8T6_tuner.elf.dir/Core/Src/sysmem.c.obj
 .ARM.attributes
                0x00000158       0x2d CMakeFiles/stm32F103C8T6_tuner.elf.dir/Core/Src/system_stm32f1xx.c.obj
 .ARM.attributes
                0x00000185       0x21 CMakeFiles/stm32F103C8T6_tuner.elf.dir/Core/Startup/startup_stm32f103c8tx.s.obj
 .ARM.attributes
                0x000001a6       0x2d CMakeFiles/stm32F103C8T6_tuner.elf.dir/Drivers/STM32F1xx_HAL_Driver/Src/stm32f1xx_hal.c.obj
 .ARM.attributes
                0x000001d3       0x2d CMakeFiles/stm32F103C8T6_tuner.elf.dir/Drivers/STM32F1xx_HAL_Driver/Src/stm32f1xx_hal_cortex.c.obj
 .ARM.attributes
                0x00000200       0x2d CMakeFiles/stm32F103C8T6_tuner.elf.dir/Drivers/STM32F1xx_HAL_Driver/Src/stm32f1xx_hal_gpio.c.obj
 .ARM.attributes
                0x0000022d       0x2d CMakeFiles/stm32F103C8T6_tuner.elf.dir/Drivers/STM32F1xx_HAL_Driver/Src/stm32f1xx_hal_i2c.c.obj
 .ARM.attributes
                0x0000025a       0x2d CMakeFiles/stm32F103C8T6_tuner.elf.dir/Drivers/STM32F1xx_HAL_Driver/Src/stm32f1xx_hal_rcc.c.obj
 .ARM.attributes
                0x00000287       0x2d CMakeFiles/stm32F103C8T6_tuner.elf.dir/Drivers/STM32F1xx_HAL_Driver/Src/stm32f1xx_hal_uart.c.obj
 .ARM.attributes
                0x000002b4       0x2d /Applications/ArmGNUToolchain/13.2.Rel1/arm-none-eabi/bin/../lib/gcc/arm-none-eabi/13.2.1/../../../../arm-none-eabi/lib/thumb/v7-m/nofp/libg.a(libc_a-printf.o)
 .ARM.attributes
                0x000002e1       0x2d /Applications/ArmGNUToolchain/13.2.Rel1/arm-none-eabi/bin/../lib/gcc/arm-none-eabi/13.2.1/../../../../arm-none-eabi/lib/thumb/v7-m/nofp/libg.a(libc_a-vfprintf.o)
 .ARM.attributes
                0x0000030e       0x2d /Applications/ArmGNUToolchain/13.2.Rel1/arm-none-eabi/bin/../lib/gcc/arm-none-eabi/13.2.1/../../../../arm-none-eabi/lib/thumb/v7-m/nofp/libg.a(libc_a-vfiprintf.o)
 .ARM.attributes
                0x0000033b       0x2d /Applications/ArmGNUToolchain/13.2.Rel1/arm-none-eabi/bin/../lib/gcc/arm-none-eabi/13.2.1/../../../../arm-none-eabi/lib/thumb/v7-m/nofp/libg.a(libc_a-fflush.o)
 .ARM.attributes
                0x00000368       0x2d /Applications/ArmGNUToolchain/13.2.Rel1/arm-none-eabi/bin/../lib/gcc/arm-none-eabi/13.2.1/../../../../arm-none-eabi/lib/thumb/v7-m/nofp/libg.a(libc_a-findfp.o)
 .ARM.attributes
                0x00000395       0x2d /Applications/ArmGNUToolchain/13.2.Rel1/arm-none-eabi/bin/../lib/gcc/arm-none-eabi/13.2.1/../../../../arm-none-eabi/lib/thumb/v7-m/nofp/libg.a(libc_a-fvwrite.o)
 .ARM.attributes
                0x000003c2       0x2d /Applications/ArmGNUToolchain/13.2.Rel1/arm-none-eabi/bin/../lib/gcc/arm-none-eabi/13.2.1/../../../../arm-none-eabi/lib/thumb/v7-m/nofp/libg.a(libc_a-fwalk.o)
 .ARM.attributes
                0x000003ef       0x2d /Applications/ArmGNUToolchain/13.2.Rel1/arm-none-eabi/bin/../lib/gcc/arm-none-eabi/13.2.1/../../../../arm-none-eabi/lib/thumb/v7-m/nofp/libg.a(libc_a-wsetup.o)
 .ARM.attributes
                0x0000041c       0x2d /Applications/ArmGNUToolchain/13.2.Rel1/arm-none-eabi/bin/../lib/gcc/arm-none-eabi/13.2.1/../../../../arm-none-eabi/lib/thumb/v7-m/nofp/libg.a(libc_a-fputwc.o)
 .ARM.attributes
                0x00000449       0x2d /Applications/ArmGNUToolchain/13.2.Rel1/arm-none-eabi/bin/../lib/gcc/arm-none-eabi/13.2.1/../../../../arm-none-eabi/lib/thumb/v7-m/nofp/libg.a(libc_a-memmove.o)
 .ARM.attributes
                0x00000476       0x2d /Applications/ArmGNUToolchain/13.2.Rel1/arm-none-eabi/bin/../lib/gcc/arm-none-eabi/13.2.1/../../../../arm-none-eabi/lib/thumb/v7-m/nofp/libg.a(libc_a-memset.o)
 .ARM.attributes
                0x000004a3       0x2d /Applications/ArmGNUToolchain/13.2.Rel1/arm-none-eabi/bin/../lib/gcc/arm-none-eabi/13.2.1/../../../../arm-none-eabi/lib/thumb/v7-m/nofp/libg.a(libc_a-strncpy.o)
 .ARM.attributes
                0x000004d0       0x2d /Applications/ArmGNUToolchain/13.2.Rel1/arm-none-eabi/bin/../lib/gcc/arm-none-eabi/13.2.1/../../../../arm-none-eabi/lib/thumb/v7-m/nofp/libg.a(libc_a-locale.o)
 .ARM.attributes
                0x000004fd       0x2d /Applications/ArmGNUToolchain/13.2.Rel1/arm-none-eabi/bin/../lib/gcc/arm-none-eabi/13.2.1/../../../../arm-none-eabi/lib/thumb/v7-m/nofp/libg.a(libc_a-localeconv.o)
 .ARM.attributes
                0x0000052a       0x2d /Applications/ArmGNUToolchain/13.2.Rel1/arm-none-eabi/bin/../lib/gcc/arm-none-eabi/13.2.1/../../../../arm-none-eabi/lib/thumb/v7-m/nofp/libg.a(libc_a-impure.o)
 .ARM.attributes
                0x00000557       0x2d /Applications/ArmGNUToolchain/13.2.Rel1/arm-none-eabi/bin/../lib/gcc/arm-none-eabi/13.2.1/../../../../arm-none-eabi/lib/thumb/v7-m/nofp/libg.a(libc_a-errno.o)
 .ARM.attributes
                0x00000584       0x2d /Applications/ArmGNUToolchain/13.2.Rel1/arm-none-eabi/bin/../lib/gcc/arm-none-eabi/13.2.1/../../../../arm-none-eabi/lib/thumb/v7-m/nofp/libg.a(libc_a-init.o)
 .ARM.attributes
                0x000005b1       0x2d /Applications/ArmGNUToolchain/13.2.Rel1/arm-none-eabi/bin/../lib/gcc/arm-none-eabi/13.2.1/../../../../arm-none-eabi/lib/thumb/v7-m/nofp/libg.a(libc_a-lock.o)
 .ARM.attributes
                0x000005de       0x2d /Applications/ArmGNUToolchain/13.2.Rel1/arm-none-eabi/bin/../lib/gcc/arm-none-eabi/13.2.1/../../../../arm-none-eabi/lib/thumb/v7-m/nofp/libg.a(libc_a-memchr-stub.o)
 .ARM.attributes
                0x0000060b       0x1b /Applications/ArmGNUToolchain/13.2.Rel1/arm-none-eabi/bin/../lib/gcc/arm-none-eabi/13.2.1/../../../../arm-none-eabi/lib/thumb/v7-m/nofp/libg.a(libc_a-memcpy.o)
 .ARM.attributes
                0x00000626       0x2d /Applications/ArmGNUToolchain/13.2.Rel1/arm-none-eabi/bin/../lib/gcc/arm-none-eabi/13.2.1/../../../../arm-none-eabi/lib/thumb/v7-m/nofp/libg.a(libc_a-strlen-stub.o)
 .ARM.attributes
                0x00000653       0x2d /Applications/ArmGNUToolchain/13.2.Rel1/arm-none-eabi/bin/../lib/gcc/arm-none-eabi/13.2.1/../../../../arm-none-eabi/lib/thumb/v7-m/nofp/libg.a(libc_a-wcrtomb.o)
 .ARM.attributes
                0x00000680       0x2d /Applications/ArmGNUToolchain/13.2.Rel1/arm-none-eabi/bin/../lib/gcc/arm-none-eabi/13.2.1/../../../../arm-none-eabi/lib/thumb/v7-m/nofp/libg.a(libc_a-wcsrtombs.o)
 .ARM.attributes
                0x000006ad       0x2d /Applications/ArmGNUToolchain/13.2.Rel1/arm-none-eabi/bin/../lib/gcc/arm-none-eabi/13.2.1/../../../../arm-none-eabi/lib/thumb/v7-m/nofp/libg.a(libc_a-ctype_.o)
 .ARM.attributes
                0x000006da       0x2d /Applications/ArmGNUToolchain/13.2.Rel1/arm-none-eabi/bin/../lib/gcc/arm-none-eabi/13.2.1/../../../../arm-none-eabi/lib/thumb/v7-m/nofp/libg.a(libm_a-s_frexp.o)
 .ARM.attributes
                0x00000707       0x2d /Applications/ArmGNUToolchain/13.2.Rel1/arm-none-eabi/bin/../lib/gcc/arm-none-eabi/13.2.1/../../../../arm-none-eabi/lib/thumb/v7-m/nofp/libg.a(libc_a-__call_atexit.o)
 .ARM.attributes
                0x00000734       0x2d /Applications/ArmGNUToolchain/13.2.Rel1/arm-none-eabi/bin/../lib/gcc/arm-none-eabi/13.2.1/../../../../arm-none-eabi/lib/thumb/v7-m/nofp/libg.a(libc_a-atexit.o)
 .ARM.attributes
                0x00000761       0x2d /Applications/ArmGNUToolchain/13.2.Rel1/arm-none-eabi/bin/../lib/gcc/arm-none-eabi/13.2.1/../../../../arm-none-eabi/lib/thumb/v7-m/nofp/libg.a(libc_a-dtoa.o)
 .ARM.attributes
                0x0000078e       0x2d /Applications/ArmGNUToolchain/13.2.Rel1/arm-none-eabi/bin/../lib/gcc/arm-none-eabi/13.2.1/../../../../arm-none-eabi/lib/thumb/v7-m/nofp/libg.a(libc_a-freer.o)
 .ARM.attributes
                0x000007bb       0x2d /Applications/ArmGNUToolchain/13.2.Rel1/arm-none-eabi/bin/../lib/gcc/arm-none-eabi/13.2.1/../../../../arm-none-eabi/lib/thumb/v7-m/nofp/libg.a(libc_a-mallocr.o)
 .ARM.attributes
                0x000007e8       0x2d /Applications/ArmGNUToolchain/13.2.Rel1/arm-none-eabi/bin/../lib/gcc/arm-none-eabi/13.2.1/../../../../arm-none-eabi/lib/thumb/v7-m/nofp/libg.a(libc_a-mbtowc_r.o)
 .ARM.attributes
                0x00000815       0x2d /Applications/ArmGNUToolchain/13.2.Rel1/arm-none-eabi/bin/../lib/gcc/arm-none-eabi/13.2.1/../../../../arm-none-eabi/lib/thumb/v7-m/nofp/libg.a(libc_a-makebuf.o)
 .ARM.attributes
                0x00000842       0x2d /Applications/ArmGNUToolchain/13.2.Rel1/arm-none-eabi/bin/../lib/gcc/arm-none-eabi/13.2.1/../../../../arm-none-eabi/lib/thumb/v7-m/nofp/libg.a(libc_a-mlock.o)
 .ARM.attributes
                0x0000086f       0x2d /Applications/ArmGNUToolchain/13.2.Rel1/arm-none-eabi/bin/../lib/gcc/arm-none-eabi/13.2.1/../../../../arm-none-eabi/lib/thumb/v7-m/nofp/libg.a(libc_a-mprec.o)
 .ARM.attributes
                0x0000089c       0x2d /Applications/ArmGNUToolchain/13.2.Rel1/arm-none-eabi/bin/../lib/gcc/arm-none-eabi/13.2.1/../../../../arm-none-eabi/lib/thumb/v7-m/nofp/libg.a(libc_a-fclose.o)
 .ARM.attributes
                0x000008c9       0x2d /Applications/ArmGNUToolchain/13.2.Rel1/arm-none-eabi/bin/../lib/gcc/arm-none-eabi/13.2.1/../../../../arm-none-eabi/lib/thumb/v7-m/nofp/libg.a(libc_a-reallocr.o)
 .ARM.attributes
                0x000008f6       0x2d /Applications/ArmGNUToolchain/13.2.Rel1/arm-none-eabi/bin/../lib/gcc/arm-none-eabi/13.2.1/../../../../arm-none-eabi/lib/thumb/v7-m/nofp/libg.a(libc_a-stdio.o)
 .ARM.attributes
                0x00000923       0x2d /Applications/ArmGNUToolchain/13.2.Rel1/arm-none-eabi/bin/../lib/gcc/arm-none-eabi/13.2.1/../../../../arm-none-eabi/lib/thumb/v7-m/nofp/libg.a(libc_a-wctomb_r.o)
 .ARM.attributes
                0x00000950       0x2d /Applications/ArmGNUToolchain/13.2.Rel1/arm-none-eabi/bin/../lib/gcc/arm-none-eabi/13.2.1/../../../../arm-none-eabi/lib/thumb/v7-m/nofp/libg.a(libc_a-wbuf.o)
 .ARM.attributes
                0x0000097d       0x2d /Applications/ArmGNUToolchain/13.2.Rel1/arm-none-eabi/bin/../lib/gcc/arm-none-eabi/13.2.1/../../../../arm-none-eabi/lib/thumb/v7-m/nofp/libg.a(libc_a-closer.o)
 .ARM.attributes
                0x000009aa       0x2d /Applications/ArmGNUToolchain/13.2.Rel1/arm-none-eabi/bin/../lib/gcc/arm-none-eabi/13.2.1/../../../../arm-none-eabi/lib/thumb/v7-m/nofp/libg.a(libc_a-reent.o)
 .ARM.attributes
                0x000009d7       0x2d /Applications/ArmGNUToolchain/13.2.Rel1/arm-none-eabi/bin/../lib/gcc/arm-none-eabi/13.2.1/../../../../arm-none-eabi/lib/thumb/v7-m/nofp/libg.a(libc_a-fstatr.o)
 .ARM.attributes
                0x00000a04       0x2d /Applications/ArmGNUToolchain/13.2.Rel1/arm-none-eabi/bin/../lib/gcc/arm-none-eabi/13.2.1/../../../../arm-none-eabi/lib/thumb/v7-m/nofp/libg.a(libc_a-isattyr.o)
 .ARM.attributes
                0x00000a31       0x2d /Applications/ArmGNUToolchain/13.2.Rel1/arm-none-eabi/bin/../lib/gcc/arm-none-eabi/13.2.1/../../../../arm-none-eabi/lib/thumb/v7-m/nofp/libg.a(libc_a-lseekr.o)
 .ARM.attributes
                0x00000a5e       0x2d /Applications/ArmGNUToolchain/13.2.Rel1/arm-none-eabi/bin/../lib/gcc/arm-none-eabi/13.2.1/../../../../arm-none-eabi/lib/thumb/v7-m/nofp/libg.a(libc_a-readr.o)
 .ARM.attributes
                0x00000a8b       0x2d /Applications/ArmGNUToolchain/13.2.Rel1/arm-none-eabi/bin/../lib/gcc/arm-none-eabi/13.2.1/../../../../arm-none-eabi/lib/thumb/v7-m/nofp/libg.a(libc_a-sbrkr.o)
 .ARM.attributes
                0x00000ab8       0x2d /Applications/ArmGNUToolchain/13.2.Rel1/arm-none-eabi/bin/../lib/gcc/arm-none-eabi/13.2.1/../../../../arm-none-eabi/lib/thumb/v7-m/nofp/libg.a(libc_a-writer.o)
 .ARM.attributes
                0x00000ae5       0x2d /Applications/ArmGNUToolchain/13.2.Rel1/arm-none-eabi/bin/../lib/gcc/arm-none-eabi/13.2.1/../../../../arm-none-eabi/lib/thumb/v7-m/nofp/libg.a(libc_a-sysconf.o)
 .ARM.attributes
                0x00000b12       0x2d /Applications/ArmGNUToolchain/13.2.Rel1/arm-none-eabi/bin/../lib/gcc/arm-none-eabi/13.2.1/../../../../arm-none-eabi/lib/thumb/v7-m/nofp/libg.a(libc_a-fini.o)
 .ARM.attributes
                0x00000b3f       0x2d /Applications/ArmGNUToolchain/13.2.Rel1/arm-none-eabi/bin/../lib/gcc/arm-none-eabi/13.2.1/../../../../arm-none-eabi/lib/thumb/v7-m/nofp/libg.a(libc_a-wcsnrtombs.o)
 .ARM.attributes
                0x00000b6c       0x2d /Applications/ArmGNUToolchain/13.2.Rel1/arm-none-eabi/bin/../lib/gcc/arm-none-eabi/13.2.1/../../../../arm-none-eabi/lib/thumb/v7-m/nofp/libg.a(libc_a-__atexit.o)
 .ARM.attributes
                0x00000b99       0x2d /Applications/ArmGNUToolchain/13.2.Rel1/arm-none-eabi/bin/../lib/gcc/arm-none-eabi/13.2.1/../../../../arm-none-eabi/lib/thumb/v7-m/nofp/libg.a(libc_a-assert.o)
 .ARM.attributes
                0x00000bc6       0x2d /Applications/ArmGNUToolchain/13.2.Rel1/arm-none-eabi/bin/../lib/gcc/arm-none-eabi/13.2.1/../../../../arm-none-eabi/lib/thumb/v7-m/nofp/libg.a(libc_a-callocr.o)
 .ARM.attributes
                0x00000bf3       0x2d /Applications/ArmGNUToolchain/13.2.Rel1/arm-none-eabi/bin/../lib/gcc/arm-none-eabi/13.2.1/../../../../arm-none-eabi/lib/thumb/v7-m/nofp/libg.a(libc_a-fiprintf.o)
 .ARM.attributes
                0x00000c20       0x2d /Applications/ArmGNUToolchain/13.2.Rel1/arm-none-eabi/bin/../lib/gcc/arm-none-eabi/13.2.1/../../../../arm-none-eabi/lib/thumb/v7-m/nofp/libg.a(libc_a-abort.o)
 .ARM.attributes
                0x00000c4d       0x2d /Applications/ArmGNUToolchain/13.2.Rel1/arm-none-eabi/bin/../lib/gcc/arm-none-eabi/13.2.1/../../../../arm-none-eabi/lib/thumb/v7-m/nofp/libg.a(libc_a-signal.o)
 .ARM.attributes
                0x00000c7a       0x2d /Applications/ArmGNUToolchain/13.2.Rel1/arm-none-eabi/bin/../lib/gcc/arm-none-eabi/13.2.1/../../../../arm-none-eabi/lib/thumb/v7-m/nofp/libg.a(libc_a-signalr.o)
 .ARM.attributes
                0x00000ca7       0x1d /Applications/ArmGNUToolchain/13.2.Rel1/arm-none-eabi/bin/../lib/gcc/arm-none-eabi/13.2.1/thumb/v7-m/nofp/libgcc.a(_arm_addsubdf3.o)
 .ARM.attributes
                0x00000cc4       0x1d /Applications/ArmGNUToolchain/13.2.Rel1/arm-none-eabi/bin/../lib/gcc/arm-none-eabi/13.2.1/thumb/v7-m/nofp/libgcc.a(_arm_muldivdf3.o)
 .ARM.attributes
                0x00000ce1       0x1d /Applications/ArmGNUToolchain/13.2.Rel1/arm-none-eabi/bin/../lib/gcc/arm-none-eabi/13.2.1/thumb/v7-m/nofp/libgcc.a(_arm_cmpdf2.o)
 .ARM.attributes
                0x00000cfe       0x1d /Applications/ArmGNUToolchain/13.2.Rel1/arm-none-eabi/bin/../lib/gcc/arm-none-eabi/13.2.1/thumb/v7-m/nofp/libgcc.a(_arm_unorddf2.o)
 .ARM.attributes
                0x00000d1b       0x1d /Applications/ArmGNUToolchain/13.2.Rel1/arm-none-eabi/bin/../lib/gcc/arm-none-eabi/13.2.1/thumb/v7-m/nofp/libgcc.a(_arm_fixdfsi.o)
 .ARM.attributes
                0x00000d38       0x2d /Applications/ArmGNUToolchain/13.2.Rel1/arm-none-eabi/bin/../lib/gcc/arm-none-eabi/13.2.1/thumb/v7-m/nofp/crtend.o
 .ARM.attributes
                0x00000d65       0x1d /Applications/ArmGNUToolchain/13.2.Rel1/arm-none-eabi/bin/../lib/gcc/arm-none-eabi/13.2.1/thumb/v7-m/nofp/crtn.o
OUTPUT(stm32F103C8T6_tuner.elf elf32-littlearm)
LOAD linker stubs
LOAD /Applications/ArmGNUToolchain/13.2.Rel1/arm-none-eabi/bin/../lib/gcc/arm-none-eabi/13.2.1/../../../../arm-none-eabi/lib/thumb/v7-m/nofp/libc.a
LOAD /Applications/ArmGNUToolchain/13.2.Rel1/arm-none-eabi/bin/../lib/gcc/arm-none-eabi/13.2.1/../../../../arm-none-eabi/lib/thumb/v7-m/nofp/libm.a
LOAD /Applications/ArmGNUToolchain/13.2.Rel1/arm-none-eabi/bin/../lib/gcc/arm-none-eabi/13.2.1/thumb/v7-m/nofp/libgcc.a

.debug_info     0x00000000     0xcae7
 .debug_info    0x00000000      0xcd8 CMakeFiles/stm32F103C8T6_tuner.elf.dir/Core/Src/main.c.obj
 .debug_info    0x00000cd8      0x815 CMakeFiles/stm32F103C8T6_tuner.elf.dir/Core/Src/mcp4728.c.obj
 .debug_info    0x000014ed      0xbbe CMakeFiles/stm32F103C8T6_tuner.elf.dir/Core/Src/stm32f1xx_hal_msp.c.obj
 .debug_info    0x000020ab      0x11d CMakeFiles/stm32F103C8T6_tuner.elf.dir/Core/Src/stm32f1xx_it.c.obj
 .debug_info    0x000021c8      0x789 CMakeFiles/stm32F103C8T6_tuner.elf.dir/Core/Src/syscalls.c.obj
 .debug_info    0x00002951      0x171 CMakeFiles/stm32F103C8T6_tuner.elf.dir/Core/Src/sysmem.c.obj
 .debug_info    0x00002ac2      0x22d CMakeFiles/stm32F103C8T6_tuner.elf.dir/Core/Src/system_stm32f1xx.c.obj
 .debug_info    0x00002cef       0x30 CMakeFiles/stm32F103C8T6_tuner.elf.dir/Core/Startup/startup_stm32f103c8tx.s.obj
 .debug_info    0x00002d1f      0x7a2 CMakeFiles/stm32F103C8T6_tuner.elf.dir/Drivers/STM32F1xx_HAL_Driver/Src/stm32f1xx_hal.c.obj
 .debug_info    0x000034c1      0xcd9 CMakeFiles/stm32F103C8T6_tuner.elf.dir/Drivers/STM32F1xx_HAL_Driver/Src/stm32f1xx_hal_cortex.c.obj
 .debug_info    0x0000419a      0x604 CMakeFiles/stm32F103C8T6_tuner.elf.dir/Drivers/STM32F1xx_HAL_Driver/Src/stm32f1xx_hal_gpio.c.obj
 .debug_info    0x0000479e     0x3905 CMakeFiles/stm32F103C8T6_tuner.elf.dir/Drivers/STM32F1xx_HAL_Driver/Src/stm32f1xx_hal_i2c.c.obj
 .debug_info    0x000080a3      0x9c7 CMakeFiles/stm32F103C8T6_tuner.elf.dir/Drivers/STM32F1xx_HAL_Driver/Src/stm32f1xx_hal_rcc.c.obj
 .debug_info    0x00008a6a     0x407d CMakeFiles/stm32F103C8T6_tuner.elf.dir/Drivers/STM32F1xx_HAL_Driver/Src/stm32f1xx_hal_uart.c.obj

.debug_abbrev   0x00000000     0x1ad8
 .debug_abbrev  0x00000000      0x26c CMakeFiles/stm32F103C8T6_tuner.elf.dir/Core/Src/main.c.obj
 .debug_abbrev  0x0000026c      0x1f6 CMakeFiles/stm32F103C8T6_tuner.elf.dir/Core/Src/mcp4728.c.obj
 .debug_abbrev  0x00000462      0x1dd CMakeFiles/stm32F103C8T6_tuner.elf.dir/Core/Src/stm32f1xx_hal_msp.c.obj
 .debug_abbrev  0x0000063f       0x7c CMakeFiles/stm32F103C8T6_tuner.elf.dir/Core/Src/stm32f1xx_it.c.obj
 .debug_abbrev  0x000006bb      0x1c1 CMakeFiles/stm32F103C8T6_tuner.elf.dir/Core/Src/syscalls.c.obj
 .debug_abbrev  0x0000087c       0xea CMakeFiles/stm32F103C8T6_tuner.elf.dir/Core/Src/sysmem.c.obj
 .debug_abbrev  0x00000966      0x143 CMakeFiles/stm32F103C8T6_tuner.elf.dir/Core/Src/system_stm32f1xx.c.obj
 .debug_abbrev  0x00000aa9       0x24 CMakeFiles/stm32F103C8T6_tuner.elf.dir/Core/Startup/startup_stm32f103c8tx.s.obj
 .debug_abbrev  0x00000acd      0x22d CMakeFiles/stm32F103C8T6_tuner.elf.dir/Drivers/STM32F1xx_HAL_Driver/Src/stm32f1xx_hal.c.obj
 .debug_abbrev  0x00000cfa      0x36d CMakeFiles/stm32F103C8T6_tuner.elf.dir/Drivers/STM32F1xx_HAL_Driver/Src/stm32f1xx_hal_cortex.c.obj
 .debug_abbrev  0x00001067      0x1f7 CMakeFiles/stm32F103C8T6_tuner.elf.dir/Drivers/STM32F1xx_HAL_Driver/Src/stm32f1xx_hal_gpio.c.obj
 .debug_abbrev  0x0000125e      0x2be CMakeFiles/stm32F103C8T6_tuner.elf.dir/Drivers/STM32F1xx_HAL_Driver/Src/stm32f1xx_hal_i2c.c.obj
 .debug_abbrev  0x0000151c      0x2a0 CMakeFiles/stm32F103C8T6_tuner.elf.dir/Drivers/STM32F1xx_HAL_Driver/Src/stm32f1xx_hal_rcc.c.obj
 .debug_abbrev  0x000017bc      0x31c CMakeFiles/stm32F103C8T6_tuner.elf.dir/Drivers/STM32F1xx_HAL_Driver/Src/stm32f1xx_hal_uart.c.obj

.debug_loclists
                0x00000000     0x72ac
 .debug_loclists
                0x00000000       0x31 CMakeFiles/stm32F103C8T6_tuner.elf.dir/Core/Src/main.c.obj
 .debug_loclists
                0x00000031      0x118 CMakeFiles/stm32F103C8T6_tuner.elf.dir/Core/Src/mcp4728.c.obj
 .debug_loclists
                0x00000149       0xd0 CMakeFiles/stm32F103C8T6_tuner.elf.dir/Core/Src/stm32f1xx_hal_msp.c.obj
 .debug_loclists
                0x00000219      0x2cd CMakeFiles/stm32F103C8T6_tuner.elf.dir/Core/Src/syscalls.c.obj
 .debug_loclists
                0x000004e6       0x52 CMakeFiles/stm32F103C8T6_tuner.elf.dir/Core/Src/sysmem.c.obj
 .debug_loclists
                0x00000538       0xb7 CMakeFiles/stm32F103C8T6_tuner.elf.dir/Core/Src/system_stm32f1xx.c.obj
 .debug_loclists
                0x000005ef       0xe1 CMakeFiles/stm32F103C8T6_tuner.elf.dir/Drivers/STM32F1xx_HAL_Driver/Src/stm32f1xx_hal.c.obj
 .debug_loclists
                0x000006d0      0x530 CMakeFiles/stm32F103C8T6_tuner.elf.dir/Drivers/STM32F1xx_HAL_Driver/Src/stm32f1xx_hal_cortex.c.obj
 .debug_loclists
                0x00000c00      0x318 CMakeFiles/stm32F103C8T6_tuner.elf.dir/Drivers/STM32F1xx_HAL_Driver/Src/stm32f1xx_hal_gpio.c.obj
 .debug_loclists
                0x00000f18     0x31cd CMakeFiles/stm32F103C8T6_tuner.elf.dir/Drivers/STM32F1xx_HAL_Driver/Src/stm32f1xx_hal_i2c.c.obj
 .debug_loclists
                0x000040e5      0x42e CMakeFiles/stm32F103C8T6_tuner.elf.dir/Drivers/STM32F1xx_HAL_Driver/Src/stm32f1xx_hal_rcc.c.obj
 .debug_loclists
                0x00004513     0x2d99 CMakeFiles/stm32F103C8T6_tuner.elf.dir/Drivers/STM32F1xx_HAL_Driver/Src/stm32f1xx_hal_uart.c.obj

.debug_aranges  0x00000000      0x968
 .debug_aranges
                0x00000000       0x48 CMakeFiles/stm32F103C8T6_tuner.elf.dir/Core/Src/main.c.obj
 .debug_aranges
                0x00000048       0x30 CMakeFiles/stm32F103C8T6_tuner.elf.dir/Core/Src/mcp4728.c.obj
 .debug_aranges
                0x00000078       0x40 CMakeFiles/stm32F103C8T6_tuner.elf.dir/Core/Src/stm32f1xx_hal_msp.c.obj
 .debug_aranges
                0x000000b8       0x60 CMakeFiles/stm32F103C8T6_tuner.elf.dir/Core/Src/stm32f1xx_it.c.obj
 .debug_aranges
                0x00000118       0xa8 CMakeFiles/stm32F103C8T6_tuner.elf.dir/Core/Src/syscalls.c.obj
 .debug_aranges
                0x000001c0       0x20 CMakeFiles/stm32F103C8T6_tuner.elf.dir/Core/Src/sysmem.c.obj
 .debug_aranges
                0x000001e0       0x28 CMakeFiles/stm32F103C8T6_tuner.elf.dir/Core/Src/system_stm32f1xx.c.obj
 .debug_aranges
                0x00000208       0x28 CMakeFiles/stm32F103C8T6_tuner.elf.dir/Core/Startup/startup_stm32f103c8tx.s.obj
 .debug_aranges
                0x00000230       0xe0 CMakeFiles/stm32F103C8T6_tuner.elf.dir/Drivers/STM32F1xx_HAL_Driver/Src/stm32f1xx_hal.c.obj
 .debug_aranges
                0x00000310       0xc0 CMakeFiles/stm32F103C8T6_tuner.elf.dir/Drivers/STM32F1xx_HAL_Driver/Src/stm32f1xx_hal_cortex.c.obj
 .debug_aranges
                0x000003d0       0x58 CMakeFiles/stm32F103C8T6_tuner.elf.dir/Drivers/STM32F1xx_HAL_Driver/Src/stm32f1xx_hal_gpio.c.obj
 .debug_aranges
                0x00000428      0x2a8 CMakeFiles/stm32F103C8T6_tuner.elf.dir/Drivers/STM32F1xx_HAL_Driver/Src/stm32f1xx_hal_i2c.c.obj
 .debug_aranges
                0x000006d0       0x90 CMakeFiles/stm32F103C8T6_tuner.elf.dir/Drivers/STM32F1xx_HAL_Driver/Src/stm32f1xx_hal_rcc.c.obj
 .debug_aranges
                0x00000760      0x208 CMakeFiles/stm32F103C8T6_tuner.elf.dir/Drivers/STM32F1xx_HAL_Driver/Src/stm32f1xx_hal_uart.c.obj

.debug_rnglists
                0x00000000      0x73e
 .debug_rnglists
                0x00000000       0x31 CMakeFiles/stm32F103C8T6_tuner.elf.dir/Core/Src/main.c.obj
 .debug_rnglists
                0x00000031       0x1f CMakeFiles/stm32F103C8T6_tuner.elf.dir/Core/Src/mcp4728.c.obj
 .debug_rnglists
                0x00000050       0x2b CMakeFiles/stm32F103C8T6_tuner.elf.dir/Core/Src/stm32f1xx_hal_msp.c.obj
 .debug_rnglists
                0x0000007b       0x43 CMakeFiles/stm32F103C8T6_tuner.elf.dir/Core/Src/stm32f1xx_it.c.obj
 .debug_rnglists
                0x000000be       0x79 CMakeFiles/stm32F103C8T6_tuner.elf.dir/Core/Src/syscalls.c.obj
 .debug_rnglists
                0x00000137       0x13 CMakeFiles/stm32F103C8T6_tuner.elf.dir/Core/Src/sysmem.c.obj
 .debug_rnglists
                0x0000014a       0x1a CMakeFiles/stm32F103C8T6_tuner.elf.dir/Core/Src/system_stm32f1xx.c.obj
 .debug_rnglists
                0x00000164       0x19 CMakeFiles/stm32F103C8T6_tuner.elf.dir/Core/Startup/startup_stm32f103c8tx.s.obj
 .debug_rnglists
                0x0000017d       0xa3 CMakeFiles/stm32F103C8T6_tuner.elf.dir/Drivers/STM32F1xx_HAL_Driver/Src/stm32f1xx_hal.c.obj
 .debug_rnglists
                0x00000220       0x8b CMakeFiles/stm32F103C8T6_tuner.elf.dir/Drivers/STM32F1xx_HAL_Driver/Src/stm32f1xx_hal_cortex.c.obj
 .debug_rnglists
                0x000002ab       0x3f CMakeFiles/stm32F103C8T6_tuner.elf.dir/Drivers/STM32F1xx_HAL_Driver/Src/stm32f1xx_hal_gpio.c.obj
 .debug_rnglists
                0x000002ea      0x236 CMakeFiles/stm32F103C8T6_tuner.elf.dir/Drivers/STM32F1xx_HAL_Driver/Src/stm32f1xx_hal_i2c.c.obj
 .debug_rnglists
                0x00000520       0x7d CMakeFiles/stm32F103C8T6_tuner.elf.dir/Drivers/STM32F1xx_HAL_Driver/Src/stm32f1xx_hal_rcc.c.obj
 .debug_rnglists
                0x0000059d      0x1a1 CMakeFiles/stm32F103C8T6_tuner.elf.dir/Drivers/STM32F1xx_HAL_Driver/Src/stm32f1xx_hal_uart.c.obj

.debug_line     0x00000000     0xc936
 .debug_line    0x00000000      0x5de CMakeFiles/stm32F103C8T6_tuner.elf.dir/Core/Src/main.c.obj
 .debug_line    0x000005de      0x3b9 CMakeFiles/stm32F103C8T6_tuner.elf.dir/Core/Src/mcp4728.c.obj
 .debug_line    0x00000997      0x431 CMakeFiles/stm32F103C8T6_tuner.elf.dir/Core/Src/stm32f1xx_hal_msp.c.obj
 .debug_line    0x00000dc8      0x1e9 CMakeFiles/stm32F103C8T6_tuner.elf.dir/Core/Src/stm32f1xx_it.c.obj
 .debug_line    0x00000fb1      0x438 CMakeFiles/stm32F103C8T6_tuner.elf.dir/Core/Src/syscalls.c.obj
 .debug_line    0x000013e9      0x225 CMakeFiles/stm32F103C8T6_tuner.elf.dir/Core/Src/sysmem.c.obj
 .debug_line    0x0000160e      0x2db CMakeFiles/stm32F103C8T6_tuner.elf.dir/Core/Src/system_stm32f1xx.c.obj
 .debug_line    0x000018e9       0x78 CMakeFiles/stm32F103C8T6_tuner.elf.dir/Core/Startup/startup_stm32f103c8tx.s.obj
 .debug_line    0x00001961      0x670 CMakeFiles/stm32F103C8T6_tuner.elf.dir/Drivers/STM32F1xx_HAL_Driver/Src/stm32f1xx_hal.c.obj
 .debug_line    0x00001fd1      0x793 CMakeFiles/stm32F103C8T6_tuner.elf.dir/Drivers/STM32F1xx_HAL_Driver/Src/stm32f1xx_hal_cortex.c.obj
 .debug_line    0x00002764      0x6bc CMakeFiles/stm32F103C8T6_tuner.elf.dir/Drivers/STM32F1xx_HAL_Driver/Src/stm32f1xx_hal_gpio.c.obj
 .debug_line    0x00002e20     0x5723 CMakeFiles/stm32F103C8T6_tuner.elf.dir/Drivers/STM32F1xx_HAL_Driver/Src/stm32f1xx_hal_i2c.c.obj
 .debug_line    0x00008543      0xd96 CMakeFiles/stm32F103C8T6_tuner.elf.dir/Drivers/STM32F1xx_HAL_Driver/Src/stm32f1xx_hal_rcc.c.obj
 .debug_line    0x000092d9     0x365d CMakeFiles/stm32F103C8T6_tuner.elf.dir/Drivers/STM32F1xx_HAL_Driver/Src/stm32f1xx_hal_uart.c.obj

.debug_str      0x00000000     0x2ff7
 .debug_str     0x00000000     0x2ff7 CMakeFiles/stm32F103C8T6_tuner.elf.dir/Core/Src/main.c.obj
                                0xb30 (size before relaxing)
 .debug_str     0x00002ff7      0x777 CMakeFiles/stm32F103C8T6_tuner.elf.dir/Core/Src/mcp4728.c.obj
 .debug_str     0x00002ff7      0x9d6 CMakeFiles/stm32F103C8T6_tuner.elf.dir/Core/Src/stm32f1xx_hal_msp.c.obj
 .debug_str     0x00002ff7      0x2bc CMakeFiles/stm32F103C8T6_tuner.elf.dir/Core/Src/stm32f1xx_it.c.obj
 .debug_str     0x00002ff7      0x486 CMakeFiles/stm32F103C8T6_tuner.elf.dir/Core/Src/syscalls.c.obj
 .debug_str     0x00002ff7      0x2b2 CMakeFiles/stm32F103C8T6_tuner.elf.dir/Core/Src/sysmem.c.obj
 .debug_str     0x00002ff7      0x2ee CMakeFiles/stm32F103C8T6_tuner.elf.dir/Core/Src/system_stm32f1xx.c.obj
 .debug_str     0x00002ff7       0xff CMakeFiles/stm32F103C8T6_tuner.elf.dir/Core/Startup/startup_stm32f103c8tx.s.obj
 .debug_str     0x00002ff7      0x8c8 CMakeFiles/stm32F103C8T6_tuner.elf.dir/Drivers/STM32F1xx_HAL_Driver/Src/stm32f1xx_hal.c.obj
 .debug_str     0x00002ff7      0x96d CMakeFiles/stm32F103C8T6_tuner.elf.dir/Drivers/STM32F1xx_HAL_Driver/Src/stm32f1xx_hal_cortex.c.obj
 .debug_str     0x00002ff7      0x49a CMakeFiles/stm32F103C8T6_tuner.elf.dir/Drivers/STM32F1xx_HAL_Driver/Src/stm32f1xx_hal_gpio.c.obj
 .debug_str     0x00002ff7     0x105f CMakeFiles/stm32F103C8T6_tuner.elf.dir/Drivers/STM32F1xx_HAL_Driver/Src/stm32f1xx_hal_i2c.c.obj
 .debug_str     0x00002ff7      0x6c5 CMakeFiles/stm32F103C8T6_tuner.elf.dir/Drivers/STM32F1xx_HAL_Driver/Src/stm32f1xx_hal_rcc.c.obj
 .debug_str     0x00002ff7      0xd8e CMakeFiles/stm32F103C8T6_tuner.elf.dir/Drivers/STM32F1xx_HAL_Driver/Src/stm32f1xx_hal_uart.c.obj

.comment        0x00000000       0x44
 .comment       0x00000000       0x44 CMakeFiles/stm32F103C8T6_tuner.elf.dir/Core/Src/main.c.obj
                                 0x45 (size before relaxing)
 .comment       0x00000044       0x45 CMakeFiles/stm32F103C8T6_tuner.elf.dir/Core/Src/mcp4728.c.obj
 .comment       0x00000044       0x45 CMakeFiles/stm32F103C8T6_tuner.elf.dir/Core/Src/stm32f1xx_hal_msp.c.obj
 .comment       0x00000044       0x45 CMakeFiles/stm32F103C8T6_tuner.elf.dir/Core/Src/stm32f1xx_it.c.obj
 .comment       0x00000044       0x45 CMakeFiles/stm32F103C8T6_tuner.elf.dir/Core/Src/syscalls.c.obj
 .comment       0x00000044       0x45 CMakeFiles/stm32F103C8T6_tuner.elf.dir/Core/Src/sysmem.c.obj
 .comment       0x00000044       0x45 CMakeFiles/stm32F103C8T6_tuner.elf.dir/Core/Src/system_stm32f1xx.c.obj
 .comment       0x00000044       0x45 CMakeFiles/stm32F103C8T6_tuner.elf.dir/Drivers/STM32F1xx_HAL_Driver/Src/stm32f1xx_hal.c.obj
 .comment       0x00000044       0x45 CMakeFiles/stm32F103C8T6_tuner.elf.dir/Drivers/STM32F1xx_HAL_Driver/Src/stm32f1xx_hal_cortex.c.obj
 .comment       0x00000044       0x45 CMakeFiles/stm32F103C8T6_tuner.elf.dir/Drivers/STM32F1xx_HAL_Driver/Src/stm32f1xx_hal_gpio.c.obj
 .comment       0x00000044       0x45 CMakeFiles/stm32F103C8T6_tuner.elf.dir/Drivers/STM32F1xx_HAL_Driver/Src/stm32f1xx_hal_i2c.c.obj
 .comment       0x00000044       0x45 CMakeFiles/stm32F103C8T6_tuner.elf.dir/Drivers/STM32F1xx_HAL_Driver/Src/stm32f1xx_hal_rcc.c.obj
 .comment       0x00000044       0x45 CMakeFiles/stm32F103C8T6_tuner.elf.dir/Drivers/STM32F1xx_HAL_Driver/Src/stm32f1xx_hal_uart.c.obj

.debug_frame    0x00000000     0x30e4
 .debug_frame   0x00000000       0xa4 CMakeFiles/stm32F103C8T6_tuner.elf.dir/Core/Src/main.c.obj
 .debug_frame   0x000000a4       0x6c CMakeFiles/stm32F103C8T6_tuner.elf.dir/Core/Src/mcp4728.c.obj
 .debug_frame   0x00000110       0x98 CMakeFiles/stm32F103C8T6_tuner.elf.dir/Core/Src/stm32f1xx_hal_msp.c.obj
 .debug_frame   0x000001a8       0xa8 CMakeFiles/stm32F103C8T6_tuner.elf.dir/Core/Src/stm32f1xx_it.c.obj
 .debug_frame   0x00000250      0x190 CMakeFiles/stm32F103C8T6_tuner.elf.dir/Core/Src/syscalls.c.obj
 .debug_frame   0x000003e0       0x28 CMakeFiles/stm32F103C8T6_tuner.elf.dir/Core/Src/sysmem.c.obj
 .debug_frame   0x00000408       0x30 CMakeFiles/stm32F103C8T6_tuner.elf.dir/Core/Src/system_stm32f1xx.c.obj
 .debug_frame   0x00000438      0x1cc CMakeFiles/stm32F103C8T6_tuner.elf.dir/Drivers/STM32F1xx_HAL_Driver/Src/stm32f1xx_hal.c.obj
 .debug_frame   0x00000604      0x19c CMakeFiles/stm32F103C8T6_tuner.elf.dir/Drivers/STM32F1xx_HAL_Driver/Src/stm32f1xx_hal_cortex.c.obj
 .debug_frame   0x000007a0       0xe4 CMakeFiles/stm32F103C8T6_tuner.elf.dir/Drivers/STM32F1xx_HAL_Driver/Src/stm32f1xx_hal_gpio.c.obj
 .debug_frame   0x00000884      0x984 CMakeFiles/stm32F103C8T6_tuner.elf.dir/Drivers/STM32F1xx_HAL_Driver/Src/stm32f1xx_hal_i2c.c.obj
 .debug_frame   0x00001208      0x184 CMakeFiles/stm32F103C8T6_tuner.elf.dir/Drivers/STM32F1xx_HAL_Driver/Src/stm32f1xx_hal_rcc.c.obj
 .debug_frame   0x0000138c      0x5d4 CMakeFiles/stm32F103C8T6_tuner.elf.dir/Drivers/STM32F1xx_HAL_Driver/Src/stm32f1xx_hal_uart.c.obj
 .debug_frame   0x00001960       0x74 /Applications/ArmGNUToolchain/13.2.Rel1/arm-none-eabi/bin/../lib/gcc/arm-none-eabi/13.2.1/../../../../arm-none-eabi/lib/thumb/v7-m/nofp/libg.a(libc_a-printf.o)