../Core/Src/main.c:82:6:HAL_UART_RxCpltCallback	16	static
../Core/Src/main.c:96:5:main	64	static
../Core/Src/main.c:172:6:SystemClock_Config	88	static
../Core/Src/main.c:215:13:MX_I2C1_Init	8	static
../Core/Src/main.c:249:13:MX_I2C2_Init	8	static
../Core/Src/main.c:283:13:MX_I2C3_Init	8	static
../Core/Src/main.c:317:13:MX_RTC_Init	8	static
../Core/Src/main.c:352:13:MX_TIM1_Init	32	static
../Core/Src/main.c:398:13:MX_USART1_UART_Init	8	static
../Core/Src/main.c:431:13:MX_GPIO_Init	40	static
../Core/Src/main.c:486:6:Error_Handler	4	static,ignoring_inline_asm
